Archive member included to satisfy reference by file (symbol)

c:/st/stm32cubeide_1.12.0/stm32cubeide/plugins/com.st.stm32cube.ide.mcu.externaltools.gnu-tools-for-stm32.10.3-2021.10.win32_1.0.200.202301161003/tools/bin/../lib/gcc/arm-none-eabi/10.3.1/../../../../arm-none-eabi/lib/thumb/v7-m/nofp\libc_nano.a(lib_a-errno.o)
                              ./Core/Src/syscalls.o (__errno)
c:/st/stm32cubeide_1.12.0/stm32cubeide/plugins/com.st.stm32cube.ide.mcu.externaltools.gnu-tools-for-stm32.10.3-2021.10.win32_1.0.200.202301161003/tools/bin/../lib/gcc/arm-none-eabi/10.3.1/../../../../arm-none-eabi/lib/thumb/v7-m/nofp\libc_nano.a(lib_a-exit.o)
                              c:/st/stm32cubeide_1.12.0/stm32cubeide/plugins/com.st.stm32cube.ide.mcu.externaltools.gnu-tools-for-stm32.10.3-2021.10.win32_1.0.200.202301161003/tools/bin/../lib/gcc/arm-none-eabi/10.3.1/../../../../arm-none-eabi/lib/thumb/v7-m/nofp/crt0.o (exit)
c:/st/stm32cubeide_1.12.0/stm32cubeide/plugins/com.st.stm32cube.ide.mcu.externaltools.gnu-tools-for-stm32.10.3-2021.10.win32_1.0.200.202301161003/tools/bin/../lib/gcc/arm-none-eabi/10.3.1/../../../../arm-none-eabi/lib/thumb/v7-m/nofp\libc_nano.a(lib_a-findfp.o)
                              ./Middlewares/Third_Party/FreeRTOS/Source/tasks.o (__sf_fake_stderr)
c:/st/stm32cubeide_1.12.0/stm32cubeide/plugins/com.st.stm32cube.ide.mcu.externaltools.gnu-tools-for-stm32.10.3-2021.10.win32_1.0.200.202301161003/tools/bin/../lib/gcc/arm-none-eabi/10.3.1/../../../../arm-none-eabi/lib/thumb/v7-m/nofp\libc_nano.a(lib_a-fwalk.o)
                              c:/st/stm32cubeide_1.12.0/stm32cubeide/plugins/com.st.stm32cube.ide.mcu.externaltools.gnu-tools-for-stm32.10.3-2021.10.win32_1.0.200.202301161003/tools/bin/../lib/gcc/arm-none-eabi/10.3.1/../../../../arm-none-eabi/lib/thumb/v7-m/nofp\libc_nano.a(lib_a-findfp.o) (_fwalk)
c:/st/stm32cubeide_1.12.0/stm32cubeide/plugins/com.st.stm32cube.ide.mcu.externaltools.gnu-tools-for-stm32.10.3-2021.10.win32_1.0.200.202301161003/tools/bin/../lib/gcc/arm-none-eabi/10.3.1/../../../../arm-none-eabi/lib/thumb/v7-m/nofp\libc_nano.a(lib_a-impure.o)
                              c:/st/stm32cubeide_1.12.0/stm32cubeide/plugins/com.st.stm32cube.ide.mcu.externaltools.gnu-tools-for-stm32.10.3-2021.10.win32_1.0.200.202301161003/tools/bin/../lib/gcc/arm-none-eabi/10.3.1/../../../../arm-none-eabi/lib/thumb/v7-m/nofp\libc_nano.a(lib_a-exit.o) (_global_impure_ptr)
c:/st/stm32cubeide_1.12.0/stm32cubeide/plugins/com.st.stm32cube.ide.mcu.externaltools.gnu-tools-for-stm32.10.3-2021.10.win32_1.0.200.202301161003/tools/bin/../lib/gcc/arm-none-eabi/10.3.1/../../../../arm-none-eabi/lib/thumb/v7-m/nofp\libc_nano.a(lib_a-init.o)
                              c:/st/stm32cubeide_1.12.0/stm32cubeide/plugins/com.st.stm32cube.ide.mcu.externaltools.gnu-tools-for-stm32.10.3-2021.10.win32_1.0.200.202301161003/tools/bin/../lib/gcc/arm-none-eabi/10.3.1/../../../../arm-none-eabi/lib/thumb/v7-m/nofp/crt0.o (__libc_init_array)
c:/st/stm32cubeide_1.12.0/stm32cubeide/plugins/com.st.stm32cube.ide.mcu.externaltools.gnu-tools-for-stm32.10.3-2021.10.win32_1.0.200.202301161003/tools/bin/../lib/gcc/arm-none-eabi/10.3.1/../../../../arm-none-eabi/lib/thumb/v7-m/nofp\libc_nano.a(lib_a-lock.o)
                              c:/st/stm32cubeide_1.12.0/stm32cubeide/plugins/com.st.stm32cube.ide.mcu.externaltools.gnu-tools-for-stm32.10.3-2021.10.win32_1.0.200.202301161003/tools/bin/../lib/gcc/arm-none-eabi/10.3.1/../../../../arm-none-eabi/lib/thumb/v7-m/nofp\libc_nano.a(lib_a-findfp.o) (__retarget_lock_init_recursive)
c:/st/stm32cubeide_1.12.0/stm32cubeide/plugins/com.st.stm32cube.ide.mcu.externaltools.gnu-tools-for-stm32.10.3-2021.10.win32_1.0.200.202301161003/tools/bin/../lib/gcc/arm-none-eabi/10.3.1/../../../../arm-none-eabi/lib/thumb/v7-m/nofp\libc_nano.a(lib_a-memcpy-stub.o)
                              ./Middlewares/Third_Party/FreeRTOS/Source/queue.o (memcpy)
c:/st/stm32cubeide_1.12.0/stm32cubeide/plugins/com.st.stm32cube.ide.mcu.externaltools.gnu-tools-for-stm32.10.3-2021.10.win32_1.0.200.202301161003/tools/bin/../lib/gcc/arm-none-eabi/10.3.1/../../../../arm-none-eabi/lib/thumb/v7-m/nofp\libc_nano.a(lib_a-memset.o)
                              c:/st/stm32cubeide_1.12.0/stm32cubeide/plugins/com.st.stm32cube.ide.mcu.externaltools.gnu-tools-for-stm32.10.3-2021.10.win32_1.0.200.202301161003/tools/bin/../lib/gcc/arm-none-eabi/10.3.1/../../../../arm-none-eabi/lib/thumb/v7-m/nofp/crt0.o (memset)
c:/st/stm32cubeide_1.12.0/stm32cubeide/plugins/com.st.stm32cube.ide.mcu.externaltools.gnu-tools-for-stm32.10.3-2021.10.win32_1.0.200.202301161003/tools/bin/../lib/gcc/arm-none-eabi/10.3.1/../../../../arm-none-eabi/lib/thumb/v7-m/nofp\libc_nano.a(lib_a-nano-mallocr.o)
[...]
Memory Configuration

Name             Origin             Length             Attributes
RAM              0x0000000020000000 0x0000000000005000 xrw
FLASH            0x0000000008000000 0x0000000000010000 xr
*default*        0x0000000000000000 0xffffffffffffffff

Linker script and memory map

LOAD c:/st/stm32cubeide_1.12.0/stm32cubeide/plugins/com.st.stm32cube.ide.mcu.externaltools.gnu-tools-for-stm32.10.3-2021.10.win32_1.0.200.202301161003/tools/bin/../lib/gcc/arm-none-eabi/10.3.1/thumb/v7-m/nofp/crti.o
LOAD c:/st/stm32cubeide_1.12.0/stm32cubeide/plugins/com.st.stm32cube.ide.mcu.externaltools.gnu-tools-for-stm32.10.3-2021.10.win32_1.0.200.202301161003/tools/bin/../lib/gcc/arm-none-eabi/10.3.1/thumb/v7-m/nofp/crtbegin.o
LOAD c:/st/stm32cubeide_1.12.0/stm32cubeide/plugins/com.st.stm32cube.ide.mcu.externaltools.gnu-tools-for-stm32.10.3-2021.10.win32_1.0.200.202301161003/tools/bin/../lib/gcc/arm-none-eabi/10.3.1/../../../../arm-none-eabi/lib/thumb/v7-m/nofp/crt0.o
LOAD ./Core/Src/BUZZER_program.o
LOAD ./Core/Src/DC_MOT.o
LOAD ./Core/Src/HC05_Bluetooth.o
LOAD ./Core/Src/LCD_program.o
LOAD ./Core/Src/LED_program.o
LOAD ./Core/Src/UltraSonic_program_.o
LOAD ./Core/Src/freertos.o
LOAD ./Core/Src/main.o
LOAD ./Core/Src/stm32f1xx_hal_msp.o
LOAD ./Core/Src/stm32f1xx_hal_timebase_tim.o
LOAD ./Core/Src/stm32f1xx_it.o
LOAD ./Core/Src/syscalls.o
LOAD ./Core/Src/sysmem.o
LOAD ./Core/Src/system_stm32f1xx.o
LOAD ./Core/Startup/startup_stm32f103c8tx.o
LOAD ./Drivers/STM32F1xx_HAL_Driver/Src/stm32f1xx_hal.o
LOAD ./Drivers/STM32F1xx_HAL_Driver/Src/stm32f1xx_hal_cortex.o
LOAD ./Drivers/STM32F1xx_HAL_Driver/Src/stm32f1xx_hal_dma.o
LOAD ./Drivers/STM32F1xx_HAL_Driver/Src/stm32f1xx_hal_exti.o
LOAD ./Drivers/STM32F1xx_HAL_Driver/Src/stm32f1xx_hal_flash.o
LOAD ./Drivers/STM32F1xx_HAL_Driver/Src/stm32f1xx_hal_flash_ex.o
LOAD ./Drivers/STM32F1xx_HAL_Driver/Src/stm32f1xx_hal_gpio.o
LOAD ./Drivers/STM32F1xx_HAL_Driver/Src/stm32f1xx_hal_gpio_ex.o
LOAD ./Drivers/STM32F1xx_HAL_Driver/Src/stm32f1xx_hal_pwr.o
LOAD ./Drivers/STM32F1xx_HAL_Driver/Src/stm32f1xx_hal_rcc.o
LOAD ./Drivers/STM32F1xx_HAL_Driver/Src/stm32f1xx_hal_rcc_ex.o
LOAD ./Drivers/STM32F1xx_HAL_Driver/Src/stm32f1xx_hal_tim.o
LOAD ./Drivers/STM32F1xx_HAL_Driver/Src/stm32f1xx_hal_tim_ex.o
LOAD ./Drivers/STM32F1xx_HAL_Driver/Src/stm32f1xx_hal_uart.o
LOAD ./Middlewares/Third_Party/FreeRTOS/Source/CMSIS_RTOS/cmsis_os.o
LOAD ./Middlewares/Third_Party/FreeRTOS/Source/croutine.o
LOAD ./Middlewares/Third_Party/FreeRTOS/Source/event_groups.o
LOAD ./Middlewares/Third_Party/FreeRTOS/Source/list.o
LOAD ./Middlewares/Third_Party/FreeRTOS/Source/queue.o
LOAD ./Middlewares/Third_Party/FreeRTOS/Source/stream_buffer.o
LOAD ./Middlewares/Third_Party/FreeRTOS/Source/tasks.o
LOAD ./Middlewares/Third_Party/FreeRTOS/Source/timers.o
LOAD ./Middlewares/Third_Party/FreeRTOS/Source/portable/GCC/ARM_CM3/port.o
LOAD ./Middlewares/Third_Party/FreeRTOS/Source/portable/MemMang/heap_4.o
START GROUP
LOAD c:/st/stm32cubeide_1.12.0/stm32cubeide/plugins/com.st.stm32cube.ide.mcu.externaltools.gnu-tools-for-stm32.10.3-2021.10.win32_1.0.200.202301161003/tools/bin/../lib/gcc/arm-none-eabi/10.3.1/../../../../arm-none-eabi/lib/thumb/v7-m/nofp\libc_nano.a
LOAD c:/st/stm32cubeide_1.12.0/stm32cubeide/plugins/com.st.stm32cube.ide.mcu.externaltools.gnu-tools-for-stm32.10.3-2021.10.win32_1.0.200.202301161003/tools/bin/../lib/gcc/arm-none-eabi/10.3.1/../../../../arm-none-eabi/lib/thumb/v7-m/nofp\libm.a
END GROUP
START GROUP
LOAD c:/st/stm32cubeide_1.12.0/stm32cubeide/plugins/com.st.stm32cube.ide.mcu.externaltools.gnu-tools-for-stm32.10.3-2021.10.win32_1.0.200.202301161003/tools/bin/../lib/gcc/arm-none-eabi/10.3.1/thumb/v7-m/nofp\libgcc.a
LOAD c:/st/stm32cubeide_1.12.0/stm32cubeide/plugins/com.st.stm32cube.ide.mcu.externaltools.gnu-tools-for-stm32.10.3-2021.10.win32_1.0.200.202301161003/tools/bin/../lib/gcc/arm-none-eabi/10.3.1/../../../../arm-none-eabi/lib/thumb/v7-m/nofp\libc_nano.a
END GROUP
START GROUP
LOAD c:/st/stm32cubeide_1.12.0/stm32cubeide/plugins/com.st.stm32cube.ide.mcu.externaltools.gnu-tools-for-stm32.10.3-2021.10.win32_1.0.200.202301161003/tools/bin/../lib/gcc/arm-none-eabi/10.3.1/thumb/v7-m/nofp\libgcc.a
LOAD c:/st/stm32cubeide_1.12.0/stm32cubeide/plugins/com.st.stm32cube.ide.mcu.externaltools.gnu-tools-for-stm32.10.3-2021.10.win32_1.0.200.202301161003/tools/bin/../lib/gcc/arm-none-eabi/10.3.1/../../../../arm-none-eabi/lib/thumb/v7-m/nofp\libc_nano.a
LOAD c:/st/stm32cubeide_1.12.0/stm32cubeide/plugins/com.st.stm32cube.ide.mcu.externaltools.gnu-tools-for-stm32.10.3-2021.10.win32_1.0.200.202301161003/tools/bin/../lib/gcc/arm-none-eabi/10.3.1/../../../../arm-none-eabi/lib/thumb/v7-m/nofp\libnosys.a
END GROUP
START GROUP
LOAD c:/st/stm32cubeide_1.12.0/stm32cubeide/plugins/com.st.stm32cube.ide.mcu.externaltools.gnu-tools-for-stm32.10.3-2021.10.win32_1.0.200.202301161003/tools/bin/../lib/gcc/arm-none-eabi/10.3.1/thumb/v7-m/nofp\libgcc.a
LOAD c:/st/stm32cubeide_1.12.0/stm32cubeide/plugins/com.st.stm32cube.ide.mcu.externaltools.gnu-tools-for-stm32.10.3-2021.10.win32_1.0.200.202301161003/tools/bin/../lib/gcc/arm-none-eabi/10.3.1/../../../../arm-none-eabi/lib/thumb/v7-m/nofp\libc_nano.a
LOAD c:/st/stm32cubeide_1.12.0/stm32cubeide/plugins/com.st.stm32cube.ide.mcu.externaltools.gnu-tools-for-stm32.10.3-2021.10.win32_1.0.200.202301161003/tools/bin/../lib/gcc/arm-none-eabi/10.3.1/../../../../arm-none-eabi/lib/thumb/v7-m/nofp\libnosys.a
END GROUP
LOAD c:/st/stm32cubeide_1.12.0/stm32cubeide/plugins/com.st.stm32cube.ide.mcu.externaltools.gnu-tools-for-stm32.10.3-2021.10.win32_1.0.200.202301161003/tools/bin/../lib/gcc/arm-none-eabi/10.3.1/thumb/v7-m/nofp/crtend.o
LOAD c:/st/stm32cubeide_1.12.0/stm32cubeide/plugins/com.st.stm32cube.ide.mcu.externaltools.gnu-tools-for-stm32.10.3-2021.10.win32_1.0.200.202301161003/tools/bin/../lib/gcc/arm-none-eabi/10.3.1/thumb/v7-m/nofp/crtn.o
                0x0000000020005000                _estack = (ORIGIN (RAM) + LENGTH (RAM))
                0x0000000000000200                _Min_Heap_Size = 0x200
                0x0000000000000400                _Min_Stack_Size = 0x400

.isr_vector     0x0000000008000000      0x10c
                0x0000000008000000                . = ALIGN (0x4)
 *(.isr_vector)
 .isr_vector    0x0000000008000000      0x10c ./Core/Startup/startup_stm32f103c8tx.o
                0x0000000008000000                g_pfnVectors
                0x000000000800010c                . = ALIGN (0x4)

.text           0x0000000008000110     0x66a0
                0x0000000008000110                . = ALIGN (0x4)
 *(.text)
 .text          0x0000000008000110       0x40 c:/st/stm32cubeide_1.12.0/stm32cubeide/plugins/com.st.stm32cube.ide.mcu.externaltools.gnu-tools-for-stm32.10.3-2021.10.win32_1.0.200.202301161003/tools/bin/../lib/gcc/arm-none-eabi/10.3.1/thumb/v7-m/nofp/crtbegin.o
 .text          0x0000000008000150      0x378 c:/st/stm32cubeide_1.12.0/stm32cubeide/plugins/com.st.stm32cube.ide.mcu.externaltools.gnu-tools-for-stm32.10.3-2021.10.win32_1.0.200.202301161003/tools/bin/../lib/gcc/arm-none-eabi/10.3.1/thumb/v7-m/nofp\libgcc.a(_arm_addsubdf3.o)
                0x0000000008000150                __aeabi_drsub
                0x0000000008000158                __aeabi_dsub
                0x0000000008000158                __subdf3
                0x000000000800015c                __aeabi_dadd
                0x000000000800015c                __adddf3
                0x00000000080003d4                __floatunsidf
                0x00000000080003d4                __aeabi_ui2d
                0x00000000080003f4                __floatsidf
                0x00000000080003f4                __aeabi_i2d
                0x0000000008000418                __aeabi_f2d
                0x0000000008000418                __extendsfdf2
                0x000000000800045c                __floatundidf
                0x000000000800045c                __aeabi_ul2d
                0x000000000800046c                __floatdidf
                0x000000000800046c                __aeabi_l2d
 .text          0x00000000080004c8      0x424 c:/st/stm32cubeide_1.12.0/stm32cubeide/plugins/com.st.stm32cube.ide.mcu.externaltools.gnu-tools-for-stm32.10.3-2021.10.win32_1.0.200.202301161003/tools/bin/../lib/gcc/arm-none-eabi/10.3.1/thumb/v7-m/nofp\libgcc.a(_arm_muldivdf3.o)
                0x00000000080004c8                __aeabi_dmul
                0x00000000080004c8                __muldf3
                0x000000000800071c                __divdf3
                0x000000000800071c                __aeabi_ddiv
 .text          0x00000000080008ec       0xa0 c:/st/stm32cubeide_1.12.0/stm32cubeide/plugins/com.st.stm32cube.ide.mcu.externaltools.gnu-tools-for-stm32.10.3-2021.10.win32_1.0.200.202301161003/tools/bin/../lib/gcc/arm-none-eabi/10.3.1/thumb/v7-m/nofp\libgcc.a(_arm_truncdfsf2.o)
                0x00000000080008ec                __truncdfsf2
                0x00000000080008ec                __aeabi_d2f
 .text          0x000000000800098c       0xec c:/st/stm32cubeide_1.12.0/stm32cubeide/plugins/com.st.stm32cube.ide.mcu.externaltools.gnu-tools-for-stm32.10.3-2021.10.win32_1.0.200.202301161003/tools/bin/../lib/gcc/arm-none-eabi/10.3.1/thumb/v7-m/nofp\libgcc.a(_arm_cmpsf2.o)
                0x000000000800098c                __gesf2
                0x000000000800098c                __gtsf2
                0x0000000008000994                __lesf2
                0x0000000008000994                __ltsf2
                0x000000000800099c                __nesf2
                0x000000000800099c                __eqsf2
                0x000000000800099c                __cmpsf2
                0x00000000080009fc                __aeabi_cfrcmple
                0x0000000008000a04                __aeabi_cfcmpeq
                0x0000000008000a04                __aeabi_cfcmple
                0x0000000008000a14                __aeabi_fcmpeq
                0x0000000008000a28                __aeabi_fcmplt
                0x0000000008000a3c                __aeabi_fcmple
                0x0000000008000a50                __aeabi_fcmpge
                0x0000000008000a64                __aeabi_fcmpgt
 *(.text*)
 .text.DC_Motor_Init
                0x0000000008000a78       0x34 ./Core/Src/DC_MOT.o
                0x0000000008000a78                DC_Motor_Init
 .text.DC_Motor_SetSpeed
                0x0000000008000aac       0x28 ./Core/Src/DC_MOT.o
                0x0000000008000aac                DC_Motor_SetSpeed
 .text.DC_Motor_STOP
                0x0000000008000ad4       0x50 ./Core/Src/DC_MOT.o
                0x0000000008000ad4                DC_Motor_STOP
 .text.H_HC05_Recieve_Polling
                0x0000000008000b24       0x60 ./Core/Src/HC05_Bluetooth.o
                0x0000000008000b24                H_HC05_Recieve_Polling
 .text.HAL_UART_RxCpltCallback
                0x0000000008000b84       0x30 ./Core/Src/HC05_Bluetooth.o
                0x0000000008000b84                HAL_UART_RxCpltCallback
 .text.HAL_TIM_IC_CaptureCallback
                0x0000000008000bb4       0xa8 ./Core/Src/UltraSonic_program_.o
                0x0000000008000bb4                HAL_TIM_IC_CaptureCallback
 .text.ICU_VoidGet_TON
                0x0000000008000c5c       0x38 ./Core/Src/UltraSonic_program_.o
                0x0000000008000c5c                ICU_VoidGet_TON
 .text.UltraSonic_INIT
                0x0000000008000c94       0x1c ./Core/Src/UltraSonic_program_.o
                0x0000000008000c94                UltraSonic_INIT
 .text.UltraSonic_Get_Distance
                0x0000000008000cb0       0xb0 ./Core/Src/UltraSonic_program_.o
                0x0000000008000cb0                UltraSonic_Get_Distance
 .text.vApplicationGetIdleTaskMemory
                0x0000000008000d60       0x30 ./Core/Src/freertos.o
                0x0000000008000d60                vApplicationGetIdleTaskMemory
 .text.main     0x0000000008000d90       0xc8 ./Core/Src/main.o
                0x0000000008000d90                main
 .text.SystemClock_Config
                0x0000000008000e58       0x82 ./Core/Src/main.o
                0x0000000008000e58                SystemClock_Config
 *fill*         0x0000000008000eda        0x2 
 .text.MX_TIM1_Init
                0x0000000008000edc       0xac ./Core/Src/main.o
 .text.MX_TIM3_Init
                0x0000000008000f88       0xb0 ./Core/Src/main.o
 .text.MX_TIM4_Init
                0x0000000008001038       0xec ./Core/Src/main.o
 .text.MX_USART1_UART_Init
                0x0000000008001124       0x54 ./Core/Src/main.o
 .text.MX_USART3_UART_Init
                0x0000000008001178       0x54 ./Core/Src/main.o
 .text.MX_GPIO_Init
                0x00000000080011cc       0xd8 ./Core/Src/main.o
 .text.BLE_Read_Task
                0x00000000080012a4       0x90 ./Core/Src/main.o
                0x00000000080012a4                BLE_Read_Task
 .text.V2V_Task
                0x0000000008001334       0xb4 ./Core/Src/main.o
                0x0000000008001334                V2V_Task
 .text.ACC_Task
                0x00000000080013e8       0xe0 ./Core/Src/main.o
                0x00000000080013e8                ACC_Task
 .text.Action_Task
                0x00000000080014c8      0x110 ./Core/Src/main.o
                0x00000000080014c8                Action_Task
 .text.Display_Task
                0x00000000080015d8       0x12 ./Core/Src/main.o
                0x00000000080015d8                Display_Task
 .text.HAL_TIM_PeriodElapsedCallback
                0x00000000080015ea       0x1e ./Core/Src/main.o
                0x00000000080015ea                HAL_TIM_PeriodElapsedCallback
 .text.Error_Handler
                0x0000000008001608        0xa ./Core/Src/main.o
                0x0000000008001608                Error_Handler
 *fill*         0x0000000008001612        0x2 
 .text.HAL_MspInit
                0x0000000008001614       0x70 ./Core/Src/stm32f1xx_hal_msp.o
                0x0000000008001614                HAL_MspInit
 .text.HAL_TIM_IC_MspInit
                0x0000000008001684       0x90 ./Core/Src/stm32f1xx_hal_msp.o
                0x0000000008001684                HAL_TIM_IC_MspInit
 .text.HAL_TIM_PWM_MspInit
                0x0000000008001714       0x3c ./Core/Src/stm32f1xx_hal_msp.o
                0x0000000008001714                HAL_TIM_PWM_MspInit
 .text.HAL_TIM_Base_MspInit
                0x0000000008001750       0x3c ./Core/Src/stm32f1xx_hal_msp.o
                0x0000000008001750                HAL_TIM_Base_MspInit
 .text.HAL_TIM_MspPostInit
                0x000000000800178c       0xa8 ./Core/Src/stm32f1xx_hal_msp.o
                0x000000000800178c                HAL_TIM_MspPostInit
 .text.HAL_UART_MspInit
                0x0000000008001834      0x120 ./Core/Src/stm32f1xx_hal_msp.o
                0x0000000008001834                HAL_UART_MspInit
 .text.HAL_InitTick
                0x0000000008001954       0xf8 ./Core/Src/stm32f1xx_hal_timebase_tim.o
                0x0000000008001954                HAL_InitTick
 .text.NMI_Handler
                0x0000000008001a4c        0x6 ./Core/Src/stm32f1xx_it.o
                0x0000000008001a4c                NMI_Handler
 .text.HardFault_Handler
                0x0000000008001a52        0x6 ./Core/Src/stm32f1xx_it.o
                0x0000000008001a52                HardFault_Handler
 .text.MemManage_Handler
                0x0000000008001a58        0x6 ./Core/Src/stm32f1xx_it.o
                0x0000000008001a58                MemManage_Handler
 .text.BusFault_Handler
                0x0000000008001a5e        0x6 ./Core/Src/stm32f1xx_it.o
                0x0000000008001a5e                BusFault_Handler
 .text.UsageFault_Handler
                0x0000000008001a64        0x6 ./Core/Src/stm32f1xx_it.o
                0x0000000008001a64                UsageFault_Handler
 .text.DebugMon_Handler
                0x0000000008001a6a        0xc ./Core/Src/stm32f1xx_it.o
                0x0000000008001a6a                DebugMon_Handler
 *fill*         0x0000000008001a76        0x2 
 .text.TIM1_CC_IRQHandler
                0x0000000008001a78       0x14 ./Core/Src/stm32f1xx_it.o
                0x0000000008001a78                TIM1_CC_IRQHandler
 .text.TIM2_IRQHandler
                0x0000000008001a8c       0x14 ./Core/Src/stm32f1xx_it.o
                0x0000000008001a8c                TIM2_IRQHandler
 .text.USART3_IRQHandler
                0x0000000008001aa0       0x14 ./Core/Src/stm32f1xx_it.o
                0x0000000008001aa0                USART3_IRQHandler
 .text.SystemInit
                0x0000000008001ab4        0xc ./Core/Src/system_stm32f1xx.o
                0x0000000008001ab4                SystemInit
 .text.Reset_Handler
                0x0000000008001ac0       0x48 ./Core/Startup/startup_stm32f103c8tx.o
                0x0000000008001ac0                Reset_Handler
 .text.Default_Handler
                0x0000000008001b08        0x2 ./Core/Startup/startup_stm32f103c8tx.o
                0x0000000008001b08                RTC_Alarm_IRQHandler
                0x0000000008001b08                EXTI2_IRQHandler
                0x0000000008001b08                PVD_IRQHandler
                0x0000000008001b08                EXTI3_IRQHandler
                0x0000000008001b08                EXTI0_IRQHandler
                0x0000000008001b08                I2C2_EV_IRQHandler
                0x0000000008001b08                ADC1_2_IRQHandler
                0x0000000008001b08                SPI1_IRQHandler
                0x0000000008001b08                TAMPER_IRQHandler
                0x0000000008001b08                DMA1_Channel4_IRQHandler
                0x0000000008001b08                RTC_IRQHandler
                0x0000000008001b08                DMA1_Channel7_IRQHandler
                0x0000000008001b08                CAN1_RX1_IRQHandler
                0x0000000008001b08                TIM4_IRQHandler
                0x0000000008001b08                I2C1_EV_IRQHandler
                0x0000000008001b08                DMA1_Channel6_IRQHandler
                0x0000000008001b08                TIM3_IRQHandler
                0x0000000008001b08                RCC_IRQHandler
                0x0000000008001b08                TIM1_TRG_COM_IRQHandler
                0x0000000008001b08                DMA1_Channel1_IRQHandler
                0x0000000008001b08                Default_Handler
                0x0000000008001b08                EXTI15_10_IRQHandler
                0x0000000008001b08                EXTI9_5_IRQHandler
                0x0000000008001b08                SPI2_IRQHandler
                0x0000000008001b08                DMA1_Channel5_IRQHandler
                0x0000000008001b08                EXTI4_IRQHandler
                0x0000000008001b08                USB_LP_CAN1_RX0_IRQHandler
                0x0000000008001b08                USB_HP_CAN1_TX_IRQHandler
                0x0000000008001b08                DMA1_Channel3_IRQHandler
                0x0000000008001b08                TIM1_UP_IRQHandler
                0x0000000008001b08                WWDG_IRQHandler
                0x0000000008001b08                TIM1_BRK_IRQHandler
                0x0000000008001b08                EXTI1_IRQHandler
                0x0000000008001b08                USART2_IRQHandler
                0x0000000008001b08                I2C2_ER_IRQHandler
                0x0000000008001b08                DMA1_Channel2_IRQHandler
                0x0000000008001b08                CAN1_SCE_IRQHandler
                0x0000000008001b08                FLASH_IRQHandler
                0x0000000008001b08                USART1_IRQHandler
                0x0000000008001b08                I2C1_ER_IRQHandler
                0x0000000008001b08                USBWakeUp_IRQHandler
 *fill*         0x0000000008001b0a        0x2 
 .text.HAL_Init
                0x0000000008001b0c       0x2c ./Drivers/STM32F1xx_HAL_Driver/Src/stm32f1xx_hal.o
                0x0000000008001b0c                HAL_Init
 .text.HAL_IncTick
                0x0000000008001b38       0x24 ./Drivers/STM32F1xx_HAL_Driver/Src/stm32f1xx_hal.o
                0x0000000008001b38                HAL_IncTick
 .text.HAL_GetTick
                0x0000000008001b5c       0x14 ./Drivers/STM32F1xx_HAL_Driver/Src/stm32f1xx_hal.o
                0x0000000008001b5c                HAL_GetTick
 .text.__NVIC_SetPriorityGrouping
                0x0000000008001b70       0x48 ./Drivers/STM32F1xx_HAL_Driver/Src/stm32f1xx_hal_cortex.o
 .text.__NVIC_GetPriorityGrouping
                0x0000000008001bb8       0x1c ./Drivers/STM32F1xx_HAL_Driver/Src/stm32f1xx_hal_cortex.o
 .text.__NVIC_EnableIRQ
                0x0000000008001bd4       0x38 ./Drivers/STM32F1xx_HAL_Driver/Src/stm32f1xx_hal_cortex.o
 .text.__NVIC_SetPriority
                0x0000000008001c0c       0x54 ./Drivers/STM32F1xx_HAL_Driver/Src/stm32f1xx_hal_cortex.o
 .text.NVIC_EncodePriority
                0x0000000008001c60       0x64 ./Drivers/STM32F1xx_HAL_Driver/Src/stm32f1xx_hal_cortex.o
 .text.HAL_NVIC_SetPriorityGrouping
                0x0000000008001cc4       0x16 ./Drivers/STM32F1xx_HAL_Driver/Src/stm32f1xx_hal_cortex.o
                0x0000000008001cc4                HAL_NVIC_SetPriorityGrouping
 .text.HAL_NVIC_SetPriority
                0x0000000008001cda       0x38 ./Drivers/STM32F1xx_HAL_Driver/Src/stm32f1xx_hal_cortex.o
                0x0000000008001cda                HAL_NVIC_SetPriority
 .text.HAL_NVIC_EnableIRQ
                0x0000000008001d12       0x1c ./Drivers/STM32F1xx_HAL_Driver/Src/stm32f1xx_hal_cortex.o
                0x0000000008001d12                HAL_NVIC_EnableIRQ
 .text.HAL_DMA_Abort
                0x0000000008001d2e       0x76 ./Drivers/STM32F1xx_HAL_Driver/Src/stm32f1xx_hal_dma.o
                0x0000000008001d2e                HAL_DMA_Abort
 .text.HAL_DMA_Abort_IT
                0x0000000008001da4       0xf0 ./Drivers/STM32F1xx_HAL_Driver/Src/stm32f1xx_hal_dma.o
                0x0000000008001da4                HAL_DMA_Abort_IT
 .text.HAL_GPIO_Init
                0x0000000008001e94      0x308 ./Drivers/STM32F1xx_HAL_Driver/Src/stm32f1xx_hal_gpio.o
                0x0000000008001e94                HAL_GPIO_Init
 .text.HAL_GPIO_WritePin
                0x000000000800219c       0x30 ./Drivers/STM32F1xx_HAL_Driver/Src/stm32f1xx_hal_gpio.o
                0x000000000800219c                HAL_GPIO_WritePin
 .text.HAL_RCC_OscConfig
                0x00000000080021cc      0x504 ./Drivers/STM32F1xx_HAL_Driver/Src/stm32f1xx_hal_rcc.o
                0x00000000080021cc                HAL_RCC_OscConfig
 .text.HAL_RCC_ClockConfig
                0x00000000080026d0      0x1d4 ./Drivers/STM32F1xx_HAL_Driver/Src/stm32f1xx_hal_rcc.o
                0x00000000080026d0                HAL_RCC_ClockConfig
 .text.HAL_RCC_GetSysClockFreq
                0x00000000080028a4       0xa8 ./Drivers/STM32F1xx_HAL_Driver/Src/stm32f1xx_hal_rcc.o
                0x00000000080028a4                HAL_RCC_GetSysClockFreq
 .text.HAL_RCC_GetHCLKFreq
                0x000000000800294c       0x14 ./Drivers/STM32F1xx_HAL_Driver/Src/stm32f1xx_hal_rcc.o
                0x000000000800294c                HAL_RCC_GetHCLKFreq
 .text.HAL_RCC_GetPCLK1Freq
                0x0000000008002960       0x28 ./Drivers/STM32F1xx_HAL_Driver/Src/stm32f1xx_hal_rcc.o
                0x0000000008002960                HAL_RCC_GetPCLK1Freq
 .text.HAL_RCC_GetPCLK2Freq
                0x0000000008002988       0x28 ./Drivers/STM32F1xx_HAL_Driver/Src/stm32f1xx_hal_rcc.o
                0x0000000008002988                HAL_RCC_GetPCLK2Freq
 .text.HAL_RCC_GetClockConfig
                0x00000000080029b0       0x60 ./Drivers/STM32F1xx_HAL_Driver/Src/stm32f1xx_hal_rcc.o
                0x00000000080029b0                HAL_RCC_GetClockConfig
 .text.RCC_Delay
                0x0000000008002a10       0x3c ./Drivers/STM32F1xx_HAL_Driver/Src/stm32f1xx_hal_rcc.o
 .text.HAL_TIM_Base_Init
                0x0000000008002a4c       0x9e ./Drivers/STM32F1xx_HAL_Driver/Src/stm32f1xx_hal_tim.o
                0x0000000008002a4c                HAL_TIM_Base_Init
 *fill*         0x0000000008002aea        0x2 
 .text.HAL_TIM_Base_Start_IT
                0x0000000008002aec       0xa4 ./Drivers/STM32F1xx_HAL_Driver/Src/stm32f1xx_hal_tim.o
                0x0000000008002aec                HAL_TIM_Base_Start_IT
 .text.HAL_TIM_PWM_Init
                0x0000000008002b90       0x9e ./Drivers/STM32F1xx_HAL_Driver/Src/stm32f1xx_hal_tim.o
                0x0000000008002b90                HAL_TIM_PWM_Init
 *fill*         0x0000000008002c2e        0x2 
 .text.HAL_TIM_PWM_Start
                0x0000000008002c30      0x144 ./Drivers/STM32F1xx_HAL_Driver/Src/stm32f1xx_hal_tim.o
                0x0000000008002c30                HAL_TIM_PWM_Start
 .text.HAL_TIM_PWM_Stop
                0x0000000008002d74       0xc8 ./Drivers/STM32F1xx_HAL_Driver/Src/stm32f1xx_hal_tim.o
                0x0000000008002d74                HAL_TIM_PWM_Stop
 .text.HAL_TIM_IC_Init
                0x0000000008002e3c       0x9e ./Drivers/STM32F1xx_HAL_Driver/Src/stm32f1xx_hal_tim.o
                0x0000000008002e3c                HAL_TIM_IC_Init
 *fill*         0x0000000008002eda        0x2 
 .text.HAL_TIM_IC_Start_IT
                0x0000000008002edc      0x218 ./Drivers/STM32F1xx_HAL_Driver/Src/stm32f1xx_hal_tim.o
                0x0000000008002edc                HAL_TIM_IC_Start_IT
 .text.HAL_TIM_IRQHandler
                0x00000000080030f4      0x210 ./Drivers/STM32F1xx_HAL_Driver/Src/stm32f1xx_hal_tim.o
                0x00000000080030f4                HAL_TIM_IRQHandler
 .text.HAL_TIM_IC_ConfigChannel
                0x0000000008003304      0x138 ./Drivers/STM32F1xx_HAL_Driver/Src/stm32f1xx_hal_tim.o
                0x0000000008003304                HAL_TIM_IC_ConfigChannel
 .text.HAL_TIM_PWM_ConfigChannel
                0x000000000800343c      0x184 ./Drivers/STM32F1xx_HAL_Driver/Src/stm32f1xx_hal_tim.o
                0x000000000800343c                HAL_TIM_PWM_ConfigChannel
 .text.HAL_TIM_ConfigClockSource
                0x00000000080035c0      0x18e ./Drivers/STM32F1xx_HAL_Driver/Src/stm32f1xx_hal_tim.o
                0x00000000080035c0                HAL_TIM_ConfigClockSource
 .text.HAL_TIM_OC_DelayElapsedCallback
                0x000000000800374e       0x12 ./Drivers/STM32F1xx_HAL_Driver/Src/stm32f1xx_hal_tim.o
                0x000000000800374e                HAL_TIM_OC_DelayElapsedCallback
 .text.HAL_TIM_PWM_PulseFinishedCallback
                0x0000000008003760       0x12 ./Drivers/STM32F1xx_HAL_Driver/Src/stm32f1xx_hal_tim.o
                0x0000000008003760                HAL_TIM_PWM_PulseFinishedCallback
 .text.HAL_TIM_TriggerCallback
                0x0000000008003772       0x12 ./Drivers/STM32F1xx_HAL_Driver/Src/stm32f1xx_hal_tim.o
                0x0000000008003772                HAL_TIM_TriggerCallback
 .text.TIM_Base_SetConfig
                0x0000000008003784       0xc4 ./Drivers/STM32F1xx_HAL_Driver/Src/stm32f1xx_hal_tim.o
                0x0000000008003784                TIM_Base_SetConfig
 .text.TIM_OC1_SetConfig
                0x0000000008003848       0xcc ./Drivers/STM32F1xx_HAL_Driver/Src/stm32f1xx_hal_tim.o
 .text.TIM_OC2_SetConfig
                0x0000000008003914       0xd4 ./Drivers/STM32F1xx_HAL_Driver/Src/stm32f1xx_hal_tim.o
                0x0000000008003914                TIM_OC2_SetConfig
 .text.TIM_OC3_SetConfig
                0x00000000080039e8       0xd4 ./Drivers/STM32F1xx_HAL_Driver/Src/stm32f1xx_hal_tim.o
 .text.TIM_OC4_SetConfig
                0x0000000008003abc       0x9c ./Drivers/STM32F1xx_HAL_Driver/Src/stm32f1xx_hal_tim.o
 .text.TIM_TI1_SetConfig
                0x0000000008003b58       0xb4 ./Drivers/STM32F1xx_HAL_Driver/Src/stm32f1xx_hal_tim.o
                0x0000000008003b58                TIM_TI1_SetConfig
 .text.TIM_TI1_ConfigInputStage
                0x0000000008003c0c       0x5c ./Drivers/STM32F1xx_HAL_Driver/Src/stm32f1xx_hal_tim.o
 .text.TIM_TI2_SetConfig
                0x0000000008003c68       0x78 ./Drivers/STM32F1xx_HAL_Driver/Src/stm32f1xx_hal_tim.o
 .text.TIM_TI2_ConfigInputStage
                0x0000000008003ce0       0x5e ./Drivers/STM32F1xx_HAL_Driver/Src/stm32f1xx_hal_tim.o
 .text.TIM_TI3_SetConfig
                0x0000000008003d3e       0x76 ./Drivers/STM32F1xx_HAL_Driver/Src/stm32f1xx_hal_tim.o
 .text.TIM_TI4_SetConfig
                0x0000000008003db4       0x78 ./Drivers/STM32F1xx_HAL_Driver/Src/stm32f1xx_hal_tim.o
 .text.TIM_ITRx_SetConfig
                0x0000000008003e2c       0x34 ./Drivers/STM32F1xx_HAL_Driver/Src/stm32f1xx_hal_tim.o
 .text.TIM_ETR_SetConfig
                0x0000000008003e60       0x3e ./Drivers/STM32F1xx_HAL_Driver/Src/stm32f1xx_hal_tim.o
                0x0000000008003e60                TIM_ETR_SetConfig
 .text.TIM_CCxChannelCmd
                0x0000000008003e9e       0x48 ./Drivers/STM32F1xx_HAL_Driver/Src/stm32f1xx_hal_tim.o
                0x0000000008003e9e                TIM_CCxChannelCmd
 *fill*         0x0000000008003ee6        0x2 
 .text.HAL_TIMEx_MasterConfigSynchronization
                0x0000000008003ee8       0xbc ./Drivers/STM32F1xx_HAL_Driver/Src/stm32f1xx_hal_tim_ex.o
                0x0000000008003ee8                HAL_TIMEx_MasterConfigSynchronization
 .text.HAL_TIMEx_CommutCallback
                0x0000000008003fa4       0x12 ./Drivers/STM32F1xx_HAL_Driver/Src/stm32f1xx_hal_tim_ex.o
                0x0000000008003fa4                HAL_TIMEx_CommutCallback
 .text.HAL_TIMEx_BreakCallback
                0x0000000008003fb6       0x12 ./Drivers/STM32F1xx_HAL_Driver/Src/stm32f1xx_hal_tim_ex.o
                0x0000000008003fb6                HAL_TIMEx_BreakCallback
 .text.HAL_UART_Init
                0x0000000008003fc8       0xa0 ./Drivers/STM32F1xx_HAL_Driver/Src/stm32f1xx_hal_uart.o
                0x0000000008003fc8                HAL_UART_Init
 .text.HAL_UART_Transmit
                0x0000000008004068      0x106 ./Drivers/STM32F1xx_HAL_Driver/Src/stm32f1xx_hal_uart.o
                0x0000000008004068                HAL_UART_Transmit
 .text.HAL_UART_Receive
                0x000000000800416e      0x124 ./Drivers/STM32F1xx_HAL_Driver/Src/stm32f1xx_hal_uart.o
                0x000000000800416e                HAL_UART_Receive
 .text.HAL_UART_Receive_IT
                0x0000000008004292       0x4a ./Drivers/STM32F1xx_HAL_Driver/Src/stm32f1xx_hal_uart.o
                0x0000000008004292                HAL_UART_Receive_IT
 .text.HAL_UART_IRQHandler
                0x00000000080042dc      0x524 ./Drivers/STM32F1xx_HAL_Driver/Src/stm32f1xx_hal_uart.o
                0x00000000080042dc                HAL_UART_IRQHandler
 .text.HAL_UART_TxCpltCallback
                0x0000000008004800       0x12 ./Drivers/STM32F1xx_HAL_Driver/Src/stm32f1xx_hal_uart.o
                0x0000000008004800                HAL_UART_TxCpltCallback
 .text.HAL_UART_ErrorCallback
                0x0000000008004812       0x12 ./Drivers/STM32F1xx_HAL_Driver/Src/stm32f1xx_hal_uart.o
                0x0000000008004812                HAL_UART_ErrorCallback
 .text.HAL_UARTEx_RxEventCallback
                0x0000000008004824       0x16 ./Drivers/STM32F1xx_HAL_Driver/Src/stm32f1xx_hal_uart.o
                0x0000000008004824                HAL_UARTEx_RxEventCallback
 .text.UART_WaitOnFlagUntilTimeout
                0x000000000800483a       0xdc ./Drivers/STM32F1xx_HAL_Driver/Src/stm32f1xx_hal_uart.o
 .text.UART_Start_Receive_IT
                0x0000000008004916       0x72 ./Drivers/STM32F1xx_HAL_Driver/Src/stm32f1xx_hal_uart.o
                0x0000000008004916                UART_Start_Receive_IT
 .text.UART_EndRxTransfer
                0x0000000008004988       0xc4 ./Drivers/STM32F1xx_HAL_Driver/Src/stm32f1xx_hal_uart.o
 .text.UART_DMAAbortOnError
                0x0000000008004a4c       0x28 ./Drivers/STM32F1xx_HAL_Driver/Src/stm32f1xx_hal_uart.o
 .text.UART_Transmit_IT
                0x0000000008004a74       0x9e ./Drivers/STM32F1xx_HAL_Driver/Src/stm32f1xx_hal_uart.o
 .text.UART_EndTransmit_IT
                0x0000000008004b12       0x30 ./Drivers/STM32F1xx_HAL_Driver/Src/stm32f1xx_hal_uart.o
 .text.UART_Receive_IT
                0x0000000008004b42      0x17c ./Drivers/STM32F1xx_HAL_Driver/Src/stm32f1xx_hal_uart.o
 *fill*         0x0000000008004cbe        0x2 
 .text.UART_SetConfig
                0x0000000008004cc0      0x11c ./Drivers/STM32F1xx_HAL_Driver/Src/stm32f1xx_hal_uart.o
 .text.xEventGroupCreate
                0x0000000008004ddc       0x34 ./Middlewares/Third_Party/FreeRTOS/Source/event_groups.o
                0x0000000008004ddc                xEventGroupCreate
 .text.xEventGroupWaitBits
                0x0000000008004e10      0x19c ./Middlewares/Third_Party/FreeRTOS/Source/event_groups.o
                0x0000000008004e10                xEventGroupWaitBits
 .text.xEventGroupSetBits
                0x0000000008004fac      0x116 ./Middlewares/Third_Party/FreeRTOS/Source/event_groups.o
                0x0000000008004fac                xEventGroupSetBits
 .text.prvTestWaitCondition
                0x00000000080050c2       0x42 ./Middlewares/Third_Party/FreeRTOS/Source/event_groups.o
 .text.vListInitialise
                0x0000000008005104       0x3e ./Middlewares/Third_Party/FreeRTOS/Source/list.o
                0x0000000008005104                vListInitialise
 .text.vListInitialiseItem
                0x0000000008005142       0x18 ./Middlewares/Third_Party/FreeRTOS/Source/list.o
                0x0000000008005142                vListInitialiseItem
 .text.vListInsertEnd
                0x000000000800515a       0x46 ./Middlewares/Third_Party/FreeRTOS/Source/list.o
                0x000000000800515a                vListInsertEnd
 .text.vListInsert
                0x00000000080051a0       0x70 ./Middlewares/Third_Party/FreeRTOS/Source/list.o
                0x00000000080051a0                vListInsert
 .text.uxListRemove
                0x0000000008005210       0x52 ./Middlewares/Third_Party/FreeRTOS/Source/list.o
                0x0000000008005210                uxListRemove
 .text.xTaskCreateStatic
                0x0000000008005262       0xb8 ./Middlewares/Third_Party/FreeRTOS/Source/tasks.o
                0x0000000008005262                xTaskCreateStatic
 .text.xTaskCreate
                0x000000000800531a       0x8a ./Middlewares/Third_Party/FreeRTOS/Source/tasks.o
                0x000000000800531a                xTaskCreate
 .text.prvInitialiseNewTask
                0x00000000080053a4      0x12c ./Middlewares/Third_Party/FreeRTOS/Source/tasks.o
 .text.prvAddNewTaskToReadyList
                0x00000000080054d0       0xd4 ./Middlewares/Third_Party/FreeRTOS/Source/tasks.o
 .text.vTaskDelay
                0x00000000080055a4       0x68 ./Middlewares/Third_Party/FreeRTOS/Source/tasks.o
                0x00000000080055a4                vTaskDelay
 .text.vTaskStartScheduler
                0x000000000800560c       0xd4 ./Middlewares/Third_Party/FreeRTOS/Source/tasks.o
                0x000000000800560c                vTaskStartScheduler
 .text.vTaskSuspendAll
                0x00000000080056e0       0x1c ./Middlewares/Third_Party/FreeRTOS/Source/tasks.o
                0x00000000080056e0                vTaskSuspendAll
 .text.xTaskResumeAll
                0x00000000080056fc      0x138 ./Middlewares/Third_Party/FreeRTOS/Source/tasks.o
                0x00000000080056fc                xTaskResumeAll
 .text.xTaskIncrementTick
                0x0000000008005834      0x17c ./Middlewares/Third_Party/FreeRTOS/Source/tasks.o
                0x0000000008005834                xTaskIncrementTick
 .text.vTaskSwitchContext
                0x00000000080059b0       0xc4 ./Middlewares/Third_Party/FreeRTOS/Source/tasks.o
                0x00000000080059b0                vTaskSwitchContext
 .text.vTaskPlaceOnUnorderedEventList
                0x0000000008005a74       0x78 ./Middlewares/Third_Party/FreeRTOS/Source/tasks.o
                0x0000000008005a74                vTaskPlaceOnUnorderedEventList
 .text.vTaskRemoveFromUnorderedEventList
                0x0000000008005aec       0xc4 ./Middlewares/Third_Party/FreeRTOS/Source/tasks.o
                0x0000000008005aec                vTaskRemoveFromUnorderedEventList
 .text.prvIdleTask
                0x0000000008005bb0       0x30 ./Middlewares/Third_Party/FreeRTOS/Source/tasks.o
 .text.prvInitialiseTaskLists
                0x0000000008005be0       0x80 ./Middlewares/Third_Party/FreeRTOS/Source/tasks.o
 .text.prvCheckTasksWaitingTermination
                0x0000000008005c60       0x5c ./Middlewares/Third_Party/FreeRTOS/Source/tasks.o
 .text.prvDeleteTCB
                0x0000000008005cbc       0x68 ./Middlewares/Third_Party/FreeRTOS/Source/tasks.o
 .text.prvResetNextTaskUnblockTime
                0x0000000008005d24       0x48 ./Middlewares/Third_Party/FreeRTOS/Source/tasks.o
 .text.xTaskGetSchedulerState
                0x0000000008005d6c       0x3c ./Middlewares/Third_Party/FreeRTOS/Source/tasks.o
                0x0000000008005d6c                xTaskGetSchedulerState
 .text.uxTaskResetEventItemValue
                0x0000000008005da8       0x30 ./Middlewares/Third_Party/FreeRTOS/Source/tasks.o
                0x0000000008005da8                uxTaskResetEventItemValue
 .text.prvAddCurrentTaskToDelayedList
                0x0000000008005dd8       0xcc ./Middlewares/Third_Party/FreeRTOS/Source/tasks.o
 .text.pxPortInitialiseStack
                0x0000000008005ea4       0x58 ./Middlewares/Third_Party/FreeRTOS/Source/portable/GCC/ARM_CM3/port.o
                0x0000000008005ea4                pxPortInitialiseStack
 .text.prvTaskExitError
                0x0000000008005efc       0x58 ./Middlewares/Third_Party/FreeRTOS/Source/portable/GCC/ARM_CM3/port.o
 *fill*         0x0000000008005f54        0xc 
 .text.SVC_Handler
                0x0000000008005f60       0x28 ./Middlewares/Third_Party/FreeRTOS/Source/portable/GCC/ARM_CM3/port.o
                0x0000000008005f60                SVC_Handler
 .text.prvPortStartFirstTask
                0x0000000008005f88       0x20 ./Middlewares/Third_Party/FreeRTOS/Source/portable/GCC/ARM_CM3/port.o
 .text.xPortStartScheduler
                0x0000000008005fa8       0xe4 ./Middlewares/Third_Party/FreeRTOS/Source/portable/GCC/ARM_CM3/port.o
                0x0000000008005fa8                xPortStartScheduler
 .text.vPortEnterCritical
                0x000000000800608c       0x60 ./Middlewares/Third_Party/FreeRTOS/Source/portable/GCC/ARM_CM3/port.o
                0x000000000800608c                vPortEnterCritical
 .text.vPortExitCritical
                0x00000000080060ec       0x50 ./Middlewares/Third_Party/FreeRTOS/Source/portable/GCC/ARM_CM3/port.o
                0x00000000080060ec                vPortExitCritical
 *fill*         0x000000000800613c        0x4 
 .text.PendSV_Handler
                0x0000000008006140       0x48 ./Middlewares/Third_Party/FreeRTOS/Source/portable/GCC/ARM_CM3/port.o
                0x0000000008006140                PendSV_Handler
 .text.SysTick_Handler
                0x0000000008006188       0x44 ./Middlewares/Third_Party/FreeRTOS/Source/portable/GCC/ARM_CM3/port.o
                0x0000000008006188                SysTick_Handler
 .text.vPortSetupTimerInterrupt
                0x00000000080061cc       0x44 ./Middlewares/Third_Party/FreeRTOS/Source/portable/GCC/ARM_CM3/port.o
                0x00000000080061cc                vPortSetupTimerInterrupt
 .text.pvPortMalloc
                0x0000000008006210      0x188 ./Middlewares/Third_Party/FreeRTOS/Source/portable/MemMang/heap_4.o
                0x0000000008006210                pvPortMalloc
 .text.vPortFree
                0x0000000008006398       0xb4 ./Middlewares/Third_Party/FreeRTOS/Source/portable/MemMang/heap_4.o
                0x0000000008006398                vPortFree
 .text.prvHeapInit
                0x000000000800644c       0xc4 ./Middlewares/Third_Party/FreeRTOS/Source/portable/MemMang/heap_4.o
 .text.prvInsertBlockIntoFreeList
                0x0000000008006510       0xb0 ./Middlewares/Third_Party/FreeRTOS/Source/portable/MemMang/heap_4.o
 .text.__libc_init_array
                0x00000000080065c0       0x48 c:/st/stm32cubeide_1.12.0/stm32cubeide/plugins/com.st.stm32cube.ide.mcu.externaltools.gnu-tools-for-stm32.10.3-2021.10.win32_1.0.200.202301161003/tools/bin/../lib/gcc/arm-none-eabi/10.3.1/../../../../arm-none-eabi/lib/thumb/v7-m/nofp\libc_nano.a(lib_a-init.o)
                0x00000000080065c0                __libc_init_array
 .text.__retarget_lock_acquire_recursive
                0x0000000008006608        0x2 c:/st/stm32cubeide_1.12.0/stm32cubeide/plugins/com.st.stm32cube.ide.mcu.externaltools.gnu-tools-for-stm32.10.3-2021.10.win32_1.0.200.202301161003/tools/bin/../lib/gcc/arm-none-eabi/10.3.1/../../../../arm-none-eabi/lib/thumb/v7-m/nofp\libc_nano.a(lib_a-lock.o)
                0x0000000008006608                __retarget_lock_acquire_recursive
 .text.__retarget_lock_release_recursive
                0x000000000800660a        0x2 c:/st/stm32cubeide_1.12.0/stm32cubeide/plugins/com.st.stm32cube.ide.mcu.externaltools.gnu-tools-for-stm32.10.3-2021.10.win32_1.0.200.202301161003/tools/bin/../lib/gcc/arm-none-eabi/10.3.1/../../../../arm-none-eabi/lib/thumb/v7-m/nofp\libc_nano.a(lib_a-lock.o)
                0x000000000800660a                __retarget_lock_release_recursive
 .text.memset   0x000000000800660c       0x10 c:/st/stm32cubeide_1.12.0/stm32cubeide/plugins/com.st.stm32cube.ide.mcu.externaltools.gnu-tools-for-stm32.10.3-2021.10.win32_1.0.200.202301161003/tools/bin/../lib/gcc/arm-none-eabi/10.3.1/../../../../arm-none-eabi/lib/thumb/v7-m/nofp\libc_nano.a(lib_a-memset.o)
                0x000000000800660c                memset
 .text.cleanup_glue
                0x000000000800661c       0x1a c:/st/stm32cubeide_1.12.0/stm32cubeide/plugins/com.st.stm32cube.ide.mcu.externaltools.gnu-tools-for-stm32.10.3-2021.10.win32_1.0.200.202301161003/tools/bin/../lib/gcc/arm-none-eabi/10.3.1/../../../../arm-none-eabi/lib/thumb/v7-m/nofp\libc_nano.a(lib_a-reent.o)
                0x000000000800661c                cleanup_glue
 *fill*         0x0000000008006636        0x2 
 .text._reclaim_reent
                0x0000000008006638       0xb8 c:/st/stm32cubeide_1.12.0/stm32cubeide/plugins/com.st.stm32cube.ide.mcu.externaltools.gnu-tools-for-stm32.10.3-2021.10.win32_1.0.200.202301161003/tools/bin/../lib/gcc/arm-none-eabi/10.3.1/../../../../arm-none-eabi/lib/thumb/v7-m/nofp\libc_nano.a(lib_a-reent.o)
                0x0000000008006638                _reclaim_reent
 .text.__malloc_lock
                0x00000000080066f0        0xc c:/st/stm32cubeide_1.12.0/stm32cubeide/plugins/com.st.stm32cube.ide.mcu.externaltools.gnu-tools-for-stm32.10.3-2021.10.win32_1.0.200.202301161003/tools/bin/../lib/gcc/arm-none-eabi/10.3.1/../../../../arm-none-eabi/lib/thumb/v7-m/nofp\libc_nano.a(lib_a-mlock.o)
                0x00000000080066f0                __malloc_lock
 .text.__malloc_unlock
                0x00000000080066fc        0xc c:/st/stm32cubeide_1.12.0/stm32cubeide/plugins/com.st.stm32cube.ide.mcu.externaltools.gnu-tools-for-stm32.10.3-2021.10.win32_1.0.200.202301161003/tools/bin/../lib/gcc/arm-none-eabi/10.3.1/../../../../arm-none-eabi/lib/thumb/v7-m/nofp\libc_nano.a(lib_a-mlock.o)
                0x00000000080066fc                __malloc_unlock
 .text._free_r  0x0000000008006708       0x90 c:/st/stm32cubeide_1.12.0/stm32cubeide/plugins/com.st.stm32cube.ide.mcu.externaltools.gnu-tools-for-stm32.10.3-2021.10.win32_1.0.200.202301161003/tools/bin/../lib/gcc/arm-none-eabi/10.3.1/../../../../arm-none-eabi/lib/thumb/v7-m/nofp\libc_nano.a(lib_a-nano-freer.o)
                0x0000000008006708                _free_r
 *(.glue_7)
 .glue_7        0x0000000008006798        0x0 linker stubs
 *(.glue_7t)
 .glue_7t       0x0000000008006798        0x0 linker stubs
 *(.eh_frame)
 .eh_frame      0x0000000008006798        0x0 c:/st/stm32cubeide_1.12.0/stm32cubeide/plugins/com.st.stm32cube.ide.mcu.externaltools.gnu-tools-for-stm32.10.3-2021.10.win32_1.0.200.202301161003/tools/bin/../lib/gcc/arm-none-eabi/10.3.1/thumb/v7-m/nofp/crtbegin.o
 *(.init)
 .init          0x0000000008006798        0x4 c:/st/stm32cubeide_1.12.0/stm32cubeide/plugins/com.st.stm32cube.ide.mcu.externaltools.gnu-tools-for-stm32.10.3-2021.10.win32_1.0.200.202301161003/tools/bin/../lib/gcc/arm-none-eabi/10.3.1/thumb/v7-m/nofp/crti.o
                0x0000000008006798                _init
 .init          0x000000000800679c        0x8 c:/st/stm32cubeide_1.12.0/stm32cubeide/plugins/com.st.stm32cube.ide.mcu.externaltools.gnu-tools-for-stm32.10.3-2021.10.win32_1.0.200.202301161003/tools/bin/../lib/gcc/arm-none-eabi/10.3.1/thumb/v7-m/nofp/crtn.o
 *(.fini)
 .fini          0x00000000080067a4        0x4 c:/st/stm32cubeide_1.12.0/stm32cubeide/plugins/com.st.stm32cube.ide.mcu.externaltools.gnu-tools-for-stm32.10.3-2021.10.win32_1.0.200.202301161003/tools/bin/../lib/gcc/arm-none-eabi/10.3.1/thumb/v7-m/nofp/crti.o
                0x00000000080067a4                _fini
 .fini          0x00000000080067a8        0x8 c:/st/stm32cubeide_1.12.0/stm32cubeide/plugins/com.st.stm32cube.ide.mcu.externaltools.gnu-tools-for-stm32.10.3-2021.10.win32_1.0.200.202301161003/tools/bin/../lib/gcc/arm-none-eabi/10.3.1/thumb/v7-m/nofp/crtn.o
                0x00000000080067b0                . = ALIGN (0x4)
                0x00000000080067b0                _etext = .

.vfp11_veneer   0x00000000080067b0        0x0
 .vfp11_veneer  0x00000000080067b0        0x0 linker stubs

.v4_bx          0x00000000080067b0        0x0
 .v4_bx         0x00000000080067b0        0x0 linker stubs

.iplt           0x00000000080067b0        0x0
 .iplt          0x00000000080067b0        0x0 c:/st/stm32cubeide_1.12.0/stm32cubeide/plugins/com.st.stm32cube.ide.mcu.externaltools.gnu-tools-for-stm32.10.3-2021.10.win32_1.0.200.202301161003/tools/bin/../lib/gcc/arm-none-eabi/10.3.1/thumb/v7-m/nofp/crtbegin.o

.rodata         0x00000000080067b0       0x94
                0x00000000080067b0                . = ALIGN (0x4)
 *(.rodata)
 .rodata        0x00000000080067b0        0x5 ./Middlewares/Third_Party/FreeRTOS/Source/tasks.o
 *(.rodata*)
 *fill*         0x00000000080067b5        0x3 
 .rodata.AHBPrescTable
                0x00000000080067b8       0x10 ./Core/Src/system_stm32f1xx.o
                0x00000000080067b8                AHBPrescTable
 .rodata.APBPrescTable
                0x00000000080067c8        0x8 ./Core/Src/system_stm32f1xx.o
                0x00000000080067c8                APBPrescTable
 .rodata.aPLLMULFactorTable.1
                0x00000000080067d0       0x10 ./Drivers/STM32F1xx_HAL_Driver/Src/stm32f1xx_hal_rcc.o
 .rodata.aPredivFactorTable.0
                0x00000000080067e0        0x2 ./Drivers/STM32F1xx_HAL_Driver/Src/stm32f1xx_hal_rcc.o
 *fill*         0x00000000080067e2        0x2 
 .rodata.__sf_fake_stderr
                0x00000000080067e4       0x20 c:/st/stm32cubeide_1.12.0/stm32cubeide/plugins/com.st.stm32cube.ide.mcu.externaltools.gnu-tools-for-stm32.10.3-2021.10.win32_1.0.200.202301161003/tools/bin/../lib/gcc/arm-none-eabi/10.3.1/../../../../arm-none-eabi/lib/thumb/v7-m/nofp\libc_nano.a(lib_a-findfp.o)
                0x00000000080067e4                __sf_fake_stderr
 .rodata.__sf_fake_stdin
                0x0000000008006804       0x20 c:/st/stm32cubeide_1.12.0/stm32cubeide/plugins/com.st.stm32cube.ide.mcu.externaltools.gnu-tools-for-stm32.10.3-2021.10.win32_1.0.200.202301161003/tools/bin/../lib/gcc/arm-none-eabi/10.3.1/../../../../arm-none-eabi/lib/thumb/v7-m/nofp\libc_nano.a(lib_a-findfp.o)
                0x0000000008006804                __sf_fake_stdin
 .rodata.__sf_fake_stdout
                0x0000000008006824       0x20 c:/st/stm32cubeide_1.12.0/stm32cubeide/plugins/com.st.stm32cube.ide.mcu.externaltools.gnu-tools-for-stm32.10.3-2021.10.win32_1.0.200.202301161003/tools/bin/../lib/gcc/arm-none-eabi/10.3.1/../../../../arm-none-eabi/lib/thumb/v7-m/nofp\libc_nano.a(lib_a-findfp.o)
                0x0000000008006824                __sf_fake_stdout
                0x0000000008006844                . = ALIGN (0x4)

.rel.dyn        0x0000000008006844        0x0
 .rel.iplt      0x0000000008006844        0x0 c:/st/stm32cubeide_1.12.0/stm32cubeide/plugins/com.st.stm32cube.ide.mcu.externaltools.gnu-tools-for-stm32.10.3-2021.10.win32_1.0.200.202301161003/tools/bin/../lib/gcc/arm-none-eabi/10.3.1/thumb/v7-m/nofp/crtbegin.o

.ARM.extab      0x0000000008006844        0x0
                0x0000000008006844                . = ALIGN (0x4)
 *(.ARM.extab* .gnu.linkonce.armextab.*)
                0x0000000008006844                . = ALIGN (0x4)

.ARM            0x0000000008006844        0x0
                0x0000000008006844                . = ALIGN (0x4)
                0x0000000008006844                __exidx_start = .
 *(.ARM.exidx*)
                0x0000000008006844                __exidx_end = .
                0x0000000008006844                . = ALIGN (0x4)

.preinit_array  0x0000000008006844        0x0
                0x0000000008006844                . = ALIGN (0x4)
                0x0000000008006844                PROVIDE (__preinit_array_start = .)
 *(.preinit_array*)
                0x0000000008006844                PROVIDE (__preinit_array_end = .)
                0x0000000008006844                . = ALIGN (0x4)

.init_array     0x0000000008006844        0x4
                0x0000000008006844                . = ALIGN (0x4)
                0x0000000008006844                PROVIDE (__init_array_start = .)
 *(SORT_BY_NAME(.init_array.*))
 *(.init_array*)
 .init_array    0x0000000008006844        0x4 c:/st/stm32cubeide_1.12.0/stm32cubeide/plugins/com.st.stm32cube.ide.mcu.externaltools.gnu-tools-for-stm32.10.3-2021.10.win32_1.0.200.202301161003/tools/bin/../lib/gcc/arm-none-eabi/10.3.1/thumb/v7-m/nofp/crtbegin.o
                0x0000000008006848                PROVIDE (__init_array_end = .)
                0x0000000008006848                . = ALIGN (0x4)

.fini_array     0x0000000008006848        0x4
                0x0000000008006848                . = ALIGN (0x4)
                [!provide]                        PROVIDE (__fini_array_start = .)
 *(SORT_BY_NAME(.fini_array.*))
 *(.fini_array*)
 .fini_array    0x0000000008006848        0x4 c:/st/stm32cubeide_1.12.0/stm32cubeide/plugins/com.st.stm32cube.ide.mcu.externaltools.gnu-tools-for-stm32.10.3-2021.10.win32_1.0.200.202301161003/tools/bin/../lib/gcc/arm-none-eabi/10.3.1/thumb/v7-m/nofp/crtbegin.o
                [!provide]                        PROVIDE (__fini_array_end = .)
                0x000000000800684c                . = ALIGN (0x4)
                0x000000000800684c                _sidata = LOADADDR (.data)

.data           0x0000000020000000       0x78 load address 0x000000000800684c
                0x0000000020000000                . = ALIGN (0x4)
                0x0000000020000000                _sdata = .
 *(.data)
 *(.data*)
 .data.u8FlagLess10
                0x0000000020000000        0x1 ./Core/Src/main.o
                0x0000000020000000                u8FlagLess10
 .data.u8FlagLess5
                0x0000000020000001        0x1 ./Core/Src/main.o
                0x0000000020000001                u8FlagLess5
 *fill*         0x0000000020000002        0x2 
 .data.SystemCoreClock
                0x0000000020000004        0x4 ./Core/Src/system_stm32f1xx.o
                0x0000000020000004                SystemCoreClock
 .data.uwTickPrio
                0x0000000020000008        0x4 ./Drivers/STM32F1xx_HAL_Driver/Src/stm32f1xx_hal.o
                0x0000000020000008                uwTickPrio
 .data.uwTickFreq
                0x000000002000000c        0x1 ./Drivers/STM32F1xx_HAL_Driver/Src/stm32f1xx_hal.o
                0x000000002000000c                uwTickFreq
 *fill*         0x000000002000000d        0x3 
 .data.uxCriticalNesting
                0x0000000020000010        0x4 ./Middlewares/Third_Party/FreeRTOS/Source/portable/GCC/ARM_CM3/port.o
 .data._impure_ptr
                0x0000000020000014        0x4 c:/st/stm32cubeide_1.12.0/stm32cubeide/plugins/com.st.stm32cube.ide.mcu.externaltools.gnu-tools-for-stm32.10.3-2021.10.win32_1.0.200.202301161003/tools/bin/../lib/gcc/arm-none-eabi/10.3.1/../../../../arm-none-eabi/lib/thumb/v7-m/nofp\libc_nano.a(lib_a-impure.o)
                0x0000000020000014                _impure_ptr
 .data.impure_data
                0x0000000020000018       0x60 c:/st/stm32cubeide_1.12.0/stm32cubeide/plugins/com.st.stm32cube.ide.mcu.externaltools.gnu-tools-for-stm32.10.3-2021.10.win32_1.0.200.202301161003/tools/bin/../lib/gcc/arm-none-eabi/10.3.1/../../../../arm-none-eabi/lib/thumb/v7-m/nofp\libc_nano.a(lib_a-impure.o)
 *(.RamFunc)
 *(.RamFunc*)
                0x0000000020000078                . = ALIGN (0x4)
                0x0000000020000078                _edata = .

.igot.plt       0x0000000020000078        0x0 load address 0x00000000080068c4
 .igot.plt      0x0000000020000078        0x0 c:/st/stm32cubeide_1.12.0/stm32cubeide/plugins/com.st.stm32cube.ide.mcu.externaltools.gnu-tools-for-stm32.10.3-2021.10.win32_1.0.200.202301161003/tools/bin/../lib/gcc/arm-none-eabi/10.3.1/thumb/v7-m/nofp/crtbegin.o
                0x0000000020000078                . = ALIGN (0x4)

.bss            0x0000000020000078     0x120c load address 0x00000000080068c4
                0x0000000020000078                _sbss = .
                0x0000000020000078                __bss_start__ = _sbss
 *(.bss)
 .bss           0x0000000020000078       0x1c c:/st/stm32cubeide_1.12.0/stm32cubeide/plugins/com.st.stm32cube.ide.mcu.externaltools.gnu-tools-for-stm32.10.3-2021.10.win32_1.0.200.202301161003/tools/bin/../lib/gcc/arm-none-eabi/10.3.1/thumb/v7-m/nofp/crtbegin.o
 *(.bss*)
 .bss.RxData    0x0000000020000094       0x14 ./Core/Src/HC05_Bluetooth.o
                0x0000000020000094                RxData
 .bss.TIMEON    0x00000000200000a8        0x2 ./Core/Src/UltraSonic_program_.o
                0x00000000200000a8                TIMEON
 .bss.State     0x00000000200000aa        0x1 ./Core/Src/UltraSonic_program_.o
                0x00000000200000aa                State
 *fill*         0x00000000200000ab        0x1 
 .bss.xIdleTaskTCBBuffer
                0x00000000200000ac       0xb4 ./Core/Src/freertos.o
 .bss.xIdleStack
                0x0000000020000160      0x200 ./Core/Src/freertos.o
 .bss.htim1     0x0000000020000360       0x48 ./Core/Src/main.o
                0x0000000020000360                htim1
 .bss.htim3     0x00000000200003a8       0x48 ./Core/Src/main.o
                0x00000000200003a8                htim3
 .bss.htim4     0x00000000200003f0       0x48 ./Core/Src/main.o
                0x00000000200003f0                htim4
 .bss.huart1    0x0000000020000438       0x48 ./Core/Src/main.o
                0x0000000020000438                huart1
 .bss.huart3    0x0000000020000480       0x48 ./Core/Src/main.o
                0x0000000020000480                huart3
 .bss.EG_Action
                0x00000000200004c8        0x4 ./Core/Src/main.o
                0x00000000200004c8                EG_Action
 .bss.EG_Value  0x00000000200004cc        0x4 ./Core/Src/main.o
                0x00000000200004cc                EG_Value
 .bss.EG_V2V    0x00000000200004d0        0x4 ./Core/Src/main.o
                0x00000000200004d0                EG_V2V
 .bss.EG_V2VValue
                0x00000000200004d4        0x4 ./Core/Src/main.o
                0x00000000200004d4                EG_V2VValue
 .bss.Duty      0x00000000200004d8        0x1 ./Core/Src/main.o
                0x00000000200004d8                Duty
 .bss.Engine_State
                0x00000000200004d9        0x1 ./Core/Src/main.o
                0x00000000200004d9                Engine_State
 *fill*         0x00000000200004da        0x2 
 .bss.Distance  0x00000000200004dc        0x4 ./Core/Src/main.o
                0x00000000200004dc                Distance
 .bss.Counter   0x00000000200004e0        0x1 ./Core/Src/main.o
                0x00000000200004e0                Counter
 *fill*         0x00000000200004e1        0x3 
 .bss.htim2     0x00000000200004e4       0x48 ./Core/Src/stm32f1xx_hal_timebase_tim.o
                0x00000000200004e4                htim2
 .bss.uwTick    0x000000002000052c        0x4 ./Drivers/STM32F1xx_HAL_Driver/Src/stm32f1xx_hal.o
                0x000000002000052c                uwTick
 .bss.pxCurrentTCB
                0x0000000020000530        0x4 ./Middlewares/Third_Party/FreeRTOS/Source/tasks.o
                0x0000000020000530                pxCurrentTCB
 .bss.pxReadyTasksLists
                0x0000000020000534       0x8c ./Middlewares/Third_Party/FreeRTOS/Source/tasks.o
 .bss.xDelayedTaskList1
                0x00000000200005c0       0x14 ./Middlewares/Third_Party/FreeRTOS/Source/tasks.o
 .bss.xDelayedTaskList2
                0x00000000200005d4       0x14 ./Middlewares/Third_Party/FreeRTOS/Source/tasks.o
 .bss.pxDelayedTaskList
                0x00000000200005e8        0x4 ./Middlewares/Third_Party/FreeRTOS/Source/tasks.o
 .bss.pxOverflowDelayedTaskList
                0x00000000200005ec        0x4 ./Middlewares/Third_Party/FreeRTOS/Source/tasks.o
 .bss.xPendingReadyList
                0x00000000200005f0       0x14 ./Middlewares/Third_Party/FreeRTOS/Source/tasks.o
 .bss.xTasksWaitingTermination
                0x0000000020000604       0x14 ./Middlewares/Third_Party/FreeRTOS/Source/tasks.o
 .bss.uxDeletedTasksWaitingCleanUp
                0x0000000020000618        0x4 ./Middlewares/Third_Party/FreeRTOS/Source/tasks.o
 .bss.xSuspendedTaskList
                0x000000002000061c       0x14 ./Middlewares/Third_Party/FreeRTOS/Source/tasks.o
 .bss.uxCurrentNumberOfTasks
                0x0000000020000630        0x4 ./Middlewares/Third_Party/FreeRTOS/Source/tasks.o
 .bss.xTickCount
                0x0000000020000634        0x4 ./Middlewares/Third_Party/FreeRTOS/Source/tasks.o
 .bss.uxTopReadyPriority
                0x0000000020000638        0x4 ./Middlewares/Third_Party/FreeRTOS/Source/tasks.o
 .bss.xSchedulerRunning
                0x000000002000063c        0x4 ./Middlewares/Third_Party/FreeRTOS/Source/tasks.o
 .bss.uxPendedTicks
                0x0000000020000640        0x4 ./Middlewares/Third_Party/FreeRTOS/Source/tasks.o
 .bss.xYieldPending
                0x0000000020000644        0x4 ./Middlewares/Third_Party/FreeRTOS/Source/tasks.o
 .bss.xNumOfOverflows
                0x0000000020000648        0x4 ./Middlewares/Third_Party/FreeRTOS/Source/tasks.o
 .bss.uxTaskNumber
                0x000000002000064c        0x4 ./Middlewares/Third_Party/FreeRTOS/Source/tasks.o
 .bss.xNextTaskUnblockTime
                0x0000000020000650        0x4 ./Middlewares/Third_Party/FreeRTOS/Source/tasks.o
 .bss.xIdleTaskHandle
                0x0000000020000654        0x4 ./Middlewares/Third_Party/FreeRTOS/Source/tasks.o
 .bss.uxSchedulerSuspended
                0x0000000020000658        0x4 ./Middlewares/Third_Party/FreeRTOS/Source/tasks.o
 .bss.ucMaxSysCallPriority
                0x000000002000065c        0x1 ./Middlewares/Third_Party/FreeRTOS/Source/portable/GCC/ARM_CM3/port.o
 *fill*         0x000000002000065d        0x3 
 .bss.ulMaxPRIGROUPValue
                0x0000000020000660        0x4 ./Middlewares/Third_Party/FreeRTOS/Source/portable/GCC/ARM_CM3/port.o
 .bss.ucHeap    0x0000000020000664      0xc00 ./Middlewares/Third_Party/FreeRTOS/Source/portable/MemMang/heap_4.o
 .bss.xStart    0x0000000020001264        0x8 ./Middlewares/Third_Party/FreeRTOS/Source/portable/MemMang/heap_4.o
 .bss.pxEnd     0x000000002000126c        0x4 ./Middlewares/Third_Party/FreeRTOS/Source/portable/MemMang/heap_4.o
 .bss.xFreeBytesRemaining
                0x0000000020001270        0x4 ./Middlewares/Third_Party/FreeRTOS/Source/portable/MemMang/heap_4.o
 .bss.xMinimumEverFreeBytesRemaining
                0x0000000020001274        0x4 ./Middlewares/Third_Party/FreeRTOS/Source/portable/MemMang/heap_4.o
 .bss.xBlockAllocatedBit
                0x0000000020001278        0x4 ./Middlewares/Third_Party/FreeRTOS/Source/portable/MemMang/heap_4.o
 .bss.__lock___malloc_recursive_mutex
                0x000000002000127c        0x1 c:/st/stm32cubeide_1.12.0/stm32cubeide/plugins/com.st.stm32cube.ide.mcu.externaltools.gnu-tools-for-stm32.10.3-2021.10.win32_1.0.200.202301161003/tools/bin/../lib/gcc/arm-none-eabi/10.3.1/../../../../arm-none-eabi/lib/thumb/v7-m/nofp\libc_nano.a(lib_a-lock.o)
                0x000000002000127c                __lock___malloc_recursive_mutex
 *fill*         0x000000002000127d        0x3 
 .bss.__malloc_free_list
                0x0000000020001280        0x4 c:/st/stm32cubeide_1.12.0/stm32cubeide/plugins/com.st.stm32cube.ide.mcu.externaltools.gnu-tools-for-stm32.10.3-2021.10.win32_1.0.200.202301161003/tools/bin/../lib/gcc/arm-none-eabi/10.3.1/../../../../arm-none-eabi/lib/thumb/v7-m/nofp\libc_nano.a(lib_a-nano-mallocr.o)
                0x0000000020001280                __malloc_free_list
 *(COMMON)
                0x0000000020001284                . = ALIGN (0x4)
                0x0000000020001284                _ebss = .
                0x0000000020001284                __bss_end__ = _ebss

._user_heap_stack
                0x0000000020001284      0x604 load address 0x00000000080068c4
                0x0000000020001288                . = ALIGN (0x8)
 *fill*         0x0000000020001284        0x4 
                [!provide]                        PROVIDE (end = .)
                0x0000000020001288                PROVIDE (_end = .)
                0x0000000020001488                . = (. + _Min_Heap_Size)
 *fill*         0x0000000020001288      0x200 
                0x0000000020001888                . = (. + _Min_Stack_Size)
 *fill*         0x0000000020001488      0x400 
                0x0000000020001888                . = ALIGN (0x8)

/DISCARD/
 libc.a(*)
 libm.a(*)
 libgcc.a(*)

.ARM.attributes
                0x0000000000000000       0x29
 *(.ARM.attributes)
 .ARM.attributes
                0x0000000000000000       0x1d c:/st/stm32cubeide_1.12.0/stm32cubeide/plugins/com.st.stm32cube.ide.mcu.externaltools.gnu-tools-for-stm32.10.3-2021.10.win32_1.0.200.202301161003/tools/bin/../lib/gcc/arm-none-eabi/10.3.1/thumb/v7-m/nofp/crti.o
 .ARM.attributes
                0x000000000000001d       0x2d c:/st/stm32cubeide_1.12.0/stm32cubeide/plugins/com.st.stm32cube.ide.mcu.externaltools.gnu-tools-for-stm32.10.3-2021.10.win32_1.0.200.202301161003/tools/bin/../lib/gcc/arm-none-eabi/10.3.1/thumb/v7-m/nofp/crtbegin.o
 .ARM.attributes
                0x000000000000004a       0x2d ./Core/Src/DC_MOT.o
 .ARM.attributes
                0x0000000000000077       0x2d ./Core/Src/HC05_Bluetooth.o
 .ARM.attributes
                0x00000000000000a4       0x2d ./Core/Src/UltraSonic_program_.o
 .ARM.attributes
                0x00000000000000d1       0x2d ./Core/Src/freertos.o
 .ARM.attributes
                0x00000000000000fe       0x2d ./Core/Src/main.o
 .ARM.attributes
                0x000000000000012b       0x2d ./Core/Src/stm32f1xx_hal_msp.o
 .ARM.attributes
                0x0000000000000158       0x2d ./Core/Src/stm32f1xx_hal_timebase_tim.o
 .ARM.attributes
                0x0000000000000185       0x2d ./Core/Src/stm32f1xx_it.o
 .ARM.attributes
                0x00000000000001b2       0x2d ./Core/Src/system_stm32f1xx.o
 .ARM.attributes
                0x00000000000001df       0x21 ./Core/Startup/startup_stm32f103c8tx.o
 .ARM.attributes
                0x0000000000000200       0x2d ./Drivers/STM32F1xx_HAL_Driver/Src/stm32f1xx_hal.o
 .ARM.attributes
                0x000000000000022d       0x2d ./Drivers/STM32F1xx_HAL_Driver/Src/stm32f1xx_hal_cortex.o
 .ARM.attributes
                0x000000000000025a       0x2d ./Drivers/STM32F1xx_HAL_Driver/Src/stm32f1xx_hal_dma.o
 .ARM.attributes
                0x0000000000000287       0x2d ./Drivers/STM32F1xx_HAL_Driver/Src/stm32f1xx_hal_gpio.o
 .ARM.attributes
                0x00000000000002b4       0x2d ./Drivers/STM32F1xx_HAL_Driver/Src/stm32f1xx_hal_rcc.o
 .ARM.attributes
                0x00000000000002e1       0x2d ./Drivers/STM32F1xx_HAL_Driver/Src/stm32f1xx_hal_tim.o
 .ARM.attributes
                0x000000000000030e       0x2d ./Drivers/STM32F1xx_HAL_Driver/Src/stm32f1xx_hal_tim_ex.o
 .ARM.attributes
                0x000000000000033b       0x2d ./Drivers/STM32F1xx_HAL_Driver/Src/stm32f1xx_hal_uart.o
 .ARM.attributes
                0x0000000000000368       0x2d ./Middlewares/Third_Party/FreeRTOS/Source/event_groups.o
 .ARM.attributes
                0x0000000000000395       0x2d ./Middlewares/Third_Party/FreeRTOS/Source/list.o
 .ARM.attributes
                0x00000000000003c2       0x2d ./Middlewares/Third_Party/FreeRTOS/Source/tasks.o
 .ARM.attributes
                0x00000000000003ef       0x2d ./Middlewares/Third_Party/FreeRTOS/Source/portable/GCC/ARM_CM3/port.o
 .ARM.attributes
                0x000000000000041c       0x2d ./Middlewares/Third_Party/FreeRTOS/Source/portable/MemMang/heap_4.o
 .ARM.attributes
                0x0000000000000449       0x2d c:/st/stm32cubeide_1.12.0/stm32cubeide/plugins/com.st.stm32cube.ide.mcu.externaltools.gnu-tools-for-stm32.10.3-2021.10.win32_1.0.200.202301161003/tools/bin/../lib/gcc/arm-none-eabi/10.3.1/../../../../arm-none-eabi/lib/thumb/v7-m/nofp\libc_nano.a(lib_a-findfp.o)
 .ARM.attributes
                0x0000000000000476       0x2d c:/st/stm32cubeide_1.12.0/stm32cubeide/plugins/com.st.stm32cube.ide.mcu.externaltools.gnu-tools-for-stm32.10.3-2021.10.win32_1.0.200.202301161003/tools/bin/../lib/gcc/arm-none-eabi/10.3.1/../../../../arm-none-eabi/lib/thumb/v7-m/nofp\libc_nano.a(lib_a-impure.o)
 .ARM.attributes
                0x00000000000004a3       0x2d c:/st/stm32cubeide_1.12.0/stm32cubeide/plugins/com.st.stm32cube.ide.mcu.externaltools.gnu-tools-for-stm32.10.3-2021.10.win32_1.0.200.202301161003/tools/bin/../lib/gcc/arm-none-eabi/10.3.1/../../../../arm-none-eabi/lib/thumb/v7-m/nofp\libc_nano.a(lib_a-init.o)
 .ARM.attributes
                0x00000000000004d0       0x2d c:/st/stm32cubeide_1.12.0/stm32cubeide/plugins/com.st.stm32cube.ide.mcu.externaltools.gnu-tools-for-stm32.10.3-2021.10.win32_1.0.200.202301161003/tools/bin/../lib/gcc/arm-none-eabi/10.3.1/../../../../arm-none-eabi/lib/thumb/v7-m/nofp\libc_nano.a(lib_a-lock.o)
 .ARM.attributes
                0x00000000000004fd       0x2d c:/st/stm32cubeide_1.12.0/stm32cubeide/plugins/com.st.stm32cube.ide.mcu.externaltools.gnu-tools-for-stm32.10.3-2021.10.win32_1.0.200.202301161003/tools/bin/../lib/gcc/arm-none-eabi/10.3.1/../../../../arm-none-eabi/lib/thumb/v7-m/nofp\libc_nano.a(lib_a-memset.o)
 .ARM.attributes
                0x000000000000052a       0x2d c:/st/stm32cubeide_1.12.0/stm32cubeide/plugins/com.st.stm32cube.ide.mcu.externaltools.gnu-tools-for-stm32.10.3-2021.10.win32_1.0.200.202301161003/tools/bin/../lib/gcc/arm-none-eabi/10.3.1/../../../../arm-none-eabi/lib/thumb/v7-m/nofp\libc_nano.a(lib_a-nano-mallocr.o)
 .ARM.attributes
                0x0000000000000557       0x2d c:/st/stm32cubeide_1.12.0/stm32cubeide/plugins/com.st.stm32cube.ide.mcu.externaltools.gnu-tools-for-stm32.10.3-2021.10.win32_1.0.200.202301161003/tools/bin/../lib/gcc/arm-none-eabi/10.3.1/../../../../arm-none-eabi/lib/thumb/v7-m/nofp\libc_nano.a(lib_a-reent.o)
 .ARM.attributes
                0x0000000000000584       0x2d c:/st/stm32cubeide_1.12.0/stm32cubeide/plugins/com.st.stm32cube.ide.mcu.externaltools.gnu-tools-for-stm32.10.3-2021.10.win32_1.0.200.202301161003/tools/bin/../lib/gcc/arm-none-eabi/10.3.1/../../../../arm-none-eabi/lib/thumb/v7-m/nofp\libc_nano.a(lib_a-mlock.o)
 .ARM.attributes
                0x00000000000005b1       0x2d c:/st/stm32cubeide_1.12.0/stm32cubeide/plugins/com.st.stm32cube.ide.mcu.externaltools.gnu-tools-for-stm32.10.3-2021.10.win32_1.0.200.202301161003/tools/bin/../lib/gcc/arm-none-eabi/10.3.1/../../../../arm-none-eabi/lib/thumb/v7-m/nofp\libc_nano.a(lib_a-nano-freer.o)
 .ARM.attributes
                0x00000000000005de       0x1d c:/st/stm32cubeide_1.12.0/stm32cubeide/plugins/com.st.stm32cube.ide.mcu.externaltools.gnu-tools-for-stm32.10.3-2021.10.win32_1.0.200.202301161003/tools/bin/../lib/gcc/arm-none-eabi/10.3.1/thumb/v7-m/nofp\libgcc.a(_arm_addsubdf3.o)
 .ARM.attributes
                0x00000000000005fb       0x1d c:/st/stm32cubeide_1.12.0/stm32cubeide/plugins/com.st.stm32cube.ide.mcu.externaltools.gnu-tools-for-stm32.10.3-2021.10.win32_1.0.200.202301161003/tools/bin/../lib/gcc/arm-none-eabi/10.3.1/thumb/v7-m/nofp\libgcc.a(_arm_muldivdf3.o)
 .ARM.attributes
                0x0000000000000618       0x1d c:/st/stm32cubeide_1.12.0/stm32cubeide/plugins/com.st.stm32cube.ide.mcu.externaltools.gnu-tools-for-stm32.10.3-2021.10.win32_1.0.200.202301161003/tools/bin/../lib/gcc/arm-none-eabi/10.3.1/thumb/v7-m/nofp\libgcc.a(_arm_truncdfsf2.o)
 .ARM.attributes
                0x0000000000000635       0x1d c:/st/stm32cubeide_1.12.0/stm32cubeide/plugins/com.st.stm32cube.ide.mcu.externaltools.gnu-tools-for-stm32.10.3-2021.10.win32_1.0.200.202301161003/tools/bin/../lib/gcc/arm-none-eabi/10.3.1/thumb/v7-m/nofp\libgcc.a(_arm_cmpsf2.o)
 .ARM.attributes
                0x0000000000000652       0x1d c:/st/stm32cubeide_1.12.0/stm32cubeide/plugins/com.st.stm32cube.ide.mcu.externaltools.gnu-tools-for-stm32.10.3-2021.10.win32_1.0.200.202301161003/tools/bin/../lib/gcc/arm-none-eabi/10.3.1/thumb/v7-m/nofp/crtn.o
OUTPUT(AdaptiveCruiseControl_RTOS.elf elf32-littlearm)
LOAD linker stubs
LOAD c:/st/stm32cubeide_1.12.0/stm32cubeide/plugins/com.st.stm32cube.ide.mcu.externaltools.gnu-tools-for-stm32.10.3-2021.10.win32_1.0.200.202301161003/tools/bin/../lib/gcc/arm-none-eabi/10.3.1/../../../../arm-none-eabi/lib/thumb/v7-m/nofp\libc.a
LOAD c:/st/stm32cubeide_1.12.0/stm32cubeide/plugins/com.st.stm32cube.ide.mcu.externaltools.gnu-tools-for-stm32.10.3-2021.10.win32_1.0.200.202301161003/tools/bin/../lib/gcc/arm-none-eabi/10.3.1/../../../../arm-none-eabi/lib/thumb/v7-m/nofp\libm.a
LOAD c:/st/stm32cubeide_1.12.0/stm32cubeide/plugins/com.st.stm32cube.ide.mcu.externaltools.gnu-tools-for-stm32.10.3-2021.10.win32_1.0.200.202301161003/tools/bin/../lib/gcc/arm-none-eabi/10.3.1/thumb/v7-m/nofp\libgcc.a

.debug_info     0x0000000000000000    0x133c9
 .debug_info    0x0000000000000000      0x87c ./Core/Src/DC_MOT.o
 .debug_info    0x000000000000087c      0x75d ./Core/Src/HC05_Bluetooth.o
 .debug_info    0x0000000000000fd9      0x9ff ./Core/Src/UltraSonic_program_.o
 .debug_info    0x00000000000019d8      0x9b6 ./Core/Src/freertos.o
 .debug_info    0x000000000000238e     0x14b5 ./Core/Src/main.o
 .debug_info    0x0000000000003843      0xf56 ./Core/Src/stm32f1xx_hal_msp.o
 .debug_info    0x0000000000004799      0x9fd ./Core/Src/stm32f1xx_hal_timebase_tim.o
 .debug_info    0x0000000000005196      0x996 ./Core/Src/stm32f1xx_it.o
 .debug_info    0x0000000000005b2c      0x23d ./Core/Src/system_stm32f1xx.o
 .debug_info    0x0000000000005d69       0x22 ./Core/Startup/startup_stm32f103c8tx.o
 .debug_info    0x0000000000005d8b      0x734 ./Drivers/STM32F1xx_HAL_Driver/Src/stm32f1xx_hal.o
 .debug_info    0x00000000000064bf      0xb20 ./Drivers/STM32F1xx_HAL_Driver/Src/stm32f1xx_hal_cortex.o
 .debug_info    0x0000000000006fdf      0x744 ./Drivers/STM32F1xx_HAL_Driver/Src/stm32f1xx_hal_dma.o
 .debug_info    0x0000000000007723      0x615 ./Drivers/STM32F1xx_HAL_Driver/Src/stm32f1xx_hal_gpio.o
 .debug_info    0x0000000000007d38      0x865 ./Drivers/STM32F1xx_HAL_Driver/Src/stm32f1xx_hal_rcc.o
 .debug_info    0x000000000000859d     0x2bab ./Drivers/STM32F1xx_HAL_Driver/Src/stm32f1xx_hal_tim.o
 .debug_info    0x000000000000b148     0x15c7 ./Drivers/STM32F1xx_HAL_Driver/Src/stm32f1xx_hal_tim_ex.o
 .debug_info    0x000000000000c70f     0x31b2 ./Drivers/STM32F1xx_HAL_Driver/Src/stm32f1xx_hal_uart.o
 .debug_info    0x000000000000f8c1      0xab4 ./Middlewares/Third_Party/FreeRTOS/Source/event_groups.o
 .debug_info    0x0000000000010375      0x2cb ./Middlewares/Third_Party/FreeRTOS/Source/list.o
 .debug_info    0x0000000000010640     0x24ea ./Middlewares/Third_Party/FreeRTOS/Source/tasks.o
 .debug_info    0x0000000000012b2a      0x4b7 ./Middlewares/Third_Party/FreeRTOS/Source/portable/GCC/ARM_CM3/port.o
 .debug_info    0x0000000000012fe1      0x3e8 ./Middlewares/Third_Party/FreeRTOS/Source/portable/MemMang/heap_4.o

.debug_abbrev   0x0000000000000000     0x3040
 .debug_abbrev  0x0000000000000000      0x1e6 ./Core/Src/DC_MOT.o
 .debug_abbrev  0x00000000000001e6      0x1e3 ./Core/Src/HC05_Bluetooth.o
 .debug_abbrev  0x00000000000003c9      0x21a ./Core/Src/UltraSonic_program_.o
 .debug_abbrev  0x00000000000005e3      0x169 ./Core/Src/freertos.o
 .debug_abbrev  0x000000000000074c      0x32f ./Core/Src/main.o
 .debug_abbrev  0x0000000000000a7b      0x242 ./Core/Src/stm32f1xx_hal_msp.o
 .debug_abbrev  0x0000000000000cbd      0x1e6 ./Core/Src/stm32f1xx_hal_timebase_tim.o
 .debug_abbrev  0x0000000000000ea3      0x178 ./Core/Src/stm32f1xx_it.o
 .debug_abbrev  0x000000000000101b      0x13b ./Core/Src/system_stm32f1xx.o
 .debug_abbrev  0x0000000000001156       0x12 ./Core/Startup/startup_stm32f103c8tx.o
 .debug_abbrev  0x0000000000001168      0x1fb ./Drivers/STM32F1xx_HAL_Driver/Src/stm32f1xx_hal.o
 .debug_abbrev  0x0000000000001363      0x2ed ./Drivers/STM32F1xx_HAL_Driver/Src/stm32f1xx_hal_cortex.o
 .debug_abbrev  0x0000000000001650      0x1fe ./Drivers/STM32F1xx_HAL_Driver/Src/stm32f1xx_hal_dma.o
 .debug_abbrev  0x000000000000184e      0x1bb ./Drivers/STM32F1xx_HAL_Driver/Src/stm32f1xx_hal_gpio.o
 .debug_abbrev  0x0000000000001a09      0x2a8 ./Drivers/STM32F1xx_HAL_Driver/Src/stm32f1xx_hal_rcc.o
 .debug_abbrev  0x0000000000001cb1      0x264 ./Drivers/STM32F1xx_HAL_Driver/Src/stm32f1xx_hal_tim.o
 .debug_abbrev  0x0000000000001f15      0x26c ./Drivers/STM32F1xx_HAL_Driver/Src/stm32f1xx_hal_tim_ex.o
 .debug_abbrev  0x0000000000002181      0x2df ./Drivers/STM32F1xx_HAL_Driver/Src/stm32f1xx_hal_uart.o
 .debug_abbrev  0x0000000000002460      0x2d4 ./Middlewares/Third_Party/FreeRTOS/Source/event_groups.o
 .debug_abbrev  0x0000000000002734       0xf2 ./Middlewares/Third_Party/FreeRTOS/Source/list.o
 .debug_abbrev  0x0000000000002826      0x3c4 ./Middlewares/Third_Party/FreeRTOS/Source/tasks.o
 .debug_abbrev  0x0000000000002bea      0x257 ./Middlewares/Third_Party/FreeRTOS/Source/portable/GCC/ARM_CM3/port.o
 .debug_abbrev  0x0000000000002e41      0x1ff ./Middlewares/Third_Party/FreeRTOS/Source/portable/MemMang/heap_4.o

.debug_aranges  0x0000000000000000     0x1068
 .debug_aranges
                0x0000000000000000       0x48 ./Core/Src/DC_MOT.o
 .debug_aranges
                0x0000000000000048       0x40 ./Core/Src/HC05_Bluetooth.o
 .debug_aranges
                0x0000000000000088       0x40 ./Core/Src/UltraSonic_program_.o
 .debug_aranges
                0x00000000000000c8       0x20 ./Core/Src/freertos.o
 .debug_aranges
                0x00000000000000e8       0x90 ./Core/Src/main.o
 .debug_aranges
                0x0000000000000178       0x68 ./Core/Src/stm32f1xx_hal_msp.o
 .debug_aranges
                0x00000000000001e0       0x30 ./Core/Src/stm32f1xx_hal_timebase_tim.o
 .debug_aranges
                0x0000000000000210       0x60 ./Core/Src/stm32f1xx_it.o
 .debug_aranges
                0x0000000000000270       0x28 ./Core/Src/system_stm32f1xx.o
 .debug_aranges
                0x0000000000000298       0x28 ./Core/Startup/startup_stm32f103c8tx.o
 .debug_aranges
                0x00000000000002c0       0xe0 ./Drivers/STM32F1xx_HAL_Driver/Src/stm32f1xx_hal.o
 .debug_aranges
                0x00000000000003a0      0x100 ./Drivers/STM32F1xx_HAL_Driver/Src/stm32f1xx_hal_cortex.o
 .debug_aranges
                0x00000000000004a0       0x80 ./Drivers/STM32F1xx_HAL_Driver/Src/stm32f1xx_hal_dma.o
 .debug_aranges
                0x0000000000000520       0x58 ./Drivers/STM32F1xx_HAL_Driver/Src/stm32f1xx_hal_gpio.o
 .debug_aranges
                0x0000000000000578       0x90 ./Drivers/STM32F1xx_HAL_Driver/Src/stm32f1xx_hal_rcc.o
 .debug_aranges
                0x0000000000000608      0x3d0 ./Drivers/STM32F1xx_HAL_Driver/Src/stm32f1xx_hal_tim.o
 .debug_aranges
                0x00000000000009d8      0x168 ./Drivers/STM32F1xx_HAL_Driver/Src/stm32f1xx_hal_tim_ex.o
 .debug_aranges
                0x0000000000000b40      0x208 ./Drivers/STM32F1xx_HAL_Driver/Src/stm32f1xx_hal_uart.o
 .debug_aranges
                0x0000000000000d48       0x70 ./Middlewares/Third_Party/FreeRTOS/Source/event_groups.o
 .debug_aranges
                0x0000000000000db8       0x40 ./Middlewares/Third_Party/FreeRTOS/Source/list.o
 .debug_aranges
                0x0000000000000df8      0x1a8 ./Middlewares/Third_Party/FreeRTOS/Source/tasks.o
 .debug_aranges
                0x0000000000000fa0       0x78 ./Middlewares/Third_Party/FreeRTOS/Source/portable/GCC/ARM_CM3/port.o
 .debug_aranges
                0x0000000000001018       0x50 ./Middlewares/Third_Party/FreeRTOS/Source/portable/MemMang/heap_4.o

.debug_ranges   0x0000000000000000      0xf30
 .debug_ranges  0x0000000000000000       0x38 ./Core/Src/DC_MOT.o
 .debug_ranges  0x0000000000000038       0x30 ./Core/Src/HC05_Bluetooth.o
 .debug_ranges  0x0000000000000068       0x30 ./Core/Src/UltraSonic_program_.o
 .debug_ranges  0x0000000000000098       0x10 ./Core/Src/freertos.o
 .debug_ranges  0x00000000000000a8       0x80 ./Core/Src/main.o
 .debug_ranges  0x0000000000000128       0x58 ./Core/Src/stm32f1xx_hal_msp.o
 .debug_ranges  0x0000000000000180       0x20 ./Core/Src/stm32f1xx_hal_timebase_tim.o
 .debug_ranges  0x00000000000001a0       0x50 ./Core/Src/stm32f1xx_it.o
 .debug_ranges  0x00000000000001f0       0x18 ./Core/Src/system_stm32f1xx.o
 .debug_ranges  0x0000000000000208       0x20 ./Core/Startup/startup_stm32f103c8tx.o
 .debug_ranges  0x0000000000000228       0xd0 ./Drivers/STM32F1xx_HAL_Driver/Src/stm32f1xx_hal.o
 .debug_ranges  0x00000000000002f8       0xf0 ./Drivers/STM32F1xx_HAL_Driver/Src/stm32f1xx_hal_cortex.o
 .debug_ranges  0x00000000000003e8       0x70 ./Drivers/STM32F1xx_HAL_Driver/Src/stm32f1xx_hal_dma.o
 .debug_ranges  0x0000000000000458       0x48 ./Drivers/STM32F1xx_HAL_Driver/Src/stm32f1xx_hal_gpio.o
 .debug_ranges  0x00000000000004a0       0x80 ./Drivers/STM32F1xx_HAL_Driver/Src/stm32f1xx_hal_rcc.o
 .debug_ranges  0x0000000000000520      0x3c0 ./Drivers/STM32F1xx_HAL_Driver/Src/stm32f1xx_hal_tim.o
 .debug_ranges  0x00000000000008e0      0x158 ./Drivers/STM32F1xx_HAL_Driver/Src/stm32f1xx_hal_tim_ex.o
 .debug_ranges  0x0000000000000a38      0x228 ./Drivers/STM32F1xx_HAL_Driver/Src/stm32f1xx_hal_uart.o
 .debug_ranges  0x0000000000000c60       0x60 ./Middlewares/Third_Party/FreeRTOS/Source/event_groups.o
 .debug_ranges  0x0000000000000cc0       0x30 ./Middlewares/Third_Party/FreeRTOS/Source/list.o
 .debug_ranges  0x0000000000000cf0      0x198 ./Middlewares/Third_Party/FreeRTOS/Source/tasks.o
 .debug_ranges  0x0000000000000e88       0x68 ./Middlewares/Third_Party/FreeRTOS/Source/portable/GCC/ARM_CM3/port.o
 .debug_ranges  0x0000000000000ef0       0x40 ./Middlewares/Third_Party/FreeRTOS/Source/portable/MemMang/heap_4.o

.debug_macro    0x0000000000000000     0x3d6e
 .debug_macro   0x0000000000000000      0x1b2 ./Core/Src/DC_MOT.o
 .debug_macro   0x00000000000001b2       0x28 ./Core/Src/DC_MOT.o
 .debug_macro   0x00000000000001da      0x1b2 ./Core/Src/HC05_Bluetooth.o
 .debug_macro   0x000000000000038c       0x10 ./Core/Src/HC05_Bluetooth.o
 .debug_macro   0x000000000000039c      0x2f7 ./Core/Src/UltraSonic_program_.o
 .debug_macro   0x0000000000000693       0xdc ./Core/Src/UltraSonic_program_.o
 .debug_macro   0x000000000000076f      0x15a ./Core/Src/UltraSonic_program_.o
 .debug_macro   0x00000000000008c9       0xd7 ./Core/Src/UltraSonic_program_.o
 .debug_macro   0x00000000000009a0       0x10 ./Core/Src/UltraSonic_program_.o
 .debug_macro   0x00000000000009b0       0x1f ./Core/Src/UltraSonic_program_.o
 .debug_macro   0x00000000000009cf       0x52 ./Core/Src/UltraSonic_program_.o
 .debug_macro   0x0000000000000a21       0x18 ./Core/Src/UltraSonic_program_.o
 .debug_macro   0x0000000000000a39       0x3c ./Core/Src/UltraSonic_program_.o
 .debug_macro   0x0000000000000a75       0x34 ./Core/Src/UltraSonic_program_.o
 .debug_macro   0x0000000000000aa9       0x16 ./Core/Src/UltraSonic_program_.o
 .debug_macro   0x0000000000000abf       0x43 ./Core/Src/UltraSonic_program_.o
 .debug_macro   0x0000000000000b02       0x34 ./Core/Src/UltraSonic_program_.o
 .debug_macro   0x0000000000000b36       0x10 ./Core/Src/UltraSonic_program_.o
 .debug_macro   0x0000000000000b46       0x58 ./Core/Src/UltraSonic_program_.o
 .debug_macro   0x0000000000000b9e       0x71 ./Core/Src/UltraSonic_program_.o
 .debug_macro   0x0000000000000c0f       0x1c ./Core/Src/UltraSonic_program_.o
 .debug_macro   0x0000000000000c2b      0x12a ./Core/Src/UltraSonic_program_.o
 .debug_macro   0x0000000000000d55       0x10 ./Core/Src/UltraSonic_program_.o
 .debug_macro   0x0000000000000d65       0x35 ./Core/Src/UltraSonic_program_.o
 .debug_macro   0x0000000000000d9a      0x4b1 ./Core/Src/UltraSonic_program_.o
 .debug_macro   0x000000000000124b       0xb5 ./Core/Src/UltraSonic_program_.o
 .debug_macro   0x0000000000001300       0x8c ./Core/Src/UltraSonic_program_.o
 .debug_macro   0x000000000000138c       0x91 ./Core/Src/UltraSonic_program_.o
 .debug_macro   0x000000000000141d       0x8d ./Core/Src/UltraSonic_program_.o
 .debug_macro   0x00000000000014aa       0x7e ./Core/Src/UltraSonic_program_.o
 .debug_macro   0x0000000000001528       0x19 ./Core/Src/UltraSonic_program_.o
 .debug_macro   0x0000000000001541       0xf2 ./Core/Src/UltraSonic_program_.o
 .debug_macro   0x0000000000001633      0x2b2 ./Core/Src/freertos.o
 .debug_macro   0x00000000000018e5       0xdc ./Core/Src/freertos.o
 .debug_macro   0x00000000000019c1      0x36d ./Core/Src/main.o
 .debug_macro   0x0000000000001d2e       0x16 ./Core/Src/main.o
 .debug_macro   0x0000000000001d44       0x2e ./Core/Src/main.o
 .debug_macro   0x0000000000001d72      0x1ad ./Core/Src/stm32f1xx_hal_msp.o
 .debug_macro   0x0000000000001f1f      0x1a3 ./Core/Src/stm32f1xx_hal_timebase_tim.o
 .debug_macro   0x00000000000020c2      0x1b7 ./Core/Src/stm32f1xx_it.o
 .debug_macro   0x0000000000002279      0x1a3 ./Core/Src/system_stm32f1xx.o
 .debug_macro   0x000000000000241c      0x1c7 ./Drivers/STM32F1xx_HAL_Driver/Src/stm32f1xx_hal.o
 .debug_macro   0x00000000000025e3      0x1a3 ./Drivers/STM32F1xx_HAL_Driver/Src/stm32f1xx_hal_cortex.o
 .debug_macro   0x0000000000002786      0x1a3 ./Drivers/STM32F1xx_HAL_Driver/Src/stm32f1xx_hal_dma.o
 .debug_macro   0x0000000000002929      0x20e ./Drivers/STM32F1xx_HAL_Driver/Src/stm32f1xx_hal_gpio.o
 .debug_macro   0x0000000000002b37      0x1b5 ./Drivers/STM32F1xx_HAL_Driver/Src/stm32f1xx_hal_rcc.o
 .debug_macro   0x0000000000002cec      0x1a4 ./Drivers/STM32F1xx_HAL_Driver/Src/stm32f1xx_hal_tim.o
 .debug_macro   0x0000000000002e90      0x1a3 ./Drivers/STM32F1xx_HAL_Driver/Src/stm32f1xx_hal_tim_ex.o
 .debug_macro   0x0000000000003033      0x1a4 ./Drivers/STM32F1xx_HAL_Driver/Src/stm32f1xx_hal_uart.o
 .debug_macro   0x00000000000031d7      0x1f2 ./Middlewares/Third_Party/FreeRTOS/Source/event_groups.o
 .debug_macro   0x00000000000033c9      0x10e ./Middlewares/Third_Party/FreeRTOS/Source/event_groups.o
 .debug_macro   0x00000000000034d7       0x8d ./Middlewares/Third_Party/FreeRTOS/Source/event_groups.o
 .debug_macro   0x0000000000003564      0x199 ./Middlewares/Third_Party/FreeRTOS/Source/list.o
 .debug_macro   0x00000000000036fd      0x292 ./Middlewares/Third_Party/FreeRTOS/Source/tasks.o
 .debug_macro   0x000000000000398f       0x10 ./Middlewares/Third_Party/FreeRTOS/Source/tasks.o
 .debug_macro   0x000000000000399f      0x20f ./Middlewares/Third_Party/FreeRTOS/Source/portable/GCC/ARM_CM3/port.o
 .debug_macro   0x0000000000003bae      0x1c0 ./Middlewares/Third_Party/FreeRTOS/Source/portable/MemMang/heap_4.o

.debug_line     0x0000000000000000    0x135c9
 .debug_line    0x0000000000000000      0x756 ./Core/Src/DC_MOT.o
 .debug_line    0x0000000000000756      0x766 ./Core/Src/HC05_Bluetooth.o
 .debug_line    0x0000000000000ebc      0x9fb ./Core/Src/UltraSonic_program_.o
 .debug_line    0x00000000000018b7      0x8a4 ./Core/Src/freertos.o
 .debug_line    0x000000000000215b      0xd8d ./Core/Src/main.o
 .debug_line    0x0000000000002ee8      0x80b ./Core/Src/stm32f1xx_hal_msp.o
 .debug_line    0x00000000000036f3      0x6f6 ./Core/Src/stm32f1xx_hal_timebase_tim.o
 .debug_line    0x0000000000003de9      0x746 ./Core/Src/stm32f1xx_it.o
 .debug_line    0x000000000000452f      0x6f8 ./Core/Src/system_stm32f1xx.o
 .debug_line    0x0000000000004c27       0x86 ./Core/Startup/startup_stm32f103c8tx.o
 .debug_line    0x0000000000004cad      0x925 ./Drivers/STM32F1xx_HAL_Driver/Src/stm32f1xx_hal.o
 .debug_line    0x00000000000055d2      0xb0d ./Drivers/STM32F1xx_HAL_Driver/Src/stm32f1xx_hal_cortex.o
 .debug_line    0x00000000000060df      0xd7e ./Drivers/STM32F1xx_HAL_Driver/Src/stm32f1xx_hal_dma.o
 .debug_line    0x0000000000006e5d      0x9be ./Drivers/STM32F1xx_HAL_Driver/Src/stm32f1xx_hal_gpio.o
 .debug_line    0x000000000000781b      0xd31 ./Drivers/STM32F1xx_HAL_Driver/Src/stm32f1xx_hal_rcc.o
 .debug_line    0x000000000000854c     0x33b0 ./Drivers/STM32F1xx_HAL_Driver/Src/stm32f1xx_hal_tim.o
 .debug_line    0x000000000000b8fc     0x187b ./Drivers/STM32F1xx_HAL_Driver/Src/stm32f1xx_hal_tim_ex.o
 .debug_line    0x000000000000d177     0x2856 ./Drivers/STM32F1xx_HAL_Driver/Src/stm32f1xx_hal_uart.o
 .debug_line    0x000000000000f9cd      0xaa1 ./Middlewares/Third_Party/FreeRTOS/Source/event_groups.o
 .debug_line    0x000000000001046e      0x711 ./Middlewares/Third_Party/FreeRTOS/Source/list.o
 .debug_line    0x0000000000010b7f     0x18f8 ./Middlewares/Third_Party/FreeRTOS/Source/tasks.o
 .debug_line    0x0000000000012477      0x87f ./Middlewares/Third_Party/FreeRTOS/Source/portable/GCC/ARM_CM3/port.o
 .debug_line    0x0000000000012cf6      0x8d3 ./Middlewares/Third_Party/FreeRTOS/Source/portable/MemMang/heap_4.o

.debug_str      0x0000000000000000    0x91c85
 .debug_str     0x0000000000000000    0x8375c ./Core/Src/DC_MOT.o
                                      0x83b50 (size before relaxing)
 .debug_str     0x000000000008375c      0x359 ./Core/Src/HC05_Bluetooth.o
                                      0x83a32 (size before relaxing)
 .debug_str     0x0000000000083ab5     0x7884 ./Core/Src/UltraSonic_program_.o
                                      0x8b319 (size before relaxing)
 .debug_str     0x000000000008b339      0x467 ./Core/Src/freertos.o
                                      0x88cf9 (size before relaxing)
 .debug_str     0x000000000008b7a0      0x6e6 ./Core/Src/main.o
                                      0x8ba15 (size before relaxing)
 .debug_str     0x000000000008be86      0x150 ./Core/Src/stm32f1xx_hal_msp.o
                                      0x84057 (size before relaxing)
 .debug_str     0x000000000008bfd6       0xf5 ./Core/Src/stm32f1xx_hal_timebase_tim.o
                                      0x83e1b (size before relaxing)
 .debug_str     0x000000000008c0cb       0xee ./Core/Src/stm32f1xx_it.o
                                      0x83c60 (size before relaxing)
 .debug_str     0x000000000008c1b9       0x7e ./Core/Src/system_stm32f1xx.o
                                      0x83553 (size before relaxing)
 .debug_str     0x000000000008c237       0x36 ./Core/Startup/startup_stm32f103c8tx.o
                                         0x8a (size before relaxing)
 .debug_str     0x000000000008c26d      0x340 ./Drivers/STM32F1xx_HAL_Driver/Src/stm32f1xx_hal.o
                                      0x83c86 (size before relaxing)
 .debug_str     0x000000000008c5ad      0x294 ./Drivers/STM32F1xx_HAL_Driver/Src/stm32f1xx_hal_cortex.o
                                      0x83bd2 (size before relaxing)
 .debug_str     0x000000000008c841      0x235 ./Drivers/STM32F1xx_HAL_Driver/Src/stm32f1xx_hal_dma.o
                                      0x838fc (size before relaxing)
 .debug_str     0x000000000008ca76      0x2e1 ./Drivers/STM32F1xx_HAL_Driver/Src/stm32f1xx_hal_gpio.o
                                      0x838d9 (size before relaxing)
 .debug_str     0x000000000008cd57      0x1f3 ./Drivers/STM32F1xx_HAL_Driver/Src/stm32f1xx_hal_rcc.o
                                      0x83982 (size before relaxing)
 .debug_str     0x000000000008cf4a      0xc31 ./Drivers/STM32F1xx_HAL_Driver/Src/stm32f1xx_hal_tim.o
                                      0x84974 (size before relaxing)
 .debug_str     0x000000000008db7b      0x493 ./Drivers/STM32F1xx_HAL_Driver/Src/stm32f1xx_hal_tim_ex.o
                                      0x84190 (size before relaxing)
 .debug_str     0x000000000008e00e      0x5ad ./Drivers/STM32F1xx_HAL_Driver/Src/stm32f1xx_hal_uart.o
                                      0x83ff3 (size before relaxing)
 .debug_str     0x000000000008e5bb     0x1a94 ./Middlewares/Third_Party/FreeRTOS/Source/event_groups.o
                                       0xb7e2 (size before relaxing)
 .debug_str     0x000000000009004f       0xaf ./Middlewares/Third_Party/FreeRTOS/Source/list.o
                                       0xa35c (size before relaxing)
 .debug_str     0x00000000000900fe     0x12d6 ./Middlewares/Third_Party/FreeRTOS/Source/tasks.o
                                       0xca1b (size before relaxing)
 .debug_str     0x00000000000913d4      0x66e ./Middlewares/Third_Party/FreeRTOS/Source/portable/GCC/ARM_CM3/port.o
                                       0x9a91 (size before relaxing)
 .debug_str     0x0000000000091a42      0x243 ./Middlewares/Third_Party/FreeRTOS/Source/portable/MemMang/heap_4.o
                                       0xaaa9 (size before relaxing)

.comment        0x0000000000000000       0x50
 .comment       0x0000000000000000       0x50 ./Core/Src/DC_MOT.o
                                         0x51 (size before relaxing)
 .comment       0x0000000000000050       0x51 ./Core/Src/HC05_Bluetooth.o
 .comment       0x0000000000000050       0x51 ./Core/Src/UltraSonic_program_.o
 .comment       0x0000000000000050       0x51 ./Core/Src/freertos.o
 .comment       0x0000000000000050       0x51 ./Core/Src/main.o
 .comment       0x0000000000000050       0x51 ./Core/Src/stm32f1xx_hal_msp.o
 .comment       0x0000000000000050       0x51 ./Core/Src/stm32f1xx_hal_timebase_tim.o
 .comment       0x0000000000000050       0x51 ./Core/Src/stm32f1xx_it.o
 .comment       0x0000000000000050       0x51 ./Core/Src/system_stm32f1xx.o
 .comment       0x0000000000000050       0x51 ./Drivers/STM32F1xx_HAL_Driver/Src/stm32f1xx_hal.o
 .comment       0x0000000000000050       0x51 ./Drivers/STM32F1xx_HAL_Driver/Src/stm32f1xx_hal_cortex.o
 .comment       0x0000000000000050       0x51 ./Drivers/STM32F1xx_HAL_Driver/Src/stm32f1xx_hal_dma.o
 .comment       0x0000000000000050       0x51 ./Drivers/STM32F1xx_HAL_Driver/Src/stm32f1xx_hal_gpio.o
 .comment       0x0000000000000050       0x51 ./Drivers/STM32F1xx_HAL_Driver/Src/stm32f1xx_hal_rcc.o
 .comment       0x0000000000000050       0x51 ./Drivers/STM32F1xx_HAL_Driver/Src/stm32f1xx_hal_tim.o
 .comment       0x0000000000000050       0x51 ./Drivers/STM32F1xx_HAL_Driver/Src/stm32f1xx_hal_tim_ex.o
 .comment       0x0000000000000050       0x51 ./Drivers/STM32F1xx_HAL_Driver/Src/stm32f1xx_hal_uart.o
 .comment       0x0000000000000050       0x51 ./Middlewares/Third_Party/FreeRTOS/Source/event_groups.o
 .comment       0x0000000000000050       0x51 ./Middlewares/Third_Party/FreeRTOS/Source/list.o
 .comment       0x0000000000000050       0x51 ./Middlewares/Third_Party/FreeRTOS/Source/tasks.o
 .comment       0x0000000000000050       0x51 ./Middlewares/Third_Party/FreeRTOS/Source/portable/GCC/ARM_CM3/port.o
 .comment       0x0000000000000050       0x51 ./Middlewares/Third_Party/FreeRTOS/Source/portable/MemMang/heap_4.o

.debug_frame    0x0000000000000000     0x4778
 .debug_frame   0x0000000000000000       0xd8 ./Core/Src/DC_MOT.o
 .debug_frame   0x00000000000000d8       0xc8 ./Core/Src/HC05_Bluetooth.o
 .debug_frame   0x00000000000001a0       0xc8 ./Core/Src/UltraSonic_program_.o
 .debug_frame   0x0000000000000268       0x38 ./Core/Src/freertos.o
 .debug_frame   0x00000000000002a0      0x1f8 ./Core/Src/main.o
 .debug_frame   0x0000000000000498      0x188 ./Core/Src/stm32f1xx_hal_msp.o
 .debug_frame   0x0000000000000620       0x74 ./Core/Src/stm32f1xx_hal_timebase_tim.o
 .debug_frame   0x0000000000000694       0xfc ./Core/Src/stm32f1xx_it.o
 .debug_frame   0x0000000000000790       0x58 ./Core/Src/system_stm32f1xx.o
 .debug_frame   0x00000000000007e8      0x334 ./Drivers/STM32F1xx_HAL_Driver/Src/stm32f1xx_hal.o
 .debug_frame   0x0000000000000b1c      0x428 ./Drivers/STM32F1xx_HAL_Driver/Src/stm32f1xx_hal_cortex.o
 .debug_frame   0x0000000000000f44      0x208 ./Drivers/STM32F1xx_HAL_Driver/Src/stm32f1xx_hal_dma.o
 .debug_frame   0x000000000000114c      0x14c ./Drivers/STM32F1xx_HAL_Driver/Src/stm32f1xx_hal_gpio.o
 .debug_frame   0x0000000000001298      0x218 ./Drivers/STM32F1xx_HAL_Driver/Src/stm32f1xx_hal_rcc.o
 .debug_frame   0x00000000000014b0     0x11bc ./Drivers/STM32F1xx_HAL_Driver/Src/stm32f1xx_hal_tim.o
 .debug_frame   0x000000000000266c      0x638 ./Drivers/STM32F1xx_HAL_Driver/Src/stm32f1xx_hal_tim_ex.o
 .debug_frame   0x0000000000002ca4      0x944 ./Drivers/STM32F1xx_HAL_Driver/Src/stm32f1xx_hal_uart.o
 .debug_frame   0x00000000000035e8      0x1a4 ./Middlewares/Third_Party/FreeRTOS/Source/event_groups.o
 .debug_frame   0x000000000000378c       0xd8 ./Middlewares/Third_Party/FreeRTOS/Source/list.o
 .debug_frame   0x0000000000003864      0x734 ./Middlewares/Third_Party/FreeRTOS/Source/tasks.o
 .debug_frame   0x0000000000003f98      0x198 ./Middlewares/Third_Party/FreeRTOS/Source/portable/GCC/ARM_CM3/port.o
 .debug_frame   0x0000000000004130      0x108 ./Middlewares/Third_Party/FreeRTOS/Source/portable/MemMang/heap_4.o
 .debug_frame   0x0000000000004238      0x14c c:/st/stm32cubeide_1.12.0/stm32cubeide/plugins/com.st.stm32cube.ide.mcu.externaltools.gnu-tools-for-stm32.10.3-2021.10.win32_1.0.200.202301161003/tools/bin/../lib/gcc/arm-none-eabi/10.3.1/../../../../arm-none-eabi/lib/thumb/v7-m/nofp\libc_nano.a(lib_a-findfp.o)
 .debug_frame   0x0000000000004384       0x2c c:/st/stm32cubeide_1.12.0/stm32cubeide/plugins/com.st.stm32cube.ide.mcu.externaltools.gnu-tools-for-stm32.10.3-2021.10.win32_1.0.200.202301161003/tools/bin/../lib/gcc/arm-none-eabi/10.3.1/../../../../arm-none-eabi/lib/thumb/v7-m/nofp\libc_nano.a(lib_a-init.o)
 .debug_frame   0x00000000000043b0       0xb0 c:/st/stm32cubeide_1.12.0/stm32cubeide/plugins/com.st.stm32cube.ide.mcu.externaltools.gnu-tools-for-stm32.10.3-2021.10.win32_1.0.200.202301161003/tools/bin/../lib/gcc/arm-none-eabi/10.3.1/../../../../arm-none-eabi/lib/thumb/v7-m/nofp\libc_nano.a(lib_a-lock.o)