Archive member included to satisfy reference by file (symbol)

c:/st/stm32cubeide_1.12.0/stm32cubeide/plugins/com.st.stm32cube.ide.mcu.externaltools.gnu-tools-for-stm32.10.3-2021.10.win32_1.0.200.202301161003/tools/bin/../lib/gcc/arm-none-eabi/10.3.1/../../../../arm-none-eabi/lib/thumb/v7-m/nofp\libc_nano.a(lib_a-errno.o)
                              ./Core/Src/syscalls.o (__errno)
c:/st/stm32cubeide_1.12.0/stm32cubeide/plugins/com.st.stm32cube.ide.mcu.externaltools.gnu-tools-for-stm32.10.3-2021.10.win32_1.0.200.202301161003/tools/bin/../lib/gcc/arm-none-eabi/10.3.1/../../../../arm-none-eabi/lib/thumb/v7-m/nofp\libc_nano.a(lib_a-exit.o)
                              c:/st/stm32cubeide_1.12.0/stm32cubeide/plugins/com.st.stm32cube.ide.mcu.externaltools.gnu-tools-for-stm32.10.3-2021.10.win32_1.0.200.202301161003/tools/bin/../lib/gcc/arm-none-eabi/10.3.1/../../../../arm-none-eabi/lib/thumb/v7-m/nofp/crt0.o (exit)
c:/st/stm32cubeide_1.12.0/stm32cubeide/plugins/com.st.stm32cube.ide.mcu.externaltools.gnu-tools-for-stm32.10.3-2021.10.win32_1.0.200.202301161003/tools/bin/../lib/gcc/arm-none-eabi/10.3.1/../../../../arm-none-eabi/lib/thumb/v7-m/nofp\libc_nano.a(lib_a-findfp.o)
                              ./Middlewares/Third_Party/FreeRTOS/Source/tasks.o (__sf_fake_stderr)
c:/st/stm32cubeide_1.12.0/stm32cubeide/plugins/com.st.stm32cube.ide.mcu.externaltools.gnu-tools-for-stm32.10.3-2021.10.win32_1.0.200.202301161003/tools/bin/../lib/gcc/arm-none-eabi/10.3.1/../../../../arm-none-eabi/lib/thumb/v7-m/nofp\libc_nano.a(lib_a-fwalk.o)
                              c:/st/stm32cubeide_1.12.0/stm32cubeide/plugins/com.st.stm32cube.ide.mcu.externaltools.gnu-tools-for-stm32.10.3-2021.10.win32_1.0.200.202301161003/tools/bin/../lib/gcc/arm-none-eabi/10.3.1/../../../../arm-none-eabi/lib/thumb/v7-m/nofp\libc_nano.a(lib_a-findfp.o) (_fwalk)
c:/st/stm32cubeide_1.12.0/stm32cubeide/plugins/com.st.stm32cube.ide.mcu.externaltools.gnu-tools-for-stm32.10.3-2021.10.win32_1.0.200.202301161003/tools/bin/../lib/gcc/arm-none-eabi/10.3.1/../../../../arm-none-eabi/lib/thumb/v7-m/nofp\libc_nano.a(lib_a-impure.o)
                              c:/st/stm32cubeide_1.12.0/stm32cubeide/plugins/com.st.stm32cube.ide.mcu.externaltools.gnu-tools-for-stm32.10.3-2021.10.win32_1.0.200.202301161003/tools/bin/../lib/gcc/arm-none-eabi/10.3.1/../../../../arm-none-eabi/lib/thumb/v7-m/nofp\libc_nano.a(lib_a-exit.o) (_global_impure_ptr)
c:/st/stm32cubeide_1.12.0/stm32cubeide/plugins/com.st.stm32cube.ide.mcu.externaltools.gnu-tools-for-stm32.10.3-2021.10.win32_1.0.200.202301161003/tools/bin/../lib/gcc/arm-none-eabi/10.3.1/../../../../arm-none-eabi/lib/thumb/v7-m/nofp\libc_nano.a(lib_a-init.o)
                              c:/st/stm32cubeide_1.12.0/stm32cubeide/plugins/com.st.stm32cube.ide.mcu.externaltools.gnu-tools-for-stm32.10.3-2021.10.win32_1.0.200.202301161003/tools/bin/../lib/gcc/arm-none-eabi/10.3.1/../../../../arm-none-eabi/lib/thumb/v7-m/nofp/crt0.o (__libc_init_array)
c:/st/stm32cubeide_1.12.0/stm32cubeide/plugins/com.st.stm32cube.ide.mcu.externaltools.gnu-tools-for-stm32.10.3-2021.10.win32_1.0.200.202301161003/tools/bin/../lib/gcc/arm-none-eabi/10.3.1/../../../../arm-none-eabi/lib/thumb/v7-m/nofp\libc_nano.a(lib_a-lock.o)
                              c:/st/stm32cubeide_1.12.0/stm32cubeide/plugins/com.st.stm32cube.ide.mcu.externaltools.gnu-tools-for-stm32.10.3-2021.10.win32_1.0.200.202301161003/tools/bin/../lib/gcc/arm-none-eabi/10.3.1/../../../../arm-none-eabi/lib/thumb/v7-m/nofp\libc_nano.a(lib_a-findfp.o) (__retarget_lock_init_recursive)
c:/st/stm32cubeide_1.12.0/stm32cubeide/plugins/com.st.stm32cube.ide.mcu.externaltools.gnu-tools-for-stm32.10.3-2021.10.win32_1.0.200.202301161003/tools/bin/../lib/gcc/arm-none-eabi/10.3.1/../../../../arm-none-eabi/lib/thumb/v7-m/nofp\libc_nano.a(lib_a-memcpy-stub.o)
                              ./Middlewares/Third_Party/FreeRTOS/Source/queue.o (memcpy)
c:/st/stm32cubeide_1.12.0/stm32cubeide/plugins/com.st.stm32cube.ide.mcu.externaltools.gnu-tools-for-stm32.10.3-2021.10.win32_1.0.200.202301161003/tools/bin/../lib/gcc/arm-none-eabi/10.3.1/../../../../arm-none-eabi/lib/thumb/v7-m/nofp\libc_nano.a(lib_a-memset.o)
                              c:/st/stm32cubeide_1.12.0/stm32cubeide/plugins/com.st.stm32cube.ide.mcu.externaltools.gnu-tools-for-stm32.10.3-2021.10.win32_1.0.200.202301161003/tools/bin/../lib/gcc/arm-none-eabi/10.3.1/../../../../arm-none-eabi/lib/thumb/v7-m/nofp/crt0.o (memset)
c:/st/stm32cubeide_1.12.0/stm32cubeide/plugins/com.st.stm32cube.ide.mcu.externaltools.gnu-tools-for-stm32.10.3-2021.10.win32_1.0.200.202301161003/tools/bin/../lib/gcc/arm-none-eabi/10.3.1/../../../../arm-none-eabi/lib/thumb/v7-m/nofp\libc_nano.a(lib_a-nano-mallocr.o)
[...]
Memory Configuration

Name             Origin             Length             Attributes
RAM              0x0000000020000000 0x0000000000005000 xrw
FLASH            0x0000000008000000 0x0000000000010000 xr
*default*        0x0000000000000000 0xffffffffffffffff

Linker script and memory map

LOAD c:/st/stm32cubeide_1.12.0/stm32cubeide/plugins/com.st.stm32cube.ide.mcu.externaltools.gnu-tools-for-stm32.10.3-2021.10.win32_1.0.200.202301161003/tools/bin/../lib/gcc/arm-none-eabi/10.3.1/thumb/v7-m/nofp/crti.o
LOAD c:/st/stm32cubeide_1.12.0/stm32cubeide/plugins/com.st.stm32cube.ide.mcu.externaltools.gnu-tools-for-stm32.10.3-2021.10.win32_1.0.200.202301161003/tools/bin/../lib/gcc/arm-none-eabi/10.3.1/thumb/v7-m/nofp/crtbegin.o
LOAD c:/st/stm32cubeide_1.12.0/stm32cubeide/plugins/com.st.stm32cube.ide.mcu.externaltools.gnu-tools-for-stm32.10.3-2021.10.win32_1.0.200.202301161003/tools/bin/../lib/gcc/arm-none-eabi/10.3.1/../../../../arm-none-eabi/lib/thumb/v7-m/nofp/crt0.o
LOAD ./Core/Src/BUZZER_program.o
LOAD ./Core/Src/DC_MOT.o
LOAD ./Core/Src/HC05_Bluetooth.o
LOAD ./Core/Src/LCD_program.o
LOAD ./Core/Src/LED_program.o
LOAD ./Core/Src/UltraSonic_program_.o
LOAD ./Core/Src/freertos.o
LOAD ./Core/Src/main.o
LOAD ./Core/Src/stm32f1xx_hal_msp.o
LOAD ./Core/Src/stm32f1xx_hal_timebase_tim.o
LOAD ./Core/Src/stm32f1xx_it.o
LOAD ./Core/Src/syscalls.o
LOAD ./Core/Src/sysmem.o
LOAD ./Core/Src/system_stm32f1xx.o
LOAD ./Core/Startup/startup_stm32f103c8tx.o
LOAD ./Drivers/STM32F1xx_HAL_Driver/Src/stm32f1xx_hal.o
LOAD ./Drivers/STM32F1xx_HAL_Driver/Src/stm32f1xx_hal_cortex.o
LOAD ./Drivers/STM32F1xx_HAL_Driver/Src/stm32f1xx_hal_dma.o
LOAD ./Drivers/STM32F1xx_HAL_Driver/Src/stm32f1xx_hal_exti.o
LOAD ./Drivers/STM32F1xx_HAL_Driver/Src/stm32f1xx_hal_flash.o
LOAD ./Drivers/STM32F1xx_HAL_Driver/Src/stm32f1xx_hal_flash_ex.o
LOAD ./Drivers/STM32F1xx_HAL_Driver/Src/stm32f1xx_hal_gpio.o
LOAD ./Drivers/STM32F1xx_HAL_Driver/Src/stm32f1xx_hal_gpio_ex.o
LOAD ./Drivers/STM32F1xx_HAL_Driver/Src/stm32f1xx_hal_pwr.o
LOAD ./Drivers/STM32F1xx_HAL_Driver/Src/stm32f1xx_hal_rcc.o
LOAD ./Drivers/STM32F1xx_HAL_Driver/Src/stm32f1xx_hal_rcc_ex.o
LOAD ./Drivers/STM32F1xx_HAL_Driver/Src/stm32f1xx_hal_tim.o
LOAD ./Drivers/STM32F1xx_HAL_Driver/Src/stm32f1xx_hal_tim_ex.o
LOAD ./Drivers/STM32F1xx_HAL_Driver/Src/stm32f1xx_hal_uart.o
LOAD ./Middlewares/Third_Party/FreeRTOS/Source/CMSIS_RTOS/cmsis_os.o
LOAD ./Middlewares/Third_Party/FreeRTOS/Source/croutine.o
LOAD ./Middlewares/Third_Party/FreeRTOS/Source/event_groups.o
LOAD ./Middlewares/Third_Party/FreeRTOS/Source/list.o
LOAD ./Middlewares/Third_Party/FreeRTOS/Source/queue.o
LOAD ./Middlewares/Third_Party/FreeRTOS/Source/stream_buffer.o
LOAD ./Middlewares/Third_Party/FreeRTOS/Source/tasks.o
LOAD ./Middlewares/Third_Party/FreeRTOS/Source/timers.o
LOAD ./Middlewares/Third_Party/FreeRTOS/Source/portable/GCC/ARM_CM3/port.o
LOAD ./Middlewares/Third_Party/FreeRTOS/Source/portable/MemMang/heap_4.o
START GROUP
LOAD c:/st/stm32cubeide_1.12.0/stm32cubeide/plugins/com.st.stm32cube.ide.mcu.externaltools.gnu-tools-for-stm32.10.3-2021.10.win32_1.0.200.202301161003/tools/bin/../lib/gcc/arm-none-eabi/10.3.1/../../../../arm-none-eabi/lib/thumb/v7-m/nofp\libc_nano.a
LOAD c:/st/stm32cubeide_1.12.0/stm32cubeide/plugins/com.st.stm32cube.ide.mcu.externaltools.gnu-tools-for-stm32.10.3-2021.10.win32_1.0.200.202301161003/tools/bin/../lib/gcc/arm-none-eabi/10.3.1/../../../../arm-none-eabi/lib/thumb/v7-m/nofp\libm.a
END GROUP
START GROUP
LOAD c:/st/stm32cubeide_1.12.0/stm32cubeide/plugins/com.st.stm32cube.ide.mcu.externaltools.gnu-tools-for-stm32.10.3-2021.10.win32_1.0.200.202301161003/tools/bin/../lib/gcc/arm-none-eabi/10.3.1/thumb/v7-m/nofp\libgcc.a
LOAD c:/st/stm32cubeide_1.12.0/stm32cubeide/plugins/com.st.stm32cube.ide.mcu.externaltools.gnu-tools-for-stm32.10.3-2021.10.win32_1.0.200.202301161003/tools/bin/../lib/gcc/arm-none-eabi/10.3.1/../../../../arm-none-eabi/lib/thumb/v7-m/nofp\libc_nano.a
END GROUP
START GROUP
LOAD c:/st/stm32cubeide_1.12.0/stm32cubeide/plugins/com.st.stm32cube.ide.mcu.externaltools.gnu-tools-for-stm32.10.3-2021.10.win32_1.0.200.202301161003/tools/bin/../lib/gcc/arm-none-eabi/10.3.1/thumb/v7-m/nofp\libgcc.a
LOAD c:/st/stm32cubeide_1.12.0/stm32cubeide/plugins/com.st.stm32cube.ide.mcu.externaltools.gnu-tools-for-stm32.10.3-2021.10.win32_1.0.200.202301161003/tools/bin/../lib/gcc/arm-none-eabi/10.3.1/../../../../arm-none-eabi/lib/thumb/v7-m/nofp\libc_nano.a
LOAD c:/st/stm32cubeide_1.12.0/stm32cubeide/plugins/com.st.stm32cube.ide.mcu.externaltools.gnu-tools-for-stm32.10.3-2021.10.win32_1.0.200.202301161003/tools/bin/../lib/gcc/arm-none-eabi/10.3.1/../../../../arm-none-eabi/lib/thumb/v7-m/nofp\libnosys.a
END GROUP
START GROUP
LOAD c:/st/stm32cubeide_1.12.0/stm32cubeide/plugins/com.st.stm32cube.ide.mcu.externaltools.gnu-tools-for-stm32.10.3-2021.10.win32_1.0.200.202301161003/tools/bin/../lib/gcc/arm-none-eabi/10.3.1/thumb/v7-m/nofp\libgcc.a
LOAD c:/st/stm32cubeide_1.12.0/stm32cubeide/plugins/com.st.stm32cube.ide.mcu.externaltools.gnu-tools-for-stm32.10.3-2021.10.win32_1.0.200.202301161003/tools/bin/../lib/gcc/arm-none-eabi/10.3.1/../../../../arm-none-eabi/lib/thumb/v7-m/nofp\libc_nano.a
LOAD c:/st/stm32cubeide_1.12.0/stm32cubeide/plugins/com.st.stm32cube.ide.mcu.externaltools.gnu-tools-for-stm32.10.3-2021.10.win32_1.0.200.202301161003/tools/bin/../lib/gcc/arm-none-eabi/10.3.1/../../../../arm-none-eabi/lib/thumb/v7-m/nofp\libnosys.a
END GROUP
LOAD c:/st/stm32cubeide_1.12.0/stm32cubeide/plugins/com.st.stm32cube.ide.mcu.externaltools.gnu-tools-for-stm32.10.3-2021.10.win32_1.0.200.202301161003/tools/bin/../lib/gcc/arm-none-eabi/10.3.1/thumb/v7-m/nofp/crtend.o
LOAD c:/st/stm32cubeide_1.12.0/stm32cubeide/plugins/com.st.stm32cube.ide.mcu.externaltools.gnu-tools-for-stm32.10.3-2021.10.win32_1.0.200.202301161003/tools/bin/../lib/gcc/arm-none-eabi/10.3.1/thumb/v7-m/nofp/crtn.o
                0x0000000020005000                _estack = (ORIGIN (RAM) + LENGTH (RAM))
                0x0000000000000200                _Min_Heap_Size = 0x200
                0x0000000000000400                _Min_Stack_Size = 0x400

.isr_vector     0x0000000008000000      0x10c
                0x0000000008000000                . = ALIGN (0x4)
 *(.isr_vector)
 .isr_vector    0x0000000008000000      0x10c ./Core/Startup/startup_stm32f103c8tx.o
                0x0000000008000000                g_pfnVectors
                0x000000000800010c                . = ALIGN (0x4)

.text           0x0000000008000110     0x6b00
                0x0000000008000110                . = ALIGN (0x4)
 *(.text)
 .text          0x0000000008000110       0x40 c:/st/stm32cubeide_1.12.0/stm32cubeide/plugins/com.st.stm32cube.ide.mcu.externaltools.gnu-tools-for-stm32.10.3-2021.10.win32_1.0.200.202301161003/tools/bin/../lib/gcc/arm-none-eabi/10.3.1/thumb/v7-m/nofp/crtbegin.o
 .text          0x0000000008000150      0x378 c:/st/stm32cubeide_1.12.0/stm32cubeide/plugins/com.st.stm32cube.ide.mcu.externaltools.gnu-tools-for-stm32.10.3-2021.10.win32_1.0.200.202301161003/tools/bin/../lib/gcc/arm-none-eabi/10.3.1/thumb/v7-m/nofp\libgcc.a(_arm_addsubdf3.o)
                0x0000000008000150                __aeabi_drsub
                0x0000000008000158                __aeabi_dsub
                0x0000000008000158                __subdf3
                0x000000000800015c                __aeabi_dadd
                0x000000000800015c                __adddf3
                0x00000000080003d4                __floatunsidf
                0x00000000080003d4                __aeabi_ui2d
                0x00000000080003f4                __floatsidf
                0x00000000080003f4                __aeabi_i2d
                0x0000000008000418                __aeabi_f2d
                0x0000000008000418                __extendsfdf2
                0x000000000800045c                __floatundidf
                0x000000000800045c                __aeabi_ul2d
                0x000000000800046c                __floatdidf
                0x000000000800046c                __aeabi_l2d
 .text          0x00000000080004c8      0x424 c:/st/stm32cubeide_1.12.0/stm32cubeide/plugins/com.st.stm32cube.ide.mcu.externaltools.gnu-tools-for-stm32.10.3-2021.10.win32_1.0.200.202301161003/tools/bin/../lib/gcc/arm-none-eabi/10.3.1/thumb/v7-m/nofp\libgcc.a(_arm_muldivdf3.o)
                0x00000000080004c8                __aeabi_dmul
                0x00000000080004c8                __muldf3
                0x000000000800071c                __divdf3
                0x000000000800071c                __aeabi_ddiv
 .text          0x00000000080008ec       0xa0 c:/st/stm32cubeide_1.12.0/stm32cubeide/plugins/com.st.stm32cube.ide.mcu.externaltools.gnu-tools-for-stm32.10.3-2021.10.win32_1.0.200.202301161003/tools/bin/../lib/gcc/arm-none-eabi/10.3.1/thumb/v7-m/nofp\libgcc.a(_arm_truncdfsf2.o)
                0x00000000080008ec                __truncdfsf2
                0x00000000080008ec                __aeabi_d2f
 .text          0x000000000800098c       0xec c:/st/stm32cubeide_1.12.0/stm32cubeide/plugins/com.st.stm32cube.ide.mcu.externaltools.gnu-tools-for-stm32.10.3-2021.10.win32_1.0.200.202301161003/tools/bin/../lib/gcc/arm-none-eabi/10.3.1/thumb/v7-m/nofp\libgcc.a(_arm_cmpsf2.o)
                0x000000000800098c                __gesf2
                0x000000000800098c                __gtsf2
                0x0000000008000994                __lesf2
                0x0000000008000994                __ltsf2
                0x000000000800099c                __nesf2
                0x000000000800099c                __eqsf2
                0x000000000800099c                __cmpsf2
                0x00000000080009fc                __aeabi_cfrcmple
                0x0000000008000a04                __aeabi_cfcmpeq
                0x0000000008000a04                __aeabi_cfcmple
                0x0000000008000a14                __aeabi_fcmpeq
                0x0000000008000a28                __aeabi_fcmplt
                0x0000000008000a3c                __aeabi_fcmple
                0x0000000008000a50                __aeabi_fcmpge
                0x0000000008000a64                __aeabi_fcmpgt
 .text          0x0000000008000a78       0x40 c:/st/stm32cubeide_1.12.0/stm32cubeide/plugins/com.st.stm32cube.ide.mcu.externaltools.gnu-tools-for-stm32.10.3-2021.10.win32_1.0.200.202301161003/tools/bin/../lib/gcc/arm-none-eabi/10.3.1/thumb/v7-m/nofp\libgcc.a(_arm_fixunssfsi.o)
                0x0000000008000a78                __fixunssfsi
                0x0000000008000a78                __aeabi_f2uiz
 *(.text*)
 .text.DC_Motor_Init
                0x0000000008000ab8       0x34 ./Core/Src/DC_MOT.o
                0x0000000008000ab8                DC_Motor_Init
 .text.DC_Motor_SetSpeed
                0x0000000008000aec       0x28 ./Core/Src/DC_MOT.o
                0x0000000008000aec                DC_Motor_SetSpeed
 .text.DC_Motor_STOP
                0x0000000008000b14       0x34 ./Core/Src/DC_MOT.o
                0x0000000008000b14                DC_Motor_STOP
 .text.H_HC05_Recieve_Polling
                0x0000000008000b48       0x60 ./Core/Src/HC05_Bluetooth.o
                0x0000000008000b48                H_HC05_Recieve_Polling
 .text.HAL_UART_RxCpltCallback
                0x0000000008000ba8       0x30 ./Core/Src/HC05_Bluetooth.o
                0x0000000008000ba8                HAL_UART_RxCpltCallback
 .text.LCD_voidInit
                0x0000000008000bd8       0x5c ./Core/Src/LCD_program.o
                0x0000000008000bd8                LCD_voidInit
 .text.LCD_voidWriteCommand
                0x0000000008000c34      0x118 ./Core/Src/LCD_program.o
                0x0000000008000c34                LCD_voidWriteCommand
 .text.LCD_voidWriteData
                0x0000000008000d4c      0x118 ./Core/Src/LCD_program.o
                0x0000000008000d4c                LCD_voidWriteData
 .text.LCD_voidClear
                0x0000000008000e64       0x14 ./Core/Src/LCD_program.o
                0x0000000008000e64                LCD_voidClear
 .text.LCD_voidSetCursor
                0x0000000008000e78       0x2e ./Core/Src/LCD_program.o
                0x0000000008000e78                LCD_voidSetCursor
 .text.LCD_voidWriteString
                0x0000000008000ea6       0x36 ./Core/Src/LCD_program.o
                0x0000000008000ea6                LCD_voidWriteString
 .text.LCD_voidWriteNum
                0x0000000008000edc       0xac ./Core/Src/LCD_program.o
                0x0000000008000edc                LCD_voidWriteNum
 .text.HAL_TIM_IC_CaptureCallback
                0x0000000008000f88       0xa8 ./Core/Src/UltraSonic_program_.o
                0x0000000008000f88                HAL_TIM_IC_CaptureCallback
 .text.ICU_VoidGet_TON
                0x0000000008001030       0x38 ./Core/Src/UltraSonic_program_.o
                0x0000000008001030                ICU_VoidGet_TON
 .text.UltraSonic_INIT
                0x0000000008001068       0x1c ./Core/Src/UltraSonic_program_.o
                0x0000000008001068                UltraSonic_INIT
 *fill*         0x0000000008001084        0x4 
 .text.UltraSonic_Get_Distance
                0x0000000008001088       0xb0 ./Core/Src/UltraSonic_program_.o
                0x0000000008001088                UltraSonic_Get_Distance
 .text.vApplicationGetIdleTaskMemory
                0x0000000008001138       0x30 ./Core/Src/freertos.o
                0x0000000008001138                vApplicationGetIdleTaskMemory
 .text.main     0x0000000008001168       0xc8 ./Core/Src/main.o
                0x0000000008001168                main
 .text.SystemClock_Config
                0x0000000008001230       0x82 ./Core/Src/main.o
                0x0000000008001230                SystemClock_Config
 *fill*         0x00000000080012b2        0x2 
 .text.MX_TIM1_Init
                0x00000000080012b4       0xac ./Core/Src/main.o
 .text.MX_TIM3_Init
                0x0000000008001360       0xb0 ./Core/Src/main.o
 .text.MX_TIM4_Init
                0x0000000008001410       0xec ./Core/Src/main.o
 .text.MX_USART1_UART_Init
                0x00000000080014fc       0x54 ./Core/Src/main.o
 .text.MX_USART3_UART_Init
                0x0000000008001550       0x54 ./Core/Src/main.o
 .text.MX_GPIO_Init
                0x00000000080015a4       0xd8 ./Core/Src/main.o
 .text.BLE_Read_Task
                0x000000000800167c       0x90 ./Core/Src/main.o
                0x000000000800167c                BLE_Read_Task
 .text.V2V_Task
                0x000000000800170c       0xb4 ./Core/Src/main.o
                0x000000000800170c                V2V_Task
 .text.ACC_Task
                0x00000000080017c0       0xe0 ./Core/Src/main.o
                0x00000000080017c0                ACC_Task
 .text.Action_Task
                0x00000000080018a0      0x110 ./Core/Src/main.o
                0x00000000080018a0                Action_Task
 .text.Display_Task
                0x00000000080019b0       0xa4 ./Core/Src/main.o
                0x00000000080019b0                Display_Task
 .text.HAL_TIM_PeriodElapsedCallback
                0x0000000008001a54       0x1e ./Core/Src/main.o
                0x0000000008001a54                HAL_TIM_PeriodElapsedCallback
 .text.Error_Handler
                0x0000000008001a72        0xa ./Core/Src/main.o
                0x0000000008001a72                Error_Handler
 .text.HAL_MspInit
                0x0000000008001a7c       0x70 ./Core/Src/stm32f1xx_hal_msp.o
                0x0000000008001a7c                HAL_MspInit
 .text.HAL_TIM_IC_MspInit
                0x0000000008001aec       0x90 ./Core/Src/stm32f1xx_hal_msp.o
                0x0000000008001aec                HAL_TIM_IC_MspInit
 .text.HAL_TIM_PWM_MspInit
                0x0000000008001b7c       0x3c ./Core/Src/stm32f1xx_hal_msp.o
                0x0000000008001b7c                HAL_TIM_PWM_MspInit
 .text.HAL_TIM_Base_MspInit
                0x0000000008001bb8       0x3c ./Core/Src/stm32f1xx_hal_msp.o
                0x0000000008001bb8                HAL_TIM_Base_MspInit
 .text.HAL_TIM_MspPostInit
                0x0000000008001bf4       0xa8 ./Core/Src/stm32f1xx_hal_msp.o
                0x0000000008001bf4                HAL_TIM_MspPostInit
 .text.HAL_UART_MspInit
                0x0000000008001c9c      0x120 ./Core/Src/stm32f1xx_hal_msp.o
                0x0000000008001c9c                HAL_UART_MspInit
 .text.HAL_InitTick
                0x0000000008001dbc       0xf8 ./Core/Src/stm32f1xx_hal_timebase_tim.o
                0x0000000008001dbc                HAL_InitTick
 .text.NMI_Handler
                0x0000000008001eb4        0x6 ./Core/Src/stm32f1xx_it.o
                0x0000000008001eb4                NMI_Handler
 .text.HardFault_Handler
                0x0000000008001eba        0x6 ./Core/Src/stm32f1xx_it.o
                0x0000000008001eba                HardFault_Handler
 .text.MemManage_Handler
                0x0000000008001ec0        0x6 ./Core/Src/stm32f1xx_it.o
                0x0000000008001ec0                MemManage_Handler
 .text.BusFault_Handler
                0x0000000008001ec6        0x6 ./Core/Src/stm32f1xx_it.o
                0x0000000008001ec6                BusFault_Handler
 .text.UsageFault_Handler
                0x0000000008001ecc        0x6 ./Core/Src/stm32f1xx_it.o
                0x0000000008001ecc                UsageFault_Handler
 .text.DebugMon_Handler
                0x0000000008001ed2        0xc ./Core/Src/stm32f1xx_it.o
                0x0000000008001ed2                DebugMon_Handler
 *fill*         0x0000000008001ede        0x2 
 .text.TIM1_CC_IRQHandler
                0x0000000008001ee0       0x14 ./Core/Src/stm32f1xx_it.o
                0x0000000008001ee0                TIM1_CC_IRQHandler
 .text.TIM2_IRQHandler
                0x0000000008001ef4       0x14 ./Core/Src/stm32f1xx_it.o
                0x0000000008001ef4                TIM2_IRQHandler
 .text.USART3_IRQHandler
                0x0000000008001f08       0x14 ./Core/Src/stm32f1xx_it.o
                0x0000000008001f08                USART3_IRQHandler
 .text.SystemInit
                0x0000000008001f1c        0xc ./Core/Src/system_stm32f1xx.o
                0x0000000008001f1c                SystemInit
 .text.Reset_Handler
                0x0000000008001f28       0x48 ./Core/Startup/startup_stm32f103c8tx.o
                0x0000000008001f28                Reset_Handler
 .text.Default_Handler
                0x0000000008001f70        0x2 ./Core/Startup/startup_stm32f103c8tx.o
                0x0000000008001f70                RTC_Alarm_IRQHandler
                0x0000000008001f70                EXTI2_IRQHandler
                0x0000000008001f70                PVD_IRQHandler
                0x0000000008001f70                EXTI3_IRQHandler
                0x0000000008001f70                EXTI0_IRQHandler
                0x0000000008001f70                I2C2_EV_IRQHandler
                0x0000000008001f70                ADC1_2_IRQHandler
                0x0000000008001f70                SPI1_IRQHandler
                0x0000000008001f70                TAMPER_IRQHandler
                0x0000000008001f70                DMA1_Channel4_IRQHandler
                0x0000000008001f70                RTC_IRQHandler
                0x0000000008001f70                DMA1_Channel7_IRQHandler
                0x0000000008001f70                CAN1_RX1_IRQHandler
                0x0000000008001f70                TIM4_IRQHandler
                0x0000000008001f70                I2C1_EV_IRQHandler
                0x0000000008001f70                DMA1_Channel6_IRQHandler
                0x0000000008001f70                TIM3_IRQHandler
                0x0000000008001f70                RCC_IRQHandler
                0x0000000008001f70                TIM1_TRG_COM_IRQHandler
                0x0000000008001f70                DMA1_Channel1_IRQHandler
                0x0000000008001f70                Default_Handler
                0x0000000008001f70                EXTI15_10_IRQHandler
                0x0000000008001f70                EXTI9_5_IRQHandler
                0x0000000008001f70                SPI2_IRQHandler
                0x0000000008001f70                DMA1_Channel5_IRQHandler
                0x0000000008001f70                EXTI4_IRQHandler
                0x0000000008001f70                USB_LP_CAN1_RX0_IRQHandler
                0x0000000008001f70                USB_HP_CAN1_TX_IRQHandler
                0x0000000008001f70                DMA1_Channel3_IRQHandler
                0x0000000008001f70                TIM1_UP_IRQHandler
                0x0000000008001f70                WWDG_IRQHandler
                0x0000000008001f70                TIM1_BRK_IRQHandler
                0x0000000008001f70                EXTI1_IRQHandler
                0x0000000008001f70                USART2_IRQHandler
                0x0000000008001f70                I2C2_ER_IRQHandler
                0x0000000008001f70                DMA1_Channel2_IRQHandler
                0x0000000008001f70                CAN1_SCE_IRQHandler
                0x0000000008001f70                FLASH_IRQHandler
                0x0000000008001f70                USART1_IRQHandler
                0x0000000008001f70                I2C1_ER_IRQHandler
                0x0000000008001f70                USBWakeUp_IRQHandler
 *fill*         0x0000000008001f72        0x2 
 .text.HAL_Init
                0x0000000008001f74       0x2c ./Drivers/STM32F1xx_HAL_Driver/Src/stm32f1xx_hal.o
                0x0000000008001f74                HAL_Init
 .text.HAL_IncTick
                0x0000000008001fa0       0x24 ./Drivers/STM32F1xx_HAL_Driver/Src/stm32f1xx_hal.o
                0x0000000008001fa0                HAL_IncTick
 .text.HAL_GetTick
                0x0000000008001fc4       0x14 ./Drivers/STM32F1xx_HAL_Driver/Src/stm32f1xx_hal.o
                0x0000000008001fc4                HAL_GetTick
 .text.__NVIC_SetPriorityGrouping
                0x0000000008001fd8       0x48 ./Drivers/STM32F1xx_HAL_Driver/Src/stm32f1xx_hal_cortex.o
 .text.__NVIC_GetPriorityGrouping
                0x0000000008002020       0x1c ./Drivers/STM32F1xx_HAL_Driver/Src/stm32f1xx_hal_cortex.o
 .text.__NVIC_EnableIRQ
                0x000000000800203c       0x38 ./Drivers/STM32F1xx_HAL_Driver/Src/stm32f1xx_hal_cortex.o
 .text.__NVIC_SetPriority
                0x0000000008002074       0x54 ./Drivers/STM32F1xx_HAL_Driver/Src/stm32f1xx_hal_cortex.o
 .text.NVIC_EncodePriority
                0x00000000080020c8       0x64 ./Drivers/STM32F1xx_HAL_Driver/Src/stm32f1xx_hal_cortex.o
 .text.HAL_NVIC_SetPriorityGrouping
                0x000000000800212c       0x16 ./Drivers/STM32F1xx_HAL_Driver/Src/stm32f1xx_hal_cortex.o
                0x000000000800212c                HAL_NVIC_SetPriorityGrouping
 .text.HAL_NVIC_SetPriority
                0x0000000008002142       0x38 ./Drivers/STM32F1xx_HAL_Driver/Src/stm32f1xx_hal_cortex.o
                0x0000000008002142                HAL_NVIC_SetPriority
 .text.HAL_NVIC_EnableIRQ
                0x000000000800217a       0x1c ./Drivers/STM32F1xx_HAL_Driver/Src/stm32f1xx_hal_cortex.o
                0x000000000800217a                HAL_NVIC_EnableIRQ
 .text.HAL_DMA_Abort
                0x0000000008002196       0x76 ./Drivers/STM32F1xx_HAL_Driver/Src/stm32f1xx_hal_dma.o
                0x0000000008002196                HAL_DMA_Abort
 .text.HAL_DMA_Abort_IT
                0x000000000800220c       0xf0 ./Drivers/STM32F1xx_HAL_Driver/Src/stm32f1xx_hal_dma.o
                0x000000000800220c                HAL_DMA_Abort_IT
 .text.HAL_GPIO_Init
                0x00000000080022fc      0x308 ./Drivers/STM32F1xx_HAL_Driver/Src/stm32f1xx_hal_gpio.o
                0x00000000080022fc                HAL_GPIO_Init
 .text.HAL_GPIO_WritePin
                0x0000000008002604       0x30 ./Drivers/STM32F1xx_HAL_Driver/Src/stm32f1xx_hal_gpio.o
                0x0000000008002604                HAL_GPIO_WritePin
 .text.HAL_RCC_OscConfig
                0x0000000008002634      0x504 ./Drivers/STM32F1xx_HAL_Driver/Src/stm32f1xx_hal_rcc.o
                0x0000000008002634                HAL_RCC_OscConfig
 .text.HAL_RCC_ClockConfig
                0x0000000008002b38      0x1d4 ./Drivers/STM32F1xx_HAL_Driver/Src/stm32f1xx_hal_rcc.o
                0x0000000008002b38                HAL_RCC_ClockConfig
 .text.HAL_RCC_GetSysClockFreq
                0x0000000008002d0c       0xa8 ./Drivers/STM32F1xx_HAL_Driver/Src/stm32f1xx_hal_rcc.o
                0x0000000008002d0c                HAL_RCC_GetSysClockFreq
 .text.HAL_RCC_GetHCLKFreq
                0x0000000008002db4       0x14 ./Drivers/STM32F1xx_HAL_Driver/Src/stm32f1xx_hal_rcc.o
                0x0000000008002db4                HAL_RCC_GetHCLKFreq
 .text.HAL_RCC_GetPCLK1Freq
                0x0000000008002dc8       0x28 ./Drivers/STM32F1xx_HAL_Driver/Src/stm32f1xx_hal_rcc.o
                0x0000000008002dc8                HAL_RCC_GetPCLK1Freq
 .text.HAL_RCC_GetPCLK2Freq
                0x0000000008002df0       0x28 ./Drivers/STM32F1xx_HAL_Driver/Src/stm32f1xx_hal_rcc.o
                0x0000000008002df0                HAL_RCC_GetPCLK2Freq
 .text.HAL_RCC_GetClockConfig
                0x0000000008002e18       0x60 ./Drivers/STM32F1xx_HAL_Driver/Src/stm32f1xx_hal_rcc.o
                0x0000000008002e18                HAL_RCC_GetClockConfig
 .text.RCC_Delay
                0x0000000008002e78       0x3c ./Drivers/STM32F1xx_HAL_Driver/Src/stm32f1xx_hal_rcc.o
 .text.HAL_TIM_Base_Init
                0x0000000008002eb4       0x9e ./Drivers/STM32F1xx_HAL_Driver/Src/stm32f1xx_hal_tim.o
                0x0000000008002eb4                HAL_TIM_Base_Init
 *fill*         0x0000000008002f52        0x2 
 .text.HAL_TIM_Base_Start_IT
                0x0000000008002f54       0xa4 ./Drivers/STM32F1xx_HAL_Driver/Src/stm32f1xx_hal_tim.o
                0x0000000008002f54                HAL_TIM_Base_Start_IT
 .text.HAL_TIM_PWM_Init
                0x0000000008002ff8       0x9e ./Drivers/STM32F1xx_HAL_Driver/Src/stm32f1xx_hal_tim.o
                0x0000000008002ff8                HAL_TIM_PWM_Init
 *fill*         0x0000000008003096        0x2 
 .text.HAL_TIM_PWM_Start
                0x0000000008003098      0x144 ./Drivers/STM32F1xx_HAL_Driver/Src/stm32f1xx_hal_tim.o
                0x0000000008003098                HAL_TIM_PWM_Start
 .text.HAL_TIM_PWM_Stop
                0x00000000080031dc       0xc8 ./Drivers/STM32F1xx_HAL_Driver/Src/stm32f1xx_hal_tim.o
                0x00000000080031dc                HAL_TIM_PWM_Stop
 .text.HAL_TIM_IC_Init
                0x00000000080032a4       0x9e ./Drivers/STM32F1xx_HAL_Driver/Src/stm32f1xx_hal_tim.o
                0x00000000080032a4                HAL_TIM_IC_Init
 *fill*         0x0000000008003342        0x2 
 .text.HAL_TIM_IC_Start_IT
                0x0000000008003344      0x218 ./Drivers/STM32F1xx_HAL_Driver/Src/stm32f1xx_hal_tim.o
                0x0000000008003344                HAL_TIM_IC_Start_IT
 .text.HAL_TIM_IRQHandler
                0x000000000800355c      0x210 ./Drivers/STM32F1xx_HAL_Driver/Src/stm32f1xx_hal_tim.o
                0x000000000800355c                HAL_TIM_IRQHandler
 .text.HAL_TIM_IC_ConfigChannel
                0x000000000800376c      0x138 ./Drivers/STM32F1xx_HAL_Driver/Src/stm32f1xx_hal_tim.o
                0x000000000800376c                HAL_TIM_IC_ConfigChannel
 .text.HAL_TIM_PWM_ConfigChannel
                0x00000000080038a4      0x184 ./Drivers/STM32F1xx_HAL_Driver/Src/stm32f1xx_hal_tim.o
                0x00000000080038a4                HAL_TIM_PWM_ConfigChannel
 .text.HAL_TIM_ConfigClockSource
                0x0000000008003a28      0x18e ./Drivers/STM32F1xx_HAL_Driver/Src/stm32f1xx_hal_tim.o
                0x0000000008003a28                HAL_TIM_ConfigClockSource
 .text.HAL_TIM_OC_DelayElapsedCallback
                0x0000000008003bb6       0x12 ./Drivers/STM32F1xx_HAL_Driver/Src/stm32f1xx_hal_tim.o
                0x0000000008003bb6                HAL_TIM_OC_DelayElapsedCallback
 .text.HAL_TIM_PWM_PulseFinishedCallback
                0x0000000008003bc8       0x12 ./Drivers/STM32F1xx_HAL_Driver/Src/stm32f1xx_hal_tim.o
                0x0000000008003bc8                HAL_TIM_PWM_PulseFinishedCallback
 .text.HAL_TIM_TriggerCallback
                0x0000000008003bda       0x12 ./Drivers/STM32F1xx_HAL_Driver/Src/stm32f1xx_hal_tim.o
                0x0000000008003bda                HAL_TIM_TriggerCallback
 .text.TIM_Base_SetConfig
                0x0000000008003bec       0xc4 ./Drivers/STM32F1xx_HAL_Driver/Src/stm32f1xx_hal_tim.o
                0x0000000008003bec                TIM_Base_SetConfig
 .text.TIM_OC1_SetConfig
                0x0000000008003cb0       0xcc ./Drivers/STM32F1xx_HAL_Driver/Src/stm32f1xx_hal_tim.o
 .text.TIM_OC2_SetConfig
                0x0000000008003d7c       0xd4 ./Drivers/STM32F1xx_HAL_Driver/Src/stm32f1xx_hal_tim.o
                0x0000000008003d7c                TIM_OC2_SetConfig
 .text.TIM_OC3_SetConfig
                0x0000000008003e50       0xd4 ./Drivers/STM32F1xx_HAL_Driver/Src/stm32f1xx_hal_tim.o
 .text.TIM_OC4_SetConfig
                0x0000000008003f24       0x9c ./Drivers/STM32F1xx_HAL_Driver/Src/stm32f1xx_hal_tim.o
 .text.TIM_TI1_SetConfig
                0x0000000008003fc0       0xb4 ./Drivers/STM32F1xx_HAL_Driver/Src/stm32f1xx_hal_tim.o
                0x0000000008003fc0                TIM_TI1_SetConfig
 .text.TIM_TI1_ConfigInputStage
                0x0000000008004074       0x5c ./Drivers/STM32F1xx_HAL_Driver/Src/stm32f1xx_hal_tim.o
 .text.TIM_TI2_SetConfig
                0x00000000080040d0       0x78 ./Drivers/STM32F1xx_HAL_Driver/Src/stm32f1xx_hal_tim.o
 .text.TIM_TI2_ConfigInputStage
                0x0000000008004148       0x5e ./Drivers/STM32F1xx_HAL_Driver/Src/stm32f1xx_hal_tim.o
 .text.TIM_TI3_SetConfig
                0x00000000080041a6       0x76 ./Drivers/STM32F1xx_HAL_Driver/Src/stm32f1xx_hal_tim.o
 .text.TIM_TI4_SetConfig
                0x000000000800421c       0x78 ./Drivers/STM32F1xx_HAL_Driver/Src/stm32f1xx_hal_tim.o
 .text.TIM_ITRx_SetConfig
                0x0000000008004294       0x34 ./Drivers/STM32F1xx_HAL_Driver/Src/stm32f1xx_hal_tim.o
 .text.TIM_ETR_SetConfig
                0x00000000080042c8       0x3e ./Drivers/STM32F1xx_HAL_Driver/Src/stm32f1xx_hal_tim.o
                0x00000000080042c8                TIM_ETR_SetConfig
 .text.TIM_CCxChannelCmd
                0x0000000008004306       0x48 ./Drivers/STM32F1xx_HAL_Driver/Src/stm32f1xx_hal_tim.o
                0x0000000008004306                TIM_CCxChannelCmd
 *fill*         0x000000000800434e        0x2 
 .text.HAL_TIMEx_MasterConfigSynchronization
                0x0000000008004350       0xbc ./Drivers/STM32F1xx_HAL_Driver/Src/stm32f1xx_hal_tim_ex.o
                0x0000000008004350                HAL_TIMEx_MasterConfigSynchronization
 .text.HAL_TIMEx_CommutCallback
                0x000000000800440c       0x12 ./Drivers/STM32F1xx_HAL_Driver/Src/stm32f1xx_hal_tim_ex.o
                0x000000000800440c                HAL_TIMEx_CommutCallback
 .text.HAL_TIMEx_BreakCallback
                0x000000000800441e       0x12 ./Drivers/STM32F1xx_HAL_Driver/Src/stm32f1xx_hal_tim_ex.o
                0x000000000800441e                HAL_TIMEx_BreakCallback
 .text.HAL_UART_Init
                0x0000000008004430       0xa0 ./Drivers/STM32F1xx_HAL_Driver/Src/stm32f1xx_hal_uart.o
                0x0000000008004430                HAL_UART_Init
 .text.HAL_UART_Transmit
                0x00000000080044d0      0x106 ./Drivers/STM32F1xx_HAL_Driver/Src/stm32f1xx_hal_uart.o
                0x00000000080044d0                HAL_UART_Transmit
 .text.HAL_UART_Receive
                0x00000000080045d6      0x124 ./Drivers/STM32F1xx_HAL_Driver/Src/stm32f1xx_hal_uart.o
                0x00000000080045d6                HAL_UART_Receive
 .text.HAL_UART_Receive_IT
                0x00000000080046fa       0x4a ./Drivers/STM32F1xx_HAL_Driver/Src/stm32f1xx_hal_uart.o
                0x00000000080046fa                HAL_UART_Receive_IT
 .text.HAL_UART_IRQHandler
                0x0000000008004744      0x524 ./Drivers/STM32F1xx_HAL_Driver/Src/stm32f1xx_hal_uart.o
                0x0000000008004744                HAL_UART_IRQHandler
 .text.HAL_UART_TxCpltCallback
                0x0000000008004c68       0x12 ./Drivers/STM32F1xx_HAL_Driver/Src/stm32f1xx_hal_uart.o
                0x0000000008004c68                HAL_UART_TxCpltCallback
 .text.HAL_UART_ErrorCallback
                0x0000000008004c7a       0x12 ./Drivers/STM32F1xx_HAL_Driver/Src/stm32f1xx_hal_uart.o
                0x0000000008004c7a                HAL_UART_ErrorCallback
 .text.HAL_UARTEx_RxEventCallback
                0x0000000008004c8c       0x16 ./Drivers/STM32F1xx_HAL_Driver/Src/stm32f1xx_hal_uart.o
                0x0000000008004c8c                HAL_UARTEx_RxEventCallback
 .text.UART_WaitOnFlagUntilTimeout
                0x0000000008004ca2       0xdc ./Drivers/STM32F1xx_HAL_Driver/Src/stm32f1xx_hal_uart.o
 .text.UART_Start_Receive_IT
                0x0000000008004d7e       0x72 ./Drivers/STM32F1xx_HAL_Driver/Src/stm32f1xx_hal_uart.o
                0x0000000008004d7e                UART_Start_Receive_IT
 .text.UART_EndRxTransfer
                0x0000000008004df0       0xc4 ./Drivers/STM32F1xx_HAL_Driver/Src/stm32f1xx_hal_uart.o
 .text.UART_DMAAbortOnError
                0x0000000008004eb4       0x28 ./Drivers/STM32F1xx_HAL_Driver/Src/stm32f1xx_hal_uart.o
 .text.UART_Transmit_IT
                0x0000000008004edc       0x9e ./Drivers/STM32F1xx_HAL_Driver/Src/stm32f1xx_hal_uart.o
 .text.UART_EndTransmit_IT
                0x0000000008004f7a       0x30 ./Drivers/STM32F1xx_HAL_Driver/Src/stm32f1xx_hal_uart.o
 .text.UART_Receive_IT
                0x0000000008004faa      0x17c ./Drivers/STM32F1xx_HAL_Driver/Src/stm32f1xx_hal_uart.o
 *fill*         0x0000000008005126        0x2 
 .text.UART_SetConfig
                0x0000000008005128      0x11c ./Drivers/STM32F1xx_HAL_Driver/Src/stm32f1xx_hal_uart.o
 .text.xEventGroupCreate
                0x0000000008005244       0x34 ./Middlewares/Third_Party/FreeRTOS/Source/event_groups.o
                0x0000000008005244                xEventGroupCreate
 .text.xEventGroupWaitBits
                0x0000000008005278      0x19c ./Middlewares/Third_Party/FreeRTOS/Source/event_groups.o
                0x0000000008005278                xEventGroupWaitBits
 .text.xEventGroupSetBits
                0x0000000008005414      0x116 ./Middlewares/Third_Party/FreeRTOS/Source/event_groups.o
                0x0000000008005414                xEventGroupSetBits
 .text.prvTestWaitCondition
                0x000000000800552a       0x42 ./Middlewares/Third_Party/FreeRTOS/Source/event_groups.o
 .text.vListInitialise
                0x000000000800556c       0x3e ./Middlewares/Third_Party/FreeRTOS/Source/list.o
                0x000000000800556c                vListInitialise
 .text.vListInitialiseItem
                0x00000000080055aa       0x18 ./Middlewares/Third_Party/FreeRTOS/Source/list.o
                0x00000000080055aa                vListInitialiseItem
 .text.vListInsertEnd
                0x00000000080055c2       0x46 ./Middlewares/Third_Party/FreeRTOS/Source/list.o
                0x00000000080055c2                vListInsertEnd
 .text.vListInsert
                0x0000000008005608       0x70 ./Middlewares/Third_Party/FreeRTOS/Source/list.o
                0x0000000008005608                vListInsert
 .text.uxListRemove
                0x0000000008005678       0x52 ./Middlewares/Third_Party/FreeRTOS/Source/list.o
                0x0000000008005678                uxListRemove
 .text.xTaskCreateStatic
                0x00000000080056ca       0xb8 ./Middlewares/Third_Party/FreeRTOS/Source/tasks.o
                0x00000000080056ca                xTaskCreateStatic
 .text.xTaskCreate
                0x0000000008005782       0x8a ./Middlewares/Third_Party/FreeRTOS/Source/tasks.o
                0x0000000008005782                xTaskCreate
 .text.prvInitialiseNewTask
                0x000000000800580c      0x12c ./Middlewares/Third_Party/FreeRTOS/Source/tasks.o
 .text.prvAddNewTaskToReadyList
                0x0000000008005938       0xd4 ./Middlewares/Third_Party/FreeRTOS/Source/tasks.o
 .text.vTaskDelay
                0x0000000008005a0c       0x68 ./Middlewares/Third_Party/FreeRTOS/Source/tasks.o
                0x0000000008005a0c                vTaskDelay
 .text.vTaskStartScheduler
                0x0000000008005a74       0xd4 ./Middlewares/Third_Party/FreeRTOS/Source/tasks.o
                0x0000000008005a74                vTaskStartScheduler
 .text.vTaskSuspendAll
                0x0000000008005b48       0x1c ./Middlewares/Third_Party/FreeRTOS/Source/tasks.o
                0x0000000008005b48                vTaskSuspendAll
 .text.xTaskResumeAll
                0x0000000008005b64      0x138 ./Middlewares/Third_Party/FreeRTOS/Source/tasks.o
                0x0000000008005b64                xTaskResumeAll
 .text.xTaskIncrementTick
                0x0000000008005c9c      0x17c ./Middlewares/Third_Party/FreeRTOS/Source/tasks.o
                0x0000000008005c9c                xTaskIncrementTick
 .text.vTaskSwitchContext
                0x0000000008005e18       0xc4 ./Middlewares/Third_Party/FreeRTOS/Source/tasks.o
                0x0000000008005e18                vTaskSwitchContext
 .text.vTaskPlaceOnUnorderedEventList
                0x0000000008005edc       0x78 ./Middlewares/Third_Party/FreeRTOS/Source/tasks.o
                0x0000000008005edc                vTaskPlaceOnUnorderedEventList
 .text.vTaskRemoveFromUnorderedEventList
                0x0000000008005f54       0xc4 ./Middlewares/Third_Party/FreeRTOS/Source/tasks.o
                0x0000000008005f54                vTaskRemoveFromUnorderedEventList
 .text.prvIdleTask
                0x0000000008006018       0x30 ./Middlewares/Third_Party/FreeRTOS/Source/tasks.o
 .text.prvInitialiseTaskLists
                0x0000000008006048       0x80 ./Middlewares/Third_Party/FreeRTOS/Source/tasks.o
 .text.prvCheckTasksWaitingTermination
                0x00000000080060c8       0x5c ./Middlewares/Third_Party/FreeRTOS/Source/tasks.o
 .text.prvDeleteTCB
                0x0000000008006124       0x68 ./Middlewares/Third_Party/FreeRTOS/Source/tasks.o
 .text.prvResetNextTaskUnblockTime
                0x000000000800618c       0x48 ./Middlewares/Third_Party/FreeRTOS/Source/tasks.o
 .text.xTaskGetSchedulerState
                0x00000000080061d4       0x3c ./Middlewares/Third_Party/FreeRTOS/Source/tasks.o
                0x00000000080061d4                xTaskGetSchedulerState
 .text.uxTaskResetEventItemValue
                0x0000000008006210       0x30 ./Middlewares/Third_Party/FreeRTOS/Source/tasks.o
                0x0000000008006210                uxTaskResetEventItemValue
 .text.prvAddCurrentTaskToDelayedList
                0x0000000008006240       0xcc ./Middlewares/Third_Party/FreeRTOS/Source/tasks.o
 .text.pxPortInitialiseStack
                0x000000000800630c       0x58 ./Middlewares/Third_Party/FreeRTOS/Source/portable/GCC/ARM_CM3/port.o
                0x000000000800630c                pxPortInitialiseStack
 .text.prvTaskExitError
                0x0000000008006364       0x58 ./Middlewares/Third_Party/FreeRTOS/Source/portable/GCC/ARM_CM3/port.o
 *fill*         0x00000000080063bc        0x4 
 .text.SVC_Handler
                0x00000000080063c0       0x28 ./Middlewares/Third_Party/FreeRTOS/Source/portable/GCC/ARM_CM3/port.o
                0x00000000080063c0                SVC_Handler
 .text.prvPortStartFirstTask
                0x00000000080063e8       0x20 ./Middlewares/Third_Party/FreeRTOS/Source/portable/GCC/ARM_CM3/port.o
 .text.xPortStartScheduler
                0x0000000008006408       0xe4 ./Middlewares/Third_Party/FreeRTOS/Source/portable/GCC/ARM_CM3/port.o
                0x0000000008006408                xPortStartScheduler
 .text.vPortEnterCritical
                0x00000000080064ec       0x60 ./Middlewares/Third_Party/FreeRTOS/Source/portable/GCC/ARM_CM3/port.o
                0x00000000080064ec                vPortEnterCritical
 .text.vPortExitCritical
                0x000000000800654c       0x50 ./Middlewares/Third_Party/FreeRTOS/Source/portable/GCC/ARM_CM3/port.o
                0x000000000800654c                vPortExitCritical
 *fill*         0x000000000800659c        0x4 
 .text.PendSV_Handler
                0x00000000080065a0       0x48 ./Middlewares/Third_Party/FreeRTOS/Source/portable/GCC/ARM_CM3/port.o
                0x00000000080065a0                PendSV_Handler
 .text.SysTick_Handler
                0x00000000080065e8       0x44 ./Middlewares/Third_Party/FreeRTOS/Source/portable/GCC/ARM_CM3/port.o
                0x00000000080065e8                SysTick_Handler
 .text.vPortSetupTimerInterrupt
                0x000000000800662c       0x44 ./Middlewares/Third_Party/FreeRTOS/Source/portable/GCC/ARM_CM3/port.o
                0x000000000800662c                vPortSetupTimerInterrupt
 .text.pvPortMalloc
                0x0000000008006670      0x188 ./Middlewares/Third_Party/FreeRTOS/Source/portable/MemMang/heap_4.o
                0x0000000008006670                pvPortMalloc
 .text.vPortFree
                0x00000000080067f8       0xb4 ./Middlewares/Third_Party/FreeRTOS/Source/portable/MemMang/heap_4.o
                0x00000000080067f8                vPortFree
 .text.prvHeapInit
                0x00000000080068ac       0xc4 ./Middlewares/Third_Party/FreeRTOS/Source/portable/MemMang/heap_4.o
 .text.prvInsertBlockIntoFreeList
                0x0000000008006970       0xb0 ./Middlewares/Third_Party/FreeRTOS/Source/portable/MemMang/heap_4.o
 .text.__libc_init_array
                0x0000000008006a20       0x48 c:/st/stm32cubeide_1.12.0/stm32cubeide/plugins/com.st.stm32cube.ide.mcu.externaltools.gnu-tools-for-stm32.10.3-2021.10.win32_1.0.200.202301161003/tools/bin/../lib/gcc/arm-none-eabi/10.3.1/../../../../arm-none-eabi/lib/thumb/v7-m/nofp\libc_nano.a(lib_a-init.o)
                0x0000000008006a20                __libc_init_array
 .text.__retarget_lock_acquire_recursive
                0x0000000008006a68        0x2 c:/st/stm32cubeide_1.12.0/stm32cubeide/plugins/com.st.stm32cube.ide.mcu.externaltools.gnu-tools-for-stm32.10.3-2021.10.win32_1.0.200.202301161003/tools/bin/../lib/gcc/arm-none-eabi/10.3.1/../../../../arm-none-eabi/lib/thumb/v7-m/nofp\libc_nano.a(lib_a-lock.o)
                0x0000000008006a68                __retarget_lock_acquire_recursive
 .text.__retarget_lock_release_recursive
                0x0000000008006a6a        0x2 c:/st/stm32cubeide_1.12.0/stm32cubeide/plugins/com.st.stm32cube.ide.mcu.externaltools.gnu-tools-for-stm32.10.3-2021.10.win32_1.0.200.202301161003/tools/bin/../lib/gcc/arm-none-eabi/10.3.1/../../../../arm-none-eabi/lib/thumb/v7-m/nofp\libc_nano.a(lib_a-lock.o)
                0x0000000008006a6a                __retarget_lock_release_recursive
 .text.memset   0x0000000008006a6c       0x10 c:/st/stm32cubeide_1.12.0/stm32cubeide/plugins/com.st.stm32cube.ide.mcu.externaltools.gnu-tools-for-stm32.10.3-2021.10.win32_1.0.200.202301161003/tools/bin/../lib/gcc/arm-none-eabi/10.3.1/../../../../arm-none-eabi/lib/thumb/v7-m/nofp\libc_nano.a(lib_a-memset.o)
                0x0000000008006a6c                memset
 .text.cleanup_glue
                0x0000000008006a7c       0x1a c:/st/stm32cubeide_1.12.0/stm32cubeide/plugins/com.st.stm32cube.ide.mcu.externaltools.gnu-tools-for-stm32.10.3-2021.10.win32_1.0.200.202301161003/tools/bin/../lib/gcc/arm-none-eabi/10.3.1/../../../../arm-none-eabi/lib/thumb/v7-m/nofp\libc_nano.a(lib_a-reent.o)
                0x0000000008006a7c                cleanup_glue
 *fill*         0x0000000008006a96        0x2 
 .text._reclaim_reent
                0x0000000008006a98       0xb8 c:/st/stm32cubeide_1.12.0/stm32cubeide/plugins/com.st.stm32cube.ide.mcu.externaltools.gnu-tools-for-stm32.10.3-2021.10.win32_1.0.200.202301161003/tools/bin/../lib/gcc/arm-none-eabi/10.3.1/../../../../arm-none-eabi/lib/thumb/v7-m/nofp\libc_nano.a(lib_a-reent.o)
                0x0000000008006a98                _reclaim_reent
 .text.__malloc_lock
                0x0000000008006b50        0xc c:/st/stm32cubeide_1.12.0/stm32cubeide/plugins/com.st.stm32cube.ide.mcu.externaltools.gnu-tools-for-stm32.10.3-2021.10.win32_1.0.200.202301161003/tools/bin/../lib/gcc/arm-none-eabi/10.3.1/../../../../arm-none-eabi/lib/thumb/v7-m/nofp\libc_nano.a(lib_a-mlock.o)
                0x0000000008006b50                __malloc_lock
 .text.__malloc_unlock
                0x0000000008006b5c        0xc c:/st/stm32cubeide_1.12.0/stm32cubeide/plugins/com.st.stm32cube.ide.mcu.externaltools.gnu-tools-for-stm32.10.3-2021.10.win32_1.0.200.202301161003/tools/bin/../lib/gcc/arm-none-eabi/10.3.1/../../../../arm-none-eabi/lib/thumb/v7-m/nofp\libc_nano.a(lib_a-mlock.o)
                0x0000000008006b5c                __malloc_unlock
 .text._free_r  0x0000000008006b68       0x90 c:/st/stm32cubeide_1.12.0/stm32cubeide/plugins/com.st.stm32cube.ide.mcu.externaltools.gnu-tools-for-stm32.10.3-2021.10.win32_1.0.200.202301161003/tools/bin/../lib/gcc/arm-none-eabi/10.3.1/../../../../arm-none-eabi/lib/thumb/v7-m/nofp\libc_nano.a(lib_a-nano-freer.o)
                0x0000000008006b68                _free_r
 *(.glue_7)
 .glue_7        0x0000000008006bf8        0x0 linker stubs
 *(.glue_7t)
 .glue_7t       0x0000000008006bf8        0x0 linker stubs
 *(.eh_frame)
 .eh_frame      0x0000000008006bf8        0x0 c:/st/stm32cubeide_1.12.0/stm32cubeide/plugins/com.st.stm32cube.ide.mcu.externaltools.gnu-tools-for-stm32.10.3-2021.10.win32_1.0.200.202301161003/tools/bin/../lib/gcc/arm-none-eabi/10.3.1/thumb/v7-m/nofp/crtbegin.o
 *(.init)
 .init          0x0000000008006bf8        0x4 c:/st/stm32cubeide_1.12.0/stm32cubeide/plugins/com.st.stm32cube.ide.mcu.externaltools.gnu-tools-for-stm32.10.3-2021.10.win32_1.0.200.202301161003/tools/bin/../lib/gcc/arm-none-eabi/10.3.1/thumb/v7-m/nofp/crti.o
                0x0000000008006bf8                _init
 .init          0x0000000008006bfc        0x8 c:/st/stm32cubeide_1.12.0/stm32cubeide/plugins/com.st.stm32cube.ide.mcu.externaltools.gnu-tools-for-stm32.10.3-2021.10.win32_1.0.200.202301161003/tools/bin/../lib/gcc/arm-none-eabi/10.3.1/thumb/v7-m/nofp/crtn.o
 *(.fini)
 .fini          0x0000000008006c04        0x4 c:/st/stm32cubeide_1.12.0/stm32cubeide/plugins/com.st.stm32cube.ide.mcu.externaltools.gnu-tools-for-stm32.10.3-2021.10.win32_1.0.200.202301161003/tools/bin/../lib/gcc/arm-none-eabi/10.3.1/thumb/v7-m/nofp/crti.o
                0x0000000008006c04                _fini
 .fini          0x0000000008006c08        0x8 c:/st/stm32cubeide_1.12.0/stm32cubeide/plugins/com.st.stm32cube.ide.mcu.externaltools.gnu-tools-for-stm32.10.3-2021.10.win32_1.0.200.202301161003/tools/bin/../lib/gcc/arm-none-eabi/10.3.1/thumb/v7-m/nofp/crtn.o
                0x0000000008006c10                . = ALIGN (0x4)
                0x0000000008006c10                _etext = .

.vfp11_veneer   0x0000000008006c10        0x0
 .vfp11_veneer  0x0000000008006c10        0x0 linker stubs

.v4_bx          0x0000000008006c10        0x0
 .v4_bx         0x0000000008006c10        0x0 linker stubs

.iplt           0x0000000008006c10        0x0
 .iplt          0x0000000008006c10        0x0 c:/st/stm32cubeide_1.12.0/stm32cubeide/plugins/com.st.stm32cube.ide.mcu.externaltools.gnu-tools-for-stm32.10.3-2021.10.win32_1.0.200.202301161003/tools/bin/../lib/gcc/arm-none-eabi/10.3.1/thumb/v7-m/nofp/crtbegin.o

.rodata         0x0000000008006c10       0xb8
                0x0000000008006c10                . = ALIGN (0x4)
 *(.rodata)
 .rodata        0x0000000008006c10       0x24 ./Core/Src/main.o
 .rodata        0x0000000008006c34        0x5 ./Middlewares/Third_Party/FreeRTOS/Source/tasks.o
 *(.rodata*)
 *fill*         0x0000000008006c39        0x3 
 .rodata.AHBPrescTable
                0x0000000008006c3c       0x10 ./Core/Src/system_stm32f1xx.o
                0x0000000008006c3c                AHBPrescTable
 .rodata.APBPrescTable
                0x0000000008006c4c        0x8 ./Core/Src/system_stm32f1xx.o
                0x0000000008006c4c                APBPrescTable
 .rodata.aPLLMULFactorTable.1
                0x0000000008006c54       0x10 ./Drivers/STM32F1xx_HAL_Driver/Src/stm32f1xx_hal_rcc.o
 .rodata.aPredivFactorTable.0
                0x0000000008006c64        0x2 ./Drivers/STM32F1xx_HAL_Driver/Src/stm32f1xx_hal_rcc.o
 *fill*         0x0000000008006c66        0x2 
 .rodata.__sf_fake_stderr
                0x0000000008006c68       0x20 c:/st/stm32cubeide_1.12.0/stm32cubeide/plugins/com.st.stm32cube.ide.mcu.externaltools.gnu-tools-for-stm32.10.3-2021.10.win32_1.0.200.202301161003/tools/bin/../lib/gcc/arm-none-eabi/10.3.1/../../../../arm-none-eabi/lib/thumb/v7-m/nofp\libc_nano.a(lib_a-findfp.o)
                0x0000000008006c68                __sf_fake_stderr
 .rodata.__sf_fake_stdin
                0x0000000008006c88       0x20 c:/st/stm32cubeide_1.12.0/stm32cubeide/plugins/com.st.stm32cube.ide.mcu.externaltools.gnu-tools-for-stm32.10.3-2021.10.win32_1.0.200.202301161003/tools/bin/../lib/gcc/arm-none-eabi/10.3.1/../../../../arm-none-eabi/lib/thumb/v7-m/nofp\libc_nano.a(lib_a-findfp.o)
                0x0000000008006c88                __sf_fake_stdin
 .rodata.__sf_fake_stdout
                0x0000000008006ca8       0x20 c:/st/stm32cubeide_1.12.0/stm32cubeide/plugins/com.st.stm32cube.ide.mcu.externaltools.gnu-tools-for-stm32.10.3-2021.10.win32_1.0.200.202301161003/tools/bin/../lib/gcc/arm-none-eabi/10.3.1/../../../../arm-none-eabi/lib/thumb/v7-m/nofp\libc_nano.a(lib_a-findfp.o)
                0x0000000008006ca8                __sf_fake_stdout
                0x0000000008006cc8                . = ALIGN (0x4)

.rel.dyn        0x0000000008006cc8        0x0
 .rel.iplt      0x0000000008006cc8        0x0 c:/st/stm32cubeide_1.12.0/stm32cubeide/plugins/com.st.stm32cube.ide.mcu.externaltools.gnu-tools-for-stm32.10.3-2021.10.win32_1.0.200.202301161003/tools/bin/../lib/gcc/arm-none-eabi/10.3.1/thumb/v7-m/nofp/crtbegin.o

.ARM.extab      0x0000000008006cc8        0x0
                0x0000000008006cc8                . = ALIGN (0x4)
 *(.ARM.extab* .gnu.linkonce.armextab.*)
                0x0000000008006cc8                . = ALIGN (0x4)

.ARM            0x0000000008006cc8        0x0
                0x0000000008006cc8                . = ALIGN (0x4)
                0x0000000008006cc8                __exidx_start = .
 *(.ARM.exidx*)
                0x0000000008006cc8                __exidx_end = .
                0x0000000008006cc8                . = ALIGN (0x4)

.preinit_array  0x0000000008006cc8        0x0
                0x0000000008006cc8                . = ALIGN (0x4)
                0x0000000008006cc8                PROVIDE (__preinit_array_start = .)
 *(.preinit_array*)
                0x0000000008006cc8                PROVIDE (__preinit_array_end = .)
                0x0000000008006cc8                . = ALIGN (0x4)

.init_array     0x0000000008006cc8        0x4
                0x0000000008006cc8                . = ALIGN (0x4)
                0x0000000008006cc8                PROVIDE (__init_array_start = .)
 *(SORT_BY_NAME(.init_array.*))
 *(.init_array*)
 .init_array    0x0000000008006cc8        0x4 c:/st/stm32cubeide_1.12.0/stm32cubeide/plugins/com.st.stm32cube.ide.mcu.externaltools.gnu-tools-for-stm32.10.3-2021.10.win32_1.0.200.202301161003/tools/bin/../lib/gcc/arm-none-eabi/10.3.1/thumb/v7-m/nofp/crtbegin.o
                0x0000000008006ccc                PROVIDE (__init_array_end = .)
                0x0000000008006ccc                . = ALIGN (0x4)

.fini_array     0x0000000008006ccc        0x4
                0x0000000008006ccc                . = ALIGN (0x4)
                [!provide]                        PROVIDE (__fini_array_start = .)
 *(SORT_BY_NAME(.fini_array.*))
 *(.fini_array*)
 .fini_array    0x0000000008006ccc        0x4 c:/st/stm32cubeide_1.12.0/stm32cubeide/plugins/com.st.stm32cube.ide.mcu.externaltools.gnu-tools-for-stm32.10.3-2021.10.win32_1.0.200.202301161003/tools/bin/../lib/gcc/arm-none-eabi/10.3.1/thumb/v7-m/nofp/crtbegin.o
                [!provide]                        PROVIDE (__fini_array_end = .)
                0x0000000008006cd0                . = ALIGN (0x4)
                0x0000000008006cd0                _sidata = LOADADDR (.data)

.data           0x0000000020000000       0x78 load address 0x0000000008006cd0
                0x0000000020000000                . = ALIGN (0x4)
                0x0000000020000000                _sdata = .
 *(.data)
 *(.data*)
 .data.u8FlagLess10
                0x0000000020000000        0x1 ./Core/Src/main.o
                0x0000000020000000                u8FlagLess10
 .data.u8FlagLess5
                0x0000000020000001        0x1 ./Core/Src/main.o
                0x0000000020000001                u8FlagLess5
 *fill*         0x0000000020000002        0x2 
 .data.SystemCoreClock
                0x0000000020000004        0x4 ./Core/Src/system_stm32f1xx.o
                0x0000000020000004                SystemCoreClock
 .data.uwTickPrio
                0x0000000020000008        0x4 ./Drivers/STM32F1xx_HAL_Driver/Src/stm32f1xx_hal.o
                0x0000000020000008                uwTickPrio
 .data.uwTickFreq
                0x000000002000000c        0x1 ./Drivers/STM32F1xx_HAL_Driver/Src/stm32f1xx_hal.o
                0x000000002000000c                uwTickFreq
 *fill*         0x000000002000000d        0x3 
 .data.uxCriticalNesting
                0x0000000020000010        0x4 ./Middlewares/Third_Party/FreeRTOS/Source/portable/GCC/ARM_CM3/port.o
 .data._impure_ptr
                0x0000000020000014        0x4 c:/st/stm32cubeide_1.12.0/stm32cubeide/plugins/com.st.stm32cube.ide.mcu.externaltools.gnu-tools-for-stm32.10.3-2021.10.win32_1.0.200.202301161003/tools/bin/../lib/gcc/arm-none-eabi/10.3.1/../../../../arm-none-eabi/lib/thumb/v7-m/nofp\libc_nano.a(lib_a-impure.o)
                0x0000000020000014                _impure_ptr
 .data.impure_data
                0x0000000020000018       0x60 c:/st/stm32cubeide_1.12.0/stm32cubeide/plugins/com.st.stm32cube.ide.mcu.externaltools.gnu-tools-for-stm32.10.3-2021.10.win32_1.0.200.202301161003/tools/bin/../lib/gcc/arm-none-eabi/10.3.1/../../../../arm-none-eabi/lib/thumb/v7-m/nofp\libc_nano.a(lib_a-impure.o)
 *(.RamFunc)
 *(.RamFunc*)
                0x0000000020000078                . = ALIGN (0x4)
                0x0000000020000078                _edata = .

.igot.plt       0x0000000020000078        0x0 load address 0x0000000008006d48
 .igot.plt      0x0000000020000078        0x0 c:/st/stm32cubeide_1.12.0/stm32cubeide/plugins/com.st.stm32cube.ide.mcu.externaltools.gnu-tools-for-stm32.10.3-2021.10.win32_1.0.200.202301161003/tools/bin/../lib/gcc/arm-none-eabi/10.3.1/thumb/v7-m/nofp/crtbegin.o
                0x0000000020000078                . = ALIGN (0x4)

.bss            0x0000000020000078     0x120c load address 0x0000000008006d48
                0x0000000020000078                _sbss = .
                0x0000000020000078                __bss_start__ = _sbss
 *(.bss)
 .bss           0x0000000020000078       0x1c c:/st/stm32cubeide_1.12.0/stm32cubeide/plugins/com.st.stm32cube.ide.mcu.externaltools.gnu-tools-for-stm32.10.3-2021.10.win32_1.0.200.202301161003/tools/bin/../lib/gcc/arm-none-eabi/10.3.1/thumb/v7-m/nofp/crtbegin.o
 *(.bss*)
 .bss.RxData    0x0000000020000094       0x14 ./Core/Src/HC05_Bluetooth.o
                0x0000000020000094                RxData
 .bss.TIMEON    0x00000000200000a8        0x2 ./Core/Src/UltraSonic_program_.o
                0x00000000200000a8                TIMEON
 .bss.State     0x00000000200000aa        0x1 ./Core/Src/UltraSonic_program_.o
                0x00000000200000aa                State
 *fill*         0x00000000200000ab        0x1 
 .bss.xIdleTaskTCBBuffer
                0x00000000200000ac       0xb4 ./Core/Src/freertos.o
 .bss.xIdleStack
                0x0000000020000160      0x200 ./Core/Src/freertos.o
 .bss.htim1     0x0000000020000360       0x48 ./Core/Src/main.o
                0x0000000020000360                htim1
 .bss.htim3     0x00000000200003a8       0x48 ./Core/Src/main.o
                0x00000000200003a8                htim3
 .bss.htim4     0x00000000200003f0       0x48 ./Core/Src/main.o
                0x00000000200003f0                htim4
 .bss.huart1    0x0000000020000438       0x48 ./Core/Src/main.o
                0x0000000020000438                huart1
 .bss.huart3    0x0000000020000480       0x48 ./Core/Src/main.o
                0x0000000020000480                huart3
 .bss.EG_Action
                0x00000000200004c8        0x4 ./Core/Src/main.o
                0x00000000200004c8                EG_Action
 .bss.EG_Value  0x00000000200004cc        0x4 ./Core/Src/main.o
                0x00000000200004cc                EG_Value
 .bss.EG_V2V    0x00000000200004d0        0x4 ./Core/Src/main.o
                0x00000000200004d0                EG_V2V
 .bss.EG_V2VValue
                0x00000000200004d4        0x4 ./Core/Src/main.o
                0x00000000200004d4                EG_V2VValue
 .bss.Duty      0x00000000200004d8        0x1 ./Core/Src/main.o
                0x00000000200004d8                Duty
 .bss.ACC_State
                0x00000000200004d9        0x1 ./Core/Src/main.o
                0x00000000200004d9                ACC_State
 .bss.Engine_State
                0x00000000200004da        0x1 ./Core/Src/main.o
                0x00000000200004da                Engine_State
 *fill*         0x00000000200004db        0x1 
 .bss.Distance  0x00000000200004dc        0x4 ./Core/Src/main.o
                0x00000000200004dc                Distance
 .bss.Counter   0x00000000200004e0        0x1 ./Core/Src/main.o
                0x00000000200004e0                Counter
 *fill*         0x00000000200004e1        0x3 
 .bss.htim2     0x00000000200004e4       0x48 ./Core/Src/stm32f1xx_hal_timebase_tim.o
                0x00000000200004e4                htim2
 .bss.uwTick    0x000000002000052c        0x4 ./Drivers/STM32F1xx_HAL_Driver/Src/stm32f1xx_hal.o
                0x000000002000052c                uwTick
 .bss.pxCurrentTCB
                0x0000000020000530        0x4 ./Middlewares/Third_Party/FreeRTOS/Source/tasks.o
                0x0000000020000530                pxCurrentTCB
 .bss.pxReadyTasksLists
                0x0000000020000534       0x8c ./Middlewares/Third_Party/FreeRTOS/Source/tasks.o
 .bss.xDelayedTaskList1
                0x00000000200005c0       0x14 ./Middlewares/Third_Party/FreeRTOS/Source/tasks.o
 .bss.xDelayedTaskList2
                0x00000000200005d4       0x14 ./Middlewares/Third_Party/FreeRTOS/Source/tasks.o
 .bss.pxDelayedTaskList
                0x00000000200005e8        0x4 ./Middlewares/Third_Party/FreeRTOS/Source/tasks.o
 .bss.pxOverflowDelayedTaskList
                0x00000000200005ec        0x4 ./Middlewares/Third_Party/FreeRTOS/Source/tasks.o
 .bss.xPendingReadyList
                0x00000000200005f0       0x14 ./Middlewares/Third_Party/FreeRTOS/Source/tasks.o
 .bss.xTasksWaitingTermination
                0x0000000020000604       0x14 ./Middlewares/Third_Party/FreeRTOS/Source/tasks.o
 .bss.uxDeletedTasksWaitingCleanUp
                0x0000000020000618        0x4 ./Middlewares/Third_Party/FreeRTOS/Source/tasks.o
 .bss.xSuspendedTaskList
                0x000000002000061c       0x14 ./Middlewares/Third_Party/FreeRTOS/Source/tasks.o
 .bss.uxCurrentNumberOfTasks
                0x0000000020000630        0x4 ./Middlewares/Third_Party/FreeRTOS/Source/tasks.o
 .bss.xTickCount
                0x0000000020000634        0x4 ./Middlewares/Third_Party/FreeRTOS/Source/tasks.o
 .bss.uxTopReadyPriority
                0x0000000020000638        0x4 ./Middlewares/Third_Party/FreeRTOS/Source/tasks.o
 .bss.xSchedulerRunning
                0x000000002000063c        0x4 ./Middlewares/Third_Party/FreeRTOS/Source/tasks.o
 .bss.uxPendedTicks
                0x0000000020000640        0x4 ./Middlewares/Third_Party/FreeRTOS/Source/tasks.o
 .bss.xYieldPending
                0x0000000020000644        0x4 ./Middlewares/Third_Party/FreeRTOS/Source/tasks.o
 .bss.xNumOfOverflows
                0x0000000020000648        0x4 ./Middlewares/Third_Party/FreeRTOS/Source/tasks.o
 .bss.uxTaskNumber
                0x000000002000064c        0x4 ./Middlewares/Third_Party/FreeRTOS/Source/tasks.o
 .bss.xNextTaskUnblockTime
                0x0000000020000650        0x4 ./Middlewares/Third_Party/FreeRTOS/Source/tasks.o
 .bss.xIdleTaskHandle
                0x0000000020000654        0x4 ./Middlewares/Third_Party/FreeRTOS/Source/tasks.o
 .bss.uxSchedulerSuspended
                0x0000000020000658        0x4 ./Middlewares/Third_Party/FreeRTOS/Source/tasks.o
 .bss.ucMaxSysCallPriority
                0x000000002000065c        0x1 ./Middlewares/Third_Party/FreeRTOS/Source/portable/GCC/ARM_CM3/port.o
 *fill*         0x000000002000065d        0x3 
 .bss.ulMaxPRIGROUPValue
                0x0000000020000660        0x4 ./Middlewares/Third_Party/FreeRTOS/Source/portable/GCC/ARM_CM3/port.o
 .bss.ucHeap    0x0000000020000664      0xc00 ./Middlewares/Third_Party/FreeRTOS/Source/portable/MemMang/heap_4.o
 .bss.xStart    0x0000000020001264        0x8 ./Middlewares/Third_Party/FreeRTOS/Source/portable/MemMang/heap_4.o
 .bss.pxEnd     0x000000002000126c        0x4 ./Middlewares/Third_Party/FreeRTOS/Source/portable/MemMang/heap_4.o
 .bss.xFreeBytesRemaining
                0x0000000020001270        0x4 ./Middlewares/Third_Party/FreeRTOS/Source/portable/MemMang/heap_4.o
 .bss.xMinimumEverFreeBytesRemaining
                0x0000000020001274        0x4 ./Middlewares/Third_Party/FreeRTOS/Source/portable/MemMang/heap_4.o
 .bss.xBlockAllocatedBit
                0x0000000020001278        0x4 ./Middlewares/Third_Party/FreeRTOS/Source/portable/MemMang/heap_4.o
 .bss.__lock___malloc_recursive_mutex
                0x000000002000127c        0x1 c:/st/stm32cubeide_1.12.0/stm32cubeide/plugins/com.st.stm32cube.ide.mcu.externaltools.gnu-tools-for-stm32.10.3-2021.10.win32_1.0.200.202301161003/tools/bin/../lib/gcc/arm-none-eabi/10.3.1/../../../../arm-none-eabi/lib/thumb/v7-m/nofp\libc_nano.a(lib_a-lock.o)
                0x000000002000127c                __lock___malloc_recursive_mutex
 *fill*         0x000000002000127d        0x3 
 .bss.__malloc_free_list
                0x0000000020001280        0x4 c:/st/stm32cubeide_1.12.0/stm32cubeide/plugins/com.st.stm32cube.ide.mcu.externaltools.gnu-tools-for-stm32.10.3-2021.10.win32_1.0.200.202301161003/tools/bin/../lib/gcc/arm-none-eabi/10.3.1/../../../../arm-none-eabi/lib/thumb/v7-m/nofp\libc_nano.a(lib_a-nano-mallocr.o)
                0x0000000020001280                __malloc_free_list
 *(COMMON)
                0x0000000020001284                . = ALIGN (0x4)
                0x0000000020001284                _ebss = .
                0x0000000020001284                __bss_end__ = _ebss

._user_heap_stack
                0x0000000020001284      0x604 load address 0x0000000008006d48
                0x0000000020001288                . = ALIGN (0x8)
 *fill*         0x0000000020001284        0x4 
                [!provide]                        PROVIDE (end = .)
                0x0000000020001288                PROVIDE (_end = .)
                0x0000000020001488                . = (. + _Min_Heap_Size)
 *fill*         0x0000000020001288      0x200 
                0x0000000020001888                . = (. + _Min_Stack_Size)
 *fill*         0x0000000020001488      0x400 
                0x0000000020001888                . = ALIGN (0x8)

/DISCARD/
 libc.a(*)
 libm.a(*)
 libgcc.a(*)

.ARM.attributes
                0x0000000000000000       0x29
 *(.ARM.attributes)
 .ARM.attributes
                0x0000000000000000       0x1d c:/st/stm32cubeide_1.12.0/stm32cubeide/plugins/com.st.stm32cube.ide.mcu.externaltools.gnu-tools-for-stm32.10.3-2021.10.win32_1.0.200.202301161003/tools/bin/../lib/gcc/arm-none-eabi/10.3.1/thumb/v7-m/nofp/crti.o
 .ARM.attributes
                0x000000000000001d       0x2d c:/st/stm32cubeide_1.12.0/stm32cubeide/plugins/com.st.stm32cube.ide.mcu.externaltools.gnu-tools-for-stm32.10.3-2021.10.win32_1.0.200.202301161003/tools/bin/../lib/gcc/arm-none-eabi/10.3.1/thumb/v7-m/nofp/crtbegin.o
 .ARM.attributes
                0x000000000000004a       0x2d ./Core/Src/DC_MOT.o
 .ARM.attributes
                0x0000000000000077       0x2d ./Core/Src/HC05_Bluetooth.o
 .ARM.attributes
                0x00000000000000a4       0x2d ./Core/Src/LCD_program.o
 .ARM.attributes
                0x00000000000000d1       0x2d ./Core/Src/UltraSonic_program_.o
 .ARM.attributes
                0x00000000000000fe       0x2d ./Core/Src/freertos.o
 .ARM.attributes
                0x000000000000012b       0x2d ./Core/Src/main.o
 .ARM.attributes
                0x0000000000000158       0x2d ./Core/Src/stm32f1xx_hal_msp.o
 .ARM.attributes
                0x0000000000000185       0x2d ./Core/Src/stm32f1xx_hal_timebase_tim.o
 .ARM.attributes
                0x00000000000001b2       0x2d ./Core/Src/stm32f1xx_it.o
 .ARM.attributes
                0x00000000000001df       0x2d ./Core/Src/system_stm32f1xx.o
 .ARM.attributes
                0x000000000000020c       0x21 ./Core/Startup/startup_stm32f103c8tx.o
 .ARM.attributes
                0x000000000000022d       0x2d ./Drivers/STM32F1xx_HAL_Driver/Src/stm32f1xx_hal.o
 .ARM.attributes
                0x000000000000025a       0x2d ./Drivers/STM32F1xx_HAL_Driver/Src/stm32f1xx_hal_cortex.o
 .ARM.attributes
                0x0000000000000287       0x2d ./Drivers/STM32F1xx_HAL_Driver/Src/stm32f1xx_hal_dma.o
 .ARM.attributes
                0x00000000000002b4       0x2d ./Drivers/STM32F1xx_HAL_Driver/Src/stm32f1xx_hal_gpio.o
 .ARM.attributes
                0x00000000000002e1       0x2d ./Drivers/STM32F1xx_HAL_Driver/Src/stm32f1xx_hal_rcc.o
 .ARM.attributes
                0x000000000000030e       0x2d ./Drivers/STM32F1xx_HAL_Driver/Src/stm32f1xx_hal_tim.o
 .ARM.attributes
                0x000000000000033b       0x2d ./Drivers/STM32F1xx_HAL_Driver/Src/stm32f1xx_hal_tim_ex.o
 .ARM.attributes
                0x0000000000000368       0x2d ./Drivers/STM32F1xx_HAL_Driver/Src/stm32f1xx_hal_uart.o
 .ARM.attributes
                0x0000000000000395       0x2d ./Middlewares/Third_Party/FreeRTOS/Source/event_groups.o
 .ARM.attributes
                0x00000000000003c2       0x2d ./Middlewares/Third_Party/FreeRTOS/Source/list.o
 .ARM.attributes
                0x00000000000003ef       0x2d ./Middlewares/Third_Party/FreeRTOS/Source/tasks.o
 .ARM.attributes
                0x000000000000041c       0x2d ./Middlewares/Third_Party/FreeRTOS/Source/portable/GCC/ARM_CM3/port.o
 .ARM.attributes
                0x0000000000000449       0x2d ./Middlewares/Third_Party/FreeRTOS/Source/portable/MemMang/heap_4.o
 .ARM.attributes
                0x0000000000000476       0x2d c:/st/stm32cubeide_1.12.0/stm32cubeide/plugins/com.st.stm32cube.ide.mcu.externaltools.gnu-tools-for-stm32.10.3-2021.10.win32_1.0.200.202301161003/tools/bin/../lib/gcc/arm-none-eabi/10.3.1/../../../../arm-none-eabi/lib/thumb/v7-m/nofp\libc_nano.a(lib_a-findfp.o)
 .ARM.attributes
                0x00000000000004a3       0x2d c:/st/stm32cubeide_1.12.0/stm32cubeide/plugins/com.st.stm32cube.ide.mcu.externaltools.gnu-tools-for-stm32.10.3-2021.10.win32_1.0.200.202301161003/tools/bin/../lib/gcc/arm-none-eabi/10.3.1/../../../../arm-none-eabi/lib/thumb/v7-m/nofp\libc_nano.a(lib_a-impure.o)
 .ARM.attributes
                0x00000000000004d0       0x2d c:/st/stm32cubeide_1.12.0/stm32cubeide/plugins/com.st.stm32cube.ide.mcu.externaltools.gnu-tools-for-stm32.10.3-2021.10.win32_1.0.200.202301161003/tools/bin/../lib/gcc/arm-none-eabi/10.3.1/../../../../arm-none-eabi/lib/thumb/v7-m/nofp\libc_nano.a(lib_a-init.o)
 .ARM.attributes
                0x00000000000004fd       0x2d c:/st/stm32cubeide_1.12.0/stm32cubeide/plugins/com.st.stm32cube.ide.mcu.externaltools.gnu-tools-for-stm32.10.3-2021.10.win32_1.0.200.202301161003/tools/bin/../lib/gcc/arm-none-eabi/10.3.1/../../../../arm-none-eabi/lib/thumb/v7-m/nofp\libc_nano.a(lib_a-lock.o)
 .ARM.attributes
                0x000000000000052a       0x2d c:/st/stm32cubeide_1.12.0/stm32cubeide/plugins/com.st.stm32cube.ide.mcu.externaltools.gnu-tools-for-stm32.10.3-2021.10.win32_1.0.200.202301161003/tools/bin/../lib/gcc/arm-none-eabi/10.3.1/../../../../arm-none-eabi/lib/thumb/v7-m/nofp\libc_nano.a(lib_a-memset.o)
 .ARM.attributes
                0x0000000000000557       0x2d c:/st/stm32cubeide_1.12.0/stm32cubeide/plugins/com.st.stm32cube.ide.mcu.externaltools.gnu-tools-for-stm32.10.3-2021.10.win32_1.0.200.202301161003/tools/bin/../lib/gcc/arm-none-eabi/10.3.1/../../../../arm-none-eabi/lib/thumb/v7-m/nofp\libc_nano.a(lib_a-nano-mallocr.o)
 .ARM.attributes
                0x0000000000000584       0x2d c:/st/stm32cubeide_1.12.0/stm32cubeide/plugins/com.st.stm32cube.ide.mcu.externaltools.gnu-tools-for-stm32.10.3-2021.10.win32_1.0.200.202301161003/tools/bin/../lib/gcc/arm-none-eabi/10.3.1/../../../../arm-none-eabi/lib/thumb/v7-m/nofp\libc_nano.a(lib_a-reent.o)
 .ARM.attributes
                0x00000000000005b1       0x2d c:/st/stm32cubeide_1.12.0/stm32cubeide/plugins/com.st.stm32cube.ide.mcu.externaltools.gnu-tools-for-stm32.10.3-2021.10.win32_1.0.200.202301161003/tools/bin/../lib/gcc/arm-none-eabi/10.3.1/../../../../arm-none-eabi/lib/thumb/v7-m/nofp\libc_nano.a(lib_a-mlock.o)
 .ARM.attributes
                0x00000000000005de       0x2d c:/st/stm32cubeide_1.12.0/stm32cubeide/plugins/com.st.stm32cube.ide.mcu.externaltools.gnu-tools-for-stm32.10.3-2021.10.win32_1.0.200.202301161003/tools/bin/../lib/gcc/arm-none-eabi/10.3.1/../../../../arm-none-eabi/lib/thumb/v7-m/nofp\libc_nano.a(lib_a-nano-freer.o)
 .ARM.attributes
                0x000000000000060b       0x1d c:/st/stm32cubeide_1.12.0/stm32cubeide/plugins/com.st.stm32cube.ide.mcu.externaltools.gnu-tools-for-stm32.10.3-2021.10.win32_1.0.200.202301161003/tools/bin/../lib/gcc/arm-none-eabi/10.3.1/thumb/v7-m/nofp\libgcc.a(_arm_addsubdf3.o)
 .ARM.attributes
                0x0000000000000628       0x1d c:/st/stm32cubeide_1.12.0/stm32cubeide/plugins/com.st.stm32cube.ide.mcu.externaltools.gnu-tools-for-stm32.10.3-2021.10.win32_1.0.200.202301161003/tools/bin/../lib/gcc/arm-none-eabi/10.3.1/thumb/v7-m/nofp\libgcc.a(_arm_muldivdf3.o)
 .ARM.attributes
                0x0000000000000645       0x1d c:/st/stm32cubeide_1.12.0/stm32cubeide/plugins/com.st.stm32cube.ide.mcu.externaltools.gnu-tools-for-stm32.10.3-2021.10.win32_1.0.200.202301161003/tools/bin/../lib/gcc/arm-none-eabi/10.3.1/thumb/v7-m/nofp\libgcc.a(_arm_truncdfsf2.o)
 .ARM.attributes
                0x0000000000000662       0x1d c:/st/stm32cubeide_1.12.0/stm32cubeide/plugins/com.st.stm32cube.ide.mcu.externaltools.gnu-tools-for-stm32.10.3-2021.10.win32_1.0.200.202301161003/tools/bin/../lib/gcc/arm-none-eabi/10.3.1/thumb/v7-m/nofp\libgcc.a(_arm_cmpsf2.o)
 .ARM.attributes
                0x000000000000067f       0x1d c:/st/stm32cubeide_1.12.0/stm32cubeide/plugins/com.st.stm32cube.ide.mcu.externaltools.gnu-tools-for-stm32.10.3-2021.10.win32_1.0.200.202301161003/tools/bin/../lib/gcc/arm-none-eabi/10.3.1/thumb/v7-m/nofp\libgcc.a(_arm_fixunssfsi.o)
 .ARM.attributes
                0x000000000000069c       0x1d c:/st/stm32cubeide_1.12.0/stm32cubeide/plugins/com.st.stm32cube.ide.mcu.externaltools.gnu-tools-for-stm32.10.3-2021.10.win32_1.0.200.202301161003/tools/bin/../lib/gcc/arm-none-eabi/10.3.1/thumb/v7-m/nofp/crtn.o
OUTPUT(AdaptiveCruiseControl_RTOS.elf elf32-littlearm)
LOAD linker stubs
LOAD c:/st/stm32cubeide_1.12.0/stm32cubeide/plugins/com.st.stm32cube.ide.mcu.externaltools.gnu-tools-for-stm32.10.3-2021.10.win32_1.0.200.202301161003/tools/bin/../lib/gcc/arm-none-eabi/10.3.1/../../../../arm-none-eabi/lib/thumb/v7-m/nofp\libc.a
LOAD c:/st/stm32cubeide_1.12.0/stm32cubeide/plugins/com.st.stm32cube.ide.mcu.externaltools.gnu-tools-for-stm32.10.3-2021.10.win32_1.0.200.202301161003/tools/bin/../lib/gcc/arm-none-eabi/10.3.1/../../../../arm-none-eabi/lib/thumb/v7-m/nofp\libm.a
LOAD c:/st/stm32cubeide_1.12.0/stm32cubeide/plugins/com.st.stm32cube.ide.mcu.externaltools.gnu-tools-for-stm32.10.3-2021.10.win32_1.0.200.202301161003/tools/bin/../lib/gcc/arm-none-eabi/10.3.1/thumb/v7-m/nofp\libgcc.a

.debug_info     0x0000000000000000    0x1373c
 .debug_info    0x0000000000000000      0x87c ./Core/Src/DC_MOT.o
 .debug_info    0x000000000000087c      0x75d ./Core/Src/HC05_Bluetooth.o
 .debug_info    0x0000000000000fd9      0x328 ./Core/Src/LCD_program.o
 .debug_info    0x0000000000001301      0x9ff ./Core/Src/UltraSonic_program_.o
 .debug_info    0x0000000000001d00      0x9b6 ./Core/Src/freertos.o
 .debug_info    0x00000000000026b6     0x1500 ./Core/Src/main.o
 .debug_info    0x0000000000003bb6      0xf56 ./Core/Src/stm32f1xx_hal_msp.o
 .debug_info    0x0000000000004b0c      0x9fd ./Core/Src/stm32f1xx_hal_timebase_tim.o
 .debug_info    0x0000000000005509      0x996 ./Core/Src/stm32f1xx_it.o
 .debug_info    0x0000000000005e9f      0x23d ./Core/Src/system_stm32f1xx.o
 .debug_info    0x00000000000060dc       0x22 ./Core/Startup/startup_stm32f103c8tx.o
 .debug_info    0x00000000000060fe      0x734 ./Drivers/STM32F1xx_HAL_Driver/Src/stm32f1xx_hal.o
 .debug_info    0x0000000000006832      0xb20 ./Drivers/STM32F1xx_HAL_Driver/Src/stm32f1xx_hal_cortex.o
 .debug_info    0x0000000000007352      0x744 ./Drivers/STM32F1xx_HAL_Driver/Src/stm32f1xx_hal_dma.o
 .debug_info    0x0000000000007a96      0x615 ./Drivers/STM32F1xx_HAL_Driver/Src/stm32f1xx_hal_gpio.o
 .debug_info    0x00000000000080ab      0x865 ./Drivers/STM32F1xx_HAL_Driver/Src/stm32f1xx_hal_rcc.o
 .debug_info    0x0000000000008910     0x2bab ./Drivers/STM32F1xx_HAL_Driver/Src/stm32f1xx_hal_tim.o
 .debug_info    0x000000000000b4bb     0x15c7 ./Drivers/STM32F1xx_HAL_Driver/Src/stm32f1xx_hal_tim_ex.o
 .debug_info    0x000000000000ca82     0x31b2 ./Drivers/STM32F1xx_HAL_Driver/Src/stm32f1xx_hal_uart.o
 .debug_info    0x000000000000fc34      0xab4 ./Middlewares/Third_Party/FreeRTOS/Source/event_groups.o
 .debug_info    0x00000000000106e8      0x2cb ./Middlewares/Third_Party/FreeRTOS/Source/list.o
 .debug_info    0x00000000000109b3     0x24ea ./Middlewares/Third_Party/FreeRTOS/Source/tasks.o
 .debug_info    0x0000000000012e9d      0x4b7 ./Middlewares/Third_Party/FreeRTOS/Source/portable/GCC/ARM_CM3/port.o
 .debug_info    0x0000000000013354      0x3e8 ./Middlewares/Third_Party/FreeRTOS/Source/portable/MemMang/heap_4.o

.debug_abbrev   0x0000000000000000     0x3192
 .debug_abbrev  0x0000000000000000      0x1e6 ./Core/Src/DC_MOT.o
 .debug_abbrev  0x00000000000001e6      0x1e3 ./Core/Src/HC05_Bluetooth.o
 .debug_abbrev  0x00000000000003c9      0x152 ./Core/Src/LCD_program.o
 .debug_abbrev  0x000000000000051b      0x21a ./Core/Src/UltraSonic_program_.o
 .debug_abbrev  0x0000000000000735      0x169 ./Core/Src/freertos.o
 .debug_abbrev  0x000000000000089e      0x32f ./Core/Src/main.o
 .debug_abbrev  0x0000000000000bcd      0x242 ./Core/Src/stm32f1xx_hal_msp.o
 .debug_abbrev  0x0000000000000e0f      0x1e6 ./Core/Src/stm32f1xx_hal_timebase_tim.o
 .debug_abbrev  0x0000000000000ff5      0x178 ./Core/Src/stm32f1xx_it.o
 .debug_abbrev  0x000000000000116d      0x13b ./Core/Src/system_stm32f1xx.o
 .debug_abbrev  0x00000000000012a8       0x12 ./Core/Startup/startup_stm32f103c8tx.o
 .debug_abbrev  0x00000000000012ba      0x1fb ./Drivers/STM32F1xx_HAL_Driver/Src/stm32f1xx_hal.o
 .debug_abbrev  0x00000000000014b5      0x2ed ./Drivers/STM32F1xx_HAL_Driver/Src/stm32f1xx_hal_cortex.o
 .debug_abbrev  0x00000000000017a2      0x1fe ./Drivers/STM32F1xx_HAL_Driver/Src/stm32f1xx_hal_dma.o
 .debug_abbrev  0x00000000000019a0      0x1bb ./Drivers/STM32F1xx_HAL_Driver/Src/stm32f1xx_hal_gpio.o
 .debug_abbrev  0x0000000000001b5b      0x2a8 ./Drivers/STM32F1xx_HAL_Driver/Src/stm32f1xx_hal_rcc.o
 .debug_abbrev  0x0000000000001e03      0x264 ./Drivers/STM32F1xx_HAL_Driver/Src/stm32f1xx_hal_tim.o
 .debug_abbrev  0x0000000000002067      0x26c ./Drivers/STM32F1xx_HAL_Driver/Src/stm32f1xx_hal_tim_ex.o
 .debug_abbrev  0x00000000000022d3      0x2df ./Drivers/STM32F1xx_HAL_Driver/Src/stm32f1xx_hal_uart.o
 .debug_abbrev  0x00000000000025b2      0x2d4 ./Middlewares/Third_Party/FreeRTOS/Source/event_groups.o
 .debug_abbrev  0x0000000000002886       0xf2 ./Middlewares/Third_Party/FreeRTOS/Source/list.o
 .debug_abbrev  0x0000000000002978      0x3c4 ./Middlewares/Third_Party/FreeRTOS/Source/tasks.o
 .debug_abbrev  0x0000000000002d3c      0x257 ./Middlewares/Third_Party/FreeRTOS/Source/portable/GCC/ARM_CM3/port.o
 .debug_abbrev  0x0000000000002f93      0x1ff ./Middlewares/Third_Party/FreeRTOS/Source/portable/MemMang/heap_4.o

.debug_aranges  0x0000000000000000     0x10c0
 .debug_aranges
                0x0000000000000000       0x48 ./Core/Src/DC_MOT.o
 .debug_aranges
                0x0000000000000048       0x40 ./Core/Src/HC05_Bluetooth.o
 .debug_aranges
                0x0000000000000088       0x58 ./Core/Src/LCD_program.o
 .debug_aranges
                0x00000000000000e0       0x40 ./Core/Src/UltraSonic_program_.o
 .debug_aranges
                0x0000000000000120       0x20 ./Core/Src/freertos.o
 .debug_aranges
                0x0000000000000140       0x90 ./Core/Src/main.o
 .debug_aranges
                0x00000000000001d0       0x68 ./Core/Src/stm32f1xx_hal_msp.o
 .debug_aranges
                0x0000000000000238       0x30 ./Core/Src/stm32f1xx_hal_timebase_tim.o
 .debug_aranges
                0x0000000000000268       0x60 ./Core/Src/stm32f1xx_it.o
 .debug_aranges
                0x00000000000002c8       0x28 ./Core/Src/system_stm32f1xx.o
 .debug_aranges
                0x00000000000002f0       0x28 ./Core/Startup/startup_stm32f103c8tx.o
 .debug_aranges
                0x0000000000000318       0xe0 ./Drivers/STM32F1xx_HAL_Driver/Src/stm32f1xx_hal.o
 .debug_aranges
                0x00000000000003f8      0x100 ./Drivers/STM32F1xx_HAL_Driver/Src/stm32f1xx_hal_cortex.o
 .debug_aranges
                0x00000000000004f8       0x80 ./Drivers/STM32F1xx_HAL_Driver/Src/stm32f1xx_hal_dma.o
 .debug_aranges
                0x0000000000000578       0x58 ./Drivers/STM32F1xx_HAL_Driver/Src/stm32f1xx_hal_gpio.o
 .debug_aranges
                0x00000000000005d0       0x90 ./Drivers/STM32F1xx_HAL_Driver/Src/stm32f1xx_hal_rcc.o
 .debug_aranges
                0x0000000000000660      0x3d0 ./Drivers/STM32F1xx_HAL_Driver/Src/stm32f1xx_hal_tim.o
 .debug_aranges
                0x0000000000000a30      0x168 ./Drivers/STM32F1xx_HAL_Driver/Src/stm32f1xx_hal_tim_ex.o
 .debug_aranges
                0x0000000000000b98      0x208 ./Drivers/STM32F1xx_HAL_Driver/Src/stm32f1xx_hal_uart.o
 .debug_aranges
                0x0000000000000da0       0x70 ./Middlewares/Third_Party/FreeRTOS/Source/event_groups.o
 .debug_aranges
                0x0000000000000e10       0x40 ./Middlewares/Third_Party/FreeRTOS/Source/list.o
 .debug_aranges
                0x0000000000000e50      0x1a8 ./Middlewares/Third_Party/FreeRTOS/Source/tasks.o
 .debug_aranges
                0x0000000000000ff8       0x78 ./Middlewares/Third_Party/FreeRTOS/Source/portable/GCC/ARM_CM3/port.o
 .debug_aranges
                0x0000000000001070       0x50 ./Middlewares/Third_Party/FreeRTOS/Source/portable/MemMang/heap_4.o

.debug_ranges   0x0000000000000000      0xf78
 .debug_ranges  0x0000000000000000       0x38 ./Core/Src/DC_MOT.o
 .debug_ranges  0x0000000000000038       0x30 ./Core/Src/HC05_Bluetooth.o
 .debug_ranges  0x0000000000000068       0x48 ./Core/Src/LCD_program.o
 .debug_ranges  0x00000000000000b0       0x30 ./Core/Src/UltraSonic_program_.o
 .debug_ranges  0x00000000000000e0       0x10 ./Core/Src/freertos.o
 .debug_ranges  0x00000000000000f0       0x80 ./Core/Src/main.o
 .debug_ranges  0x0000000000000170       0x58 ./Core/Src/stm32f1xx_hal_msp.o
 .debug_ranges  0x00000000000001c8       0x20 ./Core/Src/stm32f1xx_hal_timebase_tim.o
 .debug_ranges  0x00000000000001e8       0x50 ./Core/Src/stm32f1xx_it.o
 .debug_ranges  0x0000000000000238       0x18 ./Core/Src/system_stm32f1xx.o
 .debug_ranges  0x0000000000000250       0x20 ./Core/Startup/startup_stm32f103c8tx.o
 .debug_ranges  0x0000000000000270       0xd0 ./Drivers/STM32F1xx_HAL_Driver/Src/stm32f1xx_hal.o
 .debug_ranges  0x0000000000000340       0xf0 ./Drivers/STM32F1xx_HAL_Driver/Src/stm32f1xx_hal_cortex.o
 .debug_ranges  0x0000000000000430       0x70 ./Drivers/STM32F1xx_HAL_Driver/Src/stm32f1xx_hal_dma.o
 .debug_ranges  0x00000000000004a0       0x48 ./Drivers/STM32F1xx_HAL_Driver/Src/stm32f1xx_hal_gpio.o
 .debug_ranges  0x00000000000004e8       0x80 ./Drivers/STM32F1xx_HAL_Driver/Src/stm32f1xx_hal_rcc.o
 .debug_ranges  0x0000000000000568      0x3c0 ./Drivers/STM32F1xx_HAL_Driver/Src/stm32f1xx_hal_tim.o
 .debug_ranges  0x0000000000000928      0x158 ./Drivers/STM32F1xx_HAL_Driver/Src/stm32f1xx_hal_tim_ex.o
 .debug_ranges  0x0000000000000a80      0x228 ./Drivers/STM32F1xx_HAL_Driver/Src/stm32f1xx_hal_uart.o
 .debug_ranges  0x0000000000000ca8       0x60 ./Middlewares/Third_Party/FreeRTOS/Source/event_groups.o
 .debug_ranges  0x0000000000000d08       0x30 ./Middlewares/Third_Party/FreeRTOS/Source/list.o
 .debug_ranges  0x0000000000000d38      0x198 ./Middlewares/Third_Party/FreeRTOS/Source/tasks.o
 .debug_ranges  0x0000000000000ed0       0x68 ./Middlewares/Third_Party/FreeRTOS/Source/portable/GCC/ARM_CM3/port.o
 .debug_ranges  0x0000000000000f38       0x40 ./Middlewares/Third_Party/FreeRTOS/Source/portable/MemMang/heap_4.o

.debug_macro    0x0000000000000000     0x40b7
 .debug_macro   0x0000000000000000      0x1b2 ./Core/Src/DC_MOT.o
 .debug_macro   0x00000000000001b2       0x28 ./Core/Src/DC_MOT.o
 .debug_macro   0x00000000000001da      0x1b2 ./Core/Src/HC05_Bluetooth.o
 .debug_macro   0x000000000000038c       0x10 ./Core/Src/HC05_Bluetooth.o
 .debug_macro   0x000000000000039c      0x30f ./Core/Src/LCD_program.o
 .debug_macro   0x00000000000006ab       0xdc ./Core/Src/LCD_program.o
 .debug_macro   0x0000000000000787      0x15a ./Core/Src/LCD_program.o
 .debug_macro   0x00000000000008e1       0xd7 ./Core/Src/LCD_program.o
 .debug_macro   0x00000000000009b8       0x10 ./Core/Src/LCD_program.o
 .debug_macro   0x00000000000009c8       0x1f ./Core/Src/LCD_program.o
 .debug_macro   0x00000000000009e7       0x52 ./Core/Src/LCD_program.o
 .debug_macro   0x0000000000000a39       0x18 ./Core/Src/LCD_program.o
 .debug_macro   0x0000000000000a51       0x3c ./Core/Src/LCD_program.o
 .debug_macro   0x0000000000000a8d       0x34 ./Core/Src/LCD_program.o
 .debug_macro   0x0000000000000ac1       0x16 ./Core/Src/LCD_program.o
 .debug_macro   0x0000000000000ad7       0x43 ./Core/Src/LCD_program.o
 .debug_macro   0x0000000000000b1a       0x34 ./Core/Src/LCD_program.o
 .debug_macro   0x0000000000000b4e       0x10 ./Core/Src/LCD_program.o
 .debug_macro   0x0000000000000b5e       0x58 ./Core/Src/LCD_program.o
 .debug_macro   0x0000000000000bb6       0x71 ./Core/Src/LCD_program.o
 .debug_macro   0x0000000000000c27       0x1c ./Core/Src/LCD_program.o
 .debug_macro   0x0000000000000c43      0x12a ./Core/Src/LCD_program.o
 .debug_macro   0x0000000000000d6d       0x10 ./Core/Src/LCD_program.o
 .debug_macro   0x0000000000000d7d       0x35 ./Core/Src/LCD_program.o
 .debug_macro   0x0000000000000db2      0x4b1 ./Core/Src/LCD_program.o
 .debug_macro   0x0000000000001263       0xb5 ./Core/Src/LCD_program.o
 .debug_macro   0x0000000000001318       0x8c ./Core/Src/LCD_program.o
 .debug_macro   0x00000000000013a4       0x91 ./Core/Src/LCD_program.o
 .debug_macro   0x0000000000001435       0x8d ./Core/Src/LCD_program.o
 .debug_macro   0x00000000000014c2       0x7e ./Core/Src/LCD_program.o
 .debug_macro   0x0000000000001540       0x19 ./Core/Src/LCD_program.o
 .debug_macro   0x0000000000001559       0xf2 ./Core/Src/LCD_program.o
 .debug_macro   0x000000000000164b       0x3a ./Core/Src/LCD_program.o
 .debug_macro   0x0000000000001685      0x2f7 ./Core/Src/UltraSonic_program_.o
 .debug_macro   0x000000000000197c      0x2b2 ./Core/Src/freertos.o
 .debug_macro   0x0000000000001c2e       0xdc ./Core/Src/freertos.o
 .debug_macro   0x0000000000001d0a      0x36d ./Core/Src/main.o
 .debug_macro   0x0000000000002077       0x16 ./Core/Src/main.o
 .debug_macro   0x000000000000208d       0x2e ./Core/Src/main.o
 .debug_macro   0x00000000000020bb      0x1ad ./Core/Src/stm32f1xx_hal_msp.o
 .debug_macro   0x0000000000002268      0x1a3 ./Core/Src/stm32f1xx_hal_timebase_tim.o
 .debug_macro   0x000000000000240b      0x1b7 ./Core/Src/stm32f1xx_it.o
 .debug_macro   0x00000000000025c2      0x1a3 ./Core/Src/system_stm32f1xx.o
 .debug_macro   0x0000000000002765      0x1c7 ./Drivers/STM32F1xx_HAL_Driver/Src/stm32f1xx_hal.o
 .debug_macro   0x000000000000292c      0x1a3 ./Drivers/STM32F1xx_HAL_Driver/Src/stm32f1xx_hal_cortex.o
 .debug_macro   0x0000000000002acf      0x1a3 ./Drivers/STM32F1xx_HAL_Driver/Src/stm32f1xx_hal_dma.o
 .debug_macro   0x0000000000002c72      0x20e ./Drivers/STM32F1xx_HAL_Driver/Src/stm32f1xx_hal_gpio.o
 .debug_macro   0x0000000000002e80      0x1b5 ./Drivers/STM32F1xx_HAL_Driver/Src/stm32f1xx_hal_rcc.o
 .debug_macro   0x0000000000003035      0x1a4 ./Drivers/STM32F1xx_HAL_Driver/Src/stm32f1xx_hal_tim.o
 .debug_macro   0x00000000000031d9      0x1a3 ./Drivers/STM32F1xx_HAL_Driver/Src/stm32f1xx_hal_tim_ex.o
 .debug_macro   0x000000000000337c      0x1a4 ./Drivers/STM32F1xx_HAL_Driver/Src/stm32f1xx_hal_uart.o
 .debug_macro   0x0000000000003520      0x1f2 ./Middlewares/Third_Party/FreeRTOS/Source/event_groups.o
 .debug_macro   0x0000000000003712      0x10e ./Middlewares/Third_Party/FreeRTOS/Source/event_groups.o
 .debug_macro   0x0000000000003820       0x8d ./Middlewares/Third_Party/FreeRTOS/Source/event_groups.o
 .debug_macro   0x00000000000038ad      0x199 ./Middlewares/Third_Party/FreeRTOS/Source/list.o
 .debug_macro   0x0000000000003a46      0x292 ./Middlewares/Third_Party/FreeRTOS/Source/tasks.o
 .debug_macro   0x0000000000003cd8       0x10 ./Middlewares/Third_Party/FreeRTOS/Source/tasks.o
 .debug_macro   0x0000000000003ce8      0x20f ./Middlewares/Third_Party/FreeRTOS/Source/portable/GCC/ARM_CM3/port.o
 .debug_macro   0x0000000000003ef7      0x1c0 ./Middlewares/Third_Party/FreeRTOS/Source/portable/MemMang/heap_4.o

.debug_line     0x0000000000000000    0x140c8
 .debug_line    0x0000000000000000      0x754 ./Core/Src/DC_MOT.o
 .debug_line    0x0000000000000754      0x766 ./Core/Src/HC05_Bluetooth.o
 .debug_line    0x0000000000000eba      0xae4 ./Core/Src/LCD_program.o
 .debug_line    0x000000000000199e      0x9fb ./Core/Src/UltraSonic_program_.o
 .debug_line    0x0000000000002399      0x8a4 ./Core/Src/freertos.o
 .debug_line    0x0000000000002c3d      0xdaa ./Core/Src/main.o
 .debug_line    0x00000000000039e7      0x80b ./Core/Src/stm32f1xx_hal_msp.o
 .debug_line    0x00000000000041f2      0x6f6 ./Core/Src/stm32f1xx_hal_timebase_tim.o
 .debug_line    0x00000000000048e8      0x746 ./Core/Src/stm32f1xx_it.o
 .debug_line    0x000000000000502e      0x6f8 ./Core/Src/system_stm32f1xx.o
 .debug_line    0x0000000000005726       0x86 ./Core/Startup/startup_stm32f103c8tx.o
 .debug_line    0x00000000000057ac      0x925 ./Drivers/STM32F1xx_HAL_Driver/Src/stm32f1xx_hal.o
 .debug_line    0x00000000000060d1      0xb0d ./Drivers/STM32F1xx_HAL_Driver/Src/stm32f1xx_hal_cortex.o
 .debug_line    0x0000000000006bde      0xd7e ./Drivers/STM32F1xx_HAL_Driver/Src/stm32f1xx_hal_dma.o
 .debug_line    0x000000000000795c      0x9be ./Drivers/STM32F1xx_HAL_Driver/Src/stm32f1xx_hal_gpio.o
 .debug_line    0x000000000000831a      0xd31 ./Drivers/STM32F1xx_HAL_Driver/Src/stm32f1xx_hal_rcc.o
 .debug_line    0x000000000000904b     0x33b0 ./Drivers/STM32F1xx_HAL_Driver/Src/stm32f1xx_hal_tim.o
 .debug_line    0x000000000000c3fb     0x187b ./Drivers/STM32F1xx_HAL_Driver/Src/stm32f1xx_hal_tim_ex.o
 .debug_line    0x000000000000dc76     0x2856 ./Drivers/STM32F1xx_HAL_Driver/Src/stm32f1xx_hal_uart.o
 .debug_line    0x00000000000104cc      0xaa1 ./Middlewares/Third_Party/FreeRTOS/Source/event_groups.o
 .debug_line    0x0000000000010f6d      0x711 ./Middlewares/Third_Party/FreeRTOS/Source/list.o
 .debug_line    0x000000000001167e     0x18f8 ./Middlewares/Third_Party/FreeRTOS/Source/tasks.o
 .debug_line    0x0000000000012f76      0x87f ./Middlewares/Third_Party/FreeRTOS/Source/portable/GCC/ARM_CM3/port.o
 .debug_line    0x00000000000137f5      0x8d3 ./Middlewares/Third_Party/FreeRTOS/Source/portable/MemMang/heap_4.o

.debug_str      0x0000000000000000    0x91ed2
 .debug_str     0x0000000000000000    0x8375c ./Core/Src/DC_MOT.o
                                      0x83b50 (size before relaxing)
 .debug_str     0x000000000008375c      0x359 ./Core/Src/HC05_Bluetooth.o
                                      0x83a32 (size before relaxing)
 .debug_str     0x0000000000083ab5     0x7797 ./Core/Src/LCD_program.o
                                      0x8acb6 (size before relaxing)
 .debug_str     0x000000000008b24c      0x34c ./Core/Src/UltraSonic_program_.o
                                      0x8b319 (size before relaxing)
 .debug_str     0x000000000008b598      0x467 ./Core/Src/freertos.o
                                      0x88cf9 (size before relaxing)
 .debug_str     0x000000000008b9ff      0x6d4 ./Core/Src/main.o
                                      0x8ba67 (size before relaxing)
 .debug_str     0x000000000008c0d3      0x150 ./Core/Src/stm32f1xx_hal_msp.o
                                      0x84057 (size before relaxing)
 .debug_str     0x000000000008c223       0xf5 ./Core/Src/stm32f1xx_hal_timebase_tim.o
                                      0x83e1b (size before relaxing)
 .debug_str     0x000000000008c318       0xee ./Core/Src/stm32f1xx_it.o
                                      0x83c60 (size before relaxing)
 .debug_str     0x000000000008c406       0x7e ./Core/Src/system_stm32f1xx.o
                                      0x83553 (size before relaxing)
 .debug_str     0x000000000008c484       0x36 ./Core/Startup/startup_stm32f103c8tx.o
                                         0x8a (size before relaxing)
 .debug_str     0x000000000008c4ba      0x340 ./Drivers/STM32F1xx_HAL_Driver/Src/stm32f1xx_hal.o
                                      0x83c86 (size before relaxing)
 .debug_str     0x000000000008c7fa      0x294 ./Drivers/STM32F1xx_HAL_Driver/Src/stm32f1xx_hal_cortex.o
                                      0x83bd2 (size before relaxing)
 .debug_str     0x000000000008ca8e      0x235 ./Drivers/STM32F1xx_HAL_Driver/Src/stm32f1xx_hal_dma.o
                                      0x838fc (size before relaxing)
 .debug_str     0x000000000008ccc3      0x2e1 ./Drivers/STM32F1xx_HAL_Driver/Src/stm32f1xx_hal_gpio.o
                                      0x838d9 (size before relaxing)
 .debug_str     0x000000000008cfa4      0x1f3 ./Drivers/STM32F1xx_HAL_Driver/Src/stm32f1xx_hal_rcc.o
                                      0x83982 (size before relaxing)
 .debug_str     0x000000000008d197      0xc31 ./Drivers/STM32F1xx_HAL_Driver/Src/stm32f1xx_hal_tim.o
                                      0x84974 (size before relaxing)
 .debug_str     0x000000000008ddc8      0x493 ./Drivers/STM32F1xx_HAL_Driver/Src/stm32f1xx_hal_tim_ex.o
                                      0x84190 (size before relaxing)
 .debug_str     0x000000000008e25b      0x5ad ./Drivers/STM32F1xx_HAL_Driver/Src/stm32f1xx_hal_uart.o
                                      0x83ff3 (size before relaxing)
 .debug_str     0x000000000008e808     0x1a94 ./Middlewares/Third_Party/FreeRTOS/Source/event_groups.o
                                       0xb7e2 (size before relaxing)
 .debug_str     0x000000000009029c       0xaf ./Middlewares/Third_Party/FreeRTOS/Source/list.o
                                       0xa35c (size before relaxing)
 .debug_str     0x000000000009034b     0x12d6 ./Middlewares/Third_Party/FreeRTOS/Source/tasks.o
                                       0xca1b (size before relaxing)
 .debug_str     0x0000000000091621      0x66e ./Middlewares/Third_Party/FreeRTOS/Source/portable/GCC/ARM_CM3/port.o
                                       0x9a91 (size before relaxing)
 .debug_str     0x0000000000091c8f      0x243 ./Middlewares/Third_Party/FreeRTOS/Source/portable/MemMang/heap_4.o
                                       0xaaa9 (size before relaxing)

.comment        0x0000000000000000       0x50
 .comment       0x0000000000000000       0x50 ./Core/Src/DC_MOT.o
                                         0x51 (size before relaxing)
 .comment       0x0000000000000050       0x51 ./Core/Src/HC05_Bluetooth.o
 .comment       0x0000000000000050       0x51 ./Core/Src/LCD_program.o
 .comment       0x0000000000000050       0x51 ./Core/Src/UltraSonic_program_.o
 .comment       0x0000000000000050       0x51 ./Core/Src/freertos.o
 .comment       0x0000000000000050       0x51 ./Core/Src/main.o
 .comment       0x0000000000000050       0x51 ./Core/Src/stm32f1xx_hal_msp.o
 .comment       0x0000000000000050       0x51 ./Core/Src/stm32f1xx_hal_timebase_tim.o
 .comment       0x0000000000000050       0x51 ./Core/Src/stm32f1xx_it.o
 .comment       0x0000000000000050       0x51 ./Core/Src/system_stm32f1xx.o
 .comment       0x0000000000000050       0x51 ./Drivers/STM32F1xx_HAL_Driver/Src/stm32f1xx_hal.o
 .comment       0x0000000000000050       0x51 ./Drivers/STM32F1xx_HAL_Driver/Src/stm32f1xx_hal_cortex.o
 .comment       0x0000000000000050       0x51 ./Drivers/STM32F1xx_HAL_Driver/Src/stm32f1xx_hal_dma.o
 .comment       0x0000000000000050       0x51 ./Drivers/STM32F1xx_HAL_Driver/Src/stm32f1xx_hal_gpio.o
 .comment       0x0000000000000050       0x51 ./Drivers/STM32F1xx_HAL_Driver/Src/stm32f1xx_hal_rcc.o
 .comment       0x0000000000000050       0x51 ./Drivers/STM32F1xx_HAL_Driver/Src/stm32f1xx_hal_tim.o
 .comment       0x0000000000000050       0x51 ./Drivers/STM32F1xx_HAL_Driver/Src/stm32f1xx_hal_tim_ex.o
 .comment       0x0000000000000050       0x51 ./Drivers/STM32F1xx_HAL_Driver/Src/stm32f1xx_hal_uart.o
 .comment       0x0000000000000050       0x51 ./Middlewares/Third_Party/FreeRTOS/Source/event_groups.o
 .comment       0x0000000000000050       0x51 ./Middlewares/Third_Party/FreeRTOS/Source/list.o
 .comment       0x0000000000000050       0x51 ./Middlewares/Third_Party/FreeRTOS/Source/tasks.o
 .comment       0x0000000000000050       0x51 ./Middlewares/Third_Party/FreeRTOS/Source/portable/GCC/ARM_CM3/port.o
 .comment       0x0000000000000050       0x51 ./Middlewares/Third_Party/FreeRTOS/Source/portable/MemMang/heap_4.o

.debug_frame    0x0000000000000000     0x48bc
 .debug_frame   0x0000000000000000       0xd8 ./Core/Src/DC_MOT.o
 .debug_frame   0x00000000000000d8       0xc8 ./Core/Src/HC05_Bluetooth.o
 .debug_frame   0x00000000000001a0      0x120 ./Core/Src/LCD_program.o
 .debug_frame   0x00000000000002c0       0xc8 ./Core/Src/UltraSonic_program_.o