../Core/Src/main.c:113:5:main	56	static
../Core/Src/main.c:202:6:SystemClock_Config	72	static
../Core/Src/main.c:241:13:MX_TIM1_Init	32	static
../Core/Src/main.c:290:13:MX_TIM3_Init	48	static
../Core/Src/main.c:339:13:MX_TIM4_Init	64	static
../Core/Src/main.c:398:13:MX_USART1_UART_Init	8	static
../Core/Src/main.c:431:13:MX_USART3_UART_Init	8	static
../Core/Src/main.c:464:13:MX_GPIO_Init	40	static
../Core/Src/main.c:504:6:BLE_Read_Task	24	static
../Core/Src/main.c:549:6:V2V_Task	32	static
../Core/Src/main.c:580:6:ACC_Task	16	static
../Core/Src/main.c:619:6:Action_Task	24	static
../Core/Src/main.c:676:6:Display_Task	16	static
../Core/Src/main.c:715:6:StartDefaultTask	16	static
../Core/Src/main.c:730:6:Error_Handler	4	static,ignoring_inline_asm
