../Core/Src/main.c:113:5:main	56	static
../Core/Src/main.c:200:6:SystemClock_Config	72	static
../Core/Src/main.c:239:13:MX_TIM1_Init	32	static
../Core/Src/main.c:288:13:MX_TIM3_Init	48	static
../Core/Src/main.c:337:13:MX_TIM4_Init	64	static
../Core/Src/main.c:396:13:MX_USART1_UART_Init	8	static
../Core/Src/main.c:429:13:MX_USART3_UART_Init	8	static
../Core/Src/main.c:462:13:MX_GPIO_Init	40	static
../Core/Src/main.c:502:6:BLE_Read_Task	24	static
../Core/Src/main.c:547:6:V2V_Task	32	static
../Core/Src/main.c:578:6:ACC_Task	16	static
../Core/Src/main.c:617:6:Action_Task	24	static
../Core/Src/main.c:677:6:Display_Task	16	static
../Core/Src/main.c:694:6:StartDefaultTask	16	static
../Core/Src/main.c:713:6:HAL_TIM_PeriodElapsedCallback	16	static
../Core/Src/main.c:730:6:Error_Handler	4	static,ignoring_inline_asm
